Component: ARM Compiler 5.06 update 5 (build 528) Tool: armlink [4d35e2]

==============================================================================

Section Cross References

    startup_stm32f10x_md.o(STACK) refers (Special) to heapauxi.o(.text) for __use_two_region_memory
    startup_stm32f10x_md.o(HEAP) refers (Special) to heapauxi.o(.text) for __use_two_region_memory
    startup_stm32f10x_md.o(RESET) refers (Special) to heapauxi.o(.text) for __use_two_region_memory
    startup_stm32f10x_md.o(RESET) refers to startup_stm32f10x_md.o(STACK) for __initial_sp
    startup_stm32f10x_md.o(RESET) refers to startup_stm32f10x_md.o(.text) for Reset_Handler
    startup_stm32f10x_md.o(RESET) refers to stm32f10x_it.o(i.NMI_Handler) for NMI_Handler
    startup_stm32f10x_md.o(RESET) refers to stm32f10x_it.o(i.HardFault_Handler) for HardFault_Handler
    startup_stm32f10x_md.o(RESET) refers to stm32f10x_it.o(i.MemManage_Handler) for MemManage_Handler
    startup_stm32f10x_md.o(RESET) refers to stm32f10x_it.o(i.BusFault_Handler) for BusFault_Handler
    startup_stm32f10x_md.o(RESET) refers to stm32f10x_it.o(i.UsageFault_Handler) for UsageFault_Handler
    startup_stm32f10x_md.o(RESET) refers to stm32f10x_it.o(i.SVC_Handler) for SVC_Handler
    startup_stm32f10x_md.o(RESET) refers to stm32f10x_it.o(i.DebugMon_Handler) for DebugMon_Handler
    startup_stm32f10x_md.o(RESET) refers to stm32f10x_it.o(i.PendSV_Handler) for PendSV_Handler
    startup_stm32f10x_md.o(RESET) refers to stm32f10x_it.o(i.SysTick_Handler) for SysTick_Handler
    startup_stm32f10x_md.o(RESET) refers to console_usart.o(i.USART1_IRQHandler) for USART1_IRQHandler
    startup_stm32f10x_md.o(.text) refers (Special) to heapauxi.o(.text) for __use_two_region_memory
    startup_stm32f10x_md.o(.text) refers to system_stm32f10x.o(i.SystemInit) for SystemInit
    startup_stm32f10x_md.o(.text) refers to __main.o(!!!main) for __main
    startup_stm32f10x_md.o(.text) refers to startup_stm32f10x_md.o(HEAP) for Heap_Mem
    startup_stm32f10x_md.o(.text) refers to startup_stm32f10x_md.o(STACK) for Stack_Mem
    system_stm32f10x.o(i.SetSysClock) refers to system_stm32f10x.o(i.SetSysClockTo72) for SetSysClockTo72
    system_stm32f10x.o(i.SystemCoreClockUpdate) refers to system_stm32f10x.o(.data) for SystemCoreClock
    system_stm32f10x.o(i.SystemInit) refers to system_stm32f10x.o(i.SetSysClock) for SetSysClock
    stm32f10x_adc.o(i.ADC_DeInit) refers to stm32f10x_rcc.o(i.RCC_APB2PeriphResetCmd) for RCC_APB2PeriphResetCmd
    stm32f10x_bkp.o(i.BKP_DeInit) refers to stm32f10x_rcc.o(i.RCC_BackupResetCmd) for RCC_BackupResetCmd
    stm32f10x_can.o(i.CAN_DeInit) refers to stm32f10x_rcc.o(i.RCC_APB1PeriphResetCmd) for RCC_APB1PeriphResetCmd
    stm32f10x_can.o(i.CAN_GetITStatus) refers to stm32f10x_can.o(i.CheckITStatus) for CheckITStatus
    stm32f10x_cec.o(i.CEC_DeInit) refers to stm32f10x_rcc.o(i.RCC_APB1PeriphResetCmd) for RCC_APB1PeriphResetCmd
    stm32f10x_dac.o(i.DAC_DeInit) refers to stm32f10x_rcc.o(i.RCC_APB1PeriphResetCmd) for RCC_APB1PeriphResetCmd
    stm32f10x_flash.o(i.FLASH_EnableWriteProtection) refers to stm32f10x_flash.o(i.FLASH_WaitForLastOperation) for FLASH_WaitForLastOperation
    stm32f10x_flash.o(i.FLASH_EraseAllBank1Pages) refers to stm32f10x_flash.o(i.FLASH_WaitForLastBank1Operation) for FLASH_WaitForLastBank1Operation
    stm32f10x_flash.o(i.FLASH_EraseAllPages) refers to stm32f10x_flash.o(i.FLASH_WaitForLastOperation) for FLASH_WaitForLastOperation
    stm32f10x_flash.o(i.FLASH_EraseOptionBytes) refers to stm32f10x_flash.o(i.FLASH_GetReadOutProtectionStatus) for FLASH_GetReadOutProtectionStatus
    stm32f10x_flash.o(i.FLASH_EraseOptionBytes) refers to stm32f10x_flash.o(i.FLASH_WaitForLastOperation) for FLASH_WaitForLastOperation
    stm32f10x_flash.o(i.FLASH_ErasePage) refers to stm32f10x_flash.o(i.FLASH_WaitForLastOperation) for FLASH_WaitForLastOperation
    stm32f10x_flash.o(i.FLASH_ProgramHalfWord) refers to stm32f10x_flash.o(i.FLASH_WaitForLastOperation) for FLASH_WaitForLastOperation
    stm32f10x_flash.o(i.FLASH_ProgramOptionByteData) refers to stm32f10x_flash.o(i.FLASH_WaitForLastOperation) for FLASH_WaitForLastOperation
    stm32f10x_flash.o(i.FLASH_ProgramWord) refers to stm32f10x_flash.o(i.FLASH_WaitForLastOperation) for FLASH_WaitForLastOperation
    stm32f10x_flash.o(i.FLASH_ReadOutProtection) refers to stm32f10x_flash.o(i.FLASH_WaitForLastOperation) for FLASH_WaitForLastOperation
    stm32f10x_flash.o(i.FLASH_UserOptionByteConfig) refers to stm32f10x_flash.o(i.FLASH_WaitForLastOperation) for FLASH_WaitForLastOperation
    stm32f10x_flash.o(i.FLASH_WaitForLastBank1Operation) refers to stm32f10x_flash.o(i.FLASH_GetBank1Status) for FLASH_GetBank1Status
    stm32f10x_flash.o(i.FLASH_WaitForLastOperation) refers to stm32f10x_flash.o(i.FLASH_GetBank1Status) for FLASH_GetBank1Status
    stm32f10x_gpio.o(i.GPIO_AFIODeInit) refers to stm32f10x_rcc.o(i.RCC_APB2PeriphResetCmd) for RCC_APB2PeriphResetCmd
[...]
    i.UsageFault_Handler                     0x080023a2   Section        0  stm32f10x_it.o(i.UsageFault_Handler)
    i.__ARM_fpclassify                       0x080023a6   Section        0  fpclassify.o(i.__ARM_fpclassify)
    i._is_digit                              0x080023ce   Section        0  __printf_wp.o(i._is_digit)
    i._shell_write                           0x080023dc   Section        0  main.o(i._shell_write)
    i.agencyshellRun                         0x080023f8   Section        0  shell_cmd_list.o(i.agencyshellRun)
    i.borad_init                             0x08002418   Section        0  console_usart.o(i.borad_init)
    i.cmd_add                                0x08002434   Section        0  add.o(i.cmd_add)
    i.cmd_helloworld                         0x080024b0   Section        0  helloworld.o(i.cmd_helloworld)
    i.main                                   0x08002540   Section        0  main.o(i.main)
    i.next_head                              0x080025ac   Section        0  ringbuffer8.o(i.next_head)
    next_head                                0x080025ad   Thumb Code    24  ringbuffer8.o(i.next_head)
    i.rb8_empty                              0x080025c4   Section        0  ringbuffer8.o(i.rb8_empty)
    i.rb8_full                               0x080025d6   Section        0  ringbuffer8.o(i.rb8_full)
    i.rb8_get                                0x080025ee   Section        0  ringbuffer8.o(i.rb8_get)
    i.rb8_new                                0x08002622   Section        0  ringbuffer8.o(i.rb8_new)
    i.rb8_put                                0x0800262e   Section        0  ringbuffer8.o(i.rb8_put)
    i.shellAdd                               0x08002658   Section        0  shell.o(i.shellAdd)
    shellAdd                                 0x08002659   Thumb Code    34  shell.o(i.shellAdd)
    i.shellBackspace                         0x08002680   Section        0  shell.o(i.shellBackspace)
    i.shellCheckPassword                     0x08002690   Section        0  shell.o(i.shellCheckPassword)
    shellCheckPassword                       0x08002691   Thumb Code    62  shell.o(i.shellCheckPassword)
    i.shellCheckPermission                   0x080026d4   Section        0  shell.o(i.shellCheckPermission)
    i.shellClear                             0x0800270c   Section        0  shell.o(i.shellClear)
    i.shellClearCommandLine                  0x08002728   Section        0  shell.o(i.shellClearCommandLine)
    i.shellCmds                              0x08002750   Section        0  shell.o(i.shellCmds)
    i.shellDelete                            0x08002762   Section        0  shell.o(i.shellDelete)
    i.shellDeleteByte                        0x08002772   Section        0  shell.o(i.shellDeleteByte)
    i.shellDeleteCommandLine                 0x0800284c   Section        0  shell.o(i.shellDeleteCommandLine)
    i.shellDown                              0x0800286c   Section        0  shell.o(i.shellDown)
    i.shellEnter                             0x0800287c   Section        0  shell.o(i.shellEnter)
    i.shellExec                              0x08002890   Section        0  shell.o(i.shellExec)
    i.shellExtNumType                        0x08002908   Section        0  shell_ext.o(i.shellExtNumType)
    shellExtNumType                          0x08002909   Thumb Code    88  shell_ext.o(i.shellExtNumType)
    i.shellExtParseChar                      0x08002960   Section        0  shell_ext.o(i.shellExtParseChar)
    shellExtParseChar                        0x08002961   Thumb Code    70  shell_ext.o(i.shellExtParseChar)
    i.shellExtParseNumber                    0x080029a6   Section        0  shell_ext.o(i.shellExtParseNumber)
    shellExtParseNumber                      0x080029a7   Thumb Code   232  shell_ext.o(i.shellExtParseNumber)
    i.shellExtParsePara                      0x08002a8e   Section        0  shell_ext.o(i.shellExtParsePara)
    i.shellExtParseString                    0x08002ae4   Section        0  shell_ext.o(i.shellExtParseString)
    shellExtParseString                      0x08002ae5   Thumb Code    74  shell_ext.o(i.shellExtParseString)
    i.shellExtParseVar                       0x08002b2e   Section        0  shell_ext.o(i.shellExtParseVar)
    shellExtParseVar                         0x08002b2f   Thumb Code    36  shell_ext.o(i.shellExtParseVar)
    i.shellExtRun                            0x08002b52   Section        0  shell_ext.o(i.shellExtRun)
    i.shellExtToNum                          0x08002ed0   Section        0  shell_ext.o(i.shellExtToNum)
    shellExtToNum                            0x08002ed1   Thumb Code    54  shell_ext.o(i.shellExtToNum)
    i.shellGetCommandDesc                    0x08002f06   Section        0  shell.o(i.shellGetCommandDesc)
    shellGetCommandDesc                      0x08002f07   Thumb Code    48  shell.o(i.shellGetCommandDesc)
    i.shellGetCommandName                    0x08002f38   Section        0  shell.o(i.shellGetCommandName)
    shellGetCommandName                      0x08002f39   Thumb Code    76  shell.o(i.shellGetCommandName)
    i.shellGetCurrent                        0x08002f88   Section        0  shell.o(i.shellGetCurrent)
    i.shellGetVarValue                       0x08002fbc   Section        0  shell.o(i.shellGetVarValue)
    i.shellHandler                           0x08003010   Section        0  shell.o(i.shellHandler)
    i.shellHelp                              0x08003100   Section        0  shell.o(i.shellHelp)
    i.shellHistory                           0x0800312c   Section        0  shell.o(i.shellHistory)
    shellHistory                             0x0800312d   Thumb Code   194  shell.o(i.shellHistory)
    i.shellHistoryAdd                        0x080031ee   Section        0  shell.o(i.shellHistoryAdd)
    shellHistoryAdd                          0x080031ef   Thumb Code   122  shell.o(i.shellHistoryAdd)
    i.shellInit                              0x08003268   Section        0  shell.o(i.shellInit)
    i.shellInsertByte                        0x08003300   Section        0  shell.o(i.shellInsertByte)
    i.shellKeys                              0x080033dc   Section        0  shell.o(i.shellKeys)
    i.shellLeft                              0x080033ee   Section        0  shell.o(i.shellLeft)
    i.shellListAll                           0x08003408   Section        0  shell.o(i.shellListAll)
    i.shellListCommand                       0x08003414   Section        0  shell.o(i.shellListCommand)
    i.shellListItem                          0x08003460   Section        0  shell.o(i.shellListItem)
    i.shellListKey                           0x08003530   Section        0  shell.o(i.shellListKey)
    i.shellListUser                          0x08003588   Section        0  shell.o(i.shellListUser)
    i.shellListVar                           0x080035e0   Section        0  shell.o(i.shellListVar)
    i.shellNormalInput                       0x08003638   Section        0  shell.o(i.shellNormalInput)
    i.shellParserParam                       0x08003654   Section        0  shell.o(i.shellParserParam)
    shellParserParam                         0x08003655   Thumb Code   150  shell.o(i.shellParserParam)
    i.shellPrint                             0x080036ea   Section        0  shell.o(i.shellPrint)
    i.shellRemoveParamQuotes                 0x0800371c   Section        0  shell.o(i.shellRemoveParamQuotes)
    shellRemoveParamQuotes                   0x0800371d   Thumb Code   106  shell.o(i.shellRemoveParamQuotes)
    i.shellRight                             0x08003786   Section        0  shell.o(i.shellRight)
    i.shellRun                               0x080037a4   Section        0  shell.o(i.shellRun)
    i.shellRunCommand                        0x08003800   Section        0  shell.o(i.shellRunCommand)
    i.shellSeekCommand                       0x080038b2   Section        0  shell.o(i.shellSeekCommand)
    i.shellSetUser                           0x0800392c   Section        0  shell.o(i.shellSetUser)
    shellSetUser                             0x0800392d   Thumb Code    76  shell.o(i.shellSetUser)
    i.shellSetVar                            0x0800397c   Section        0  shell.o(i.shellSetVar)
    i.shellSetVarValue                       0x080039ec   Section        0  shell.o(i.shellSetVarValue)
    i.shellShowVar                           0x08003a7c   Section        0  shell.o(i.shellShowVar)
    shellShowVar                             0x08003a7d   Thumb Code   158  shell.o(i.shellShowVar)
    i.shellStringCompare                     0x08003b3c   Section        0  shell.o(i.shellStringCompare)
    shellStringCompare                       0x08003b3d   Thumb Code    44  shell.o(i.shellStringCompare)
    i.shellStringCopy                        0x08003b68   Section        0  shell.o(i.shellStringCopy)
    shellStringCopy                          0x08003b69   Thumb Code    24  shell.o(i.shellStringCopy)
    i.shellTab                               0x08003b80   Section        0  shell.o(i.shellTab)
    i.shellToDec                             0x08003c90   Section        0  shell.o(i.shellToDec)
    i.shellToHex                             0x08003ce6   Section        0  shell.o(i.shellToHex)
    i.shellUp                                0x08003d1e   Section        0  shell.o(i.shellUp)
    i.shellUsers                             0x08003d2c   Section        0  shell.o(i.shellUsers)
    i.shellVars                              0x08003d3e   Section        0  shell.o(i.shellVars)
    i.shellWriteByte                         0x08003d50   Section        0  shell.o(i.shellWriteByte)
    shellWriteByte                           0x08003d51   Thumb Code    16  shell.o(i.shellWriteByte)
    i.shellWriteCommandDesc                  0x08003d60   Section        0  shell.o(i.shellWriteCommandDesc)
    shellWriteCommandDesc                    0x08003d61   Thumb Code    96  shell.o(i.shellWriteCommandDesc)
    i.shellWriteCommandHelp                  0x08003dc4   Section        0  shell.o(i.shellWriteCommandHelp)
    shellWriteCommandHelp                    0x08003dc5   Thumb Code    98  shell.o(i.shellWriteCommandHelp)
    i.shellWritePrompt                       0x08003e30   Section        0  shell.o(i.shellWritePrompt)
    shellWritePrompt                         0x08003e31   Thumb Code    84  shell.o(i.shellWritePrompt)
    i.shellWriteReturnValue                  0x08003e98   Section        0  shell.o(i.shellWriteReturnValue)
    shellWriteReturnValue                    0x08003e99   Thumb Code   104  shell.o(i.shellWriteReturnValue)
    i.shellWriteString                       0x08003f24   Section        0  shell.o(i.shellWriteString)
    i.usart_callback_register                0x08003f58   Section        0  console_usart.o(i.usart_callback_register)
    i.usart_init                             0x08003f64   Section        0  console_usart.o(i.usart_init)
    i.usart_irq_init                         0x08003f74   Section        0  console_usart.o(i.usart_irq_init)
    i.usart_lowlevel_init                    0x08003fa4   Section        0  console_usart.o(i.usart_lowlevel_init)
    i.usart_pin_init                         0x08003fe4   Section        0  console_usart.o(i.usart_pin_init)
    i.usart_rx_handler                       0x08004024   Section        0  main.o(i.usart_rx_handler)
    usart_rx_handler                         0x08004025   Thumb Code    26  main.o(i.usart_rx_handler)
    i.usart_send_byte                        0x08004044   Section        0  console_usart.o(i.usart_send_byte)
    locale$$code                             0x08004064   Section       44  lc_ctype_c.o(locale$$code)
    locale$$code                             0x08004090   Section       44  lc_numeric_c.o(locale$$code)
    x$fpl$fdiv                               0x080040bc   Section      388  fdiv.o(x$fpl$fdiv)
    _fdiv1                                   0x080040bd   Thumb Code     0  fdiv.o(x$fpl$fdiv)
    x$fpl$fflt                               0x08004240   Section       48  fflt_clz.o(x$fpl$fflt)
    x$fpl$ffltu                              0x08004270   Section       38  fflt_clz.o(x$fpl$ffltu)
    x$fpl$fmul                               0x08004298   Section      258  fmul.o(x$fpl$fmul)
    x$fpl$fnaninf                            0x0800439a   Section      140  fnaninf.o(x$fpl$fnaninf)
    x$fpl$fretinf                            0x08004426   Section       10  fretinf.o(x$fpl$fretinf)
    x$fpl$printf1                            0x08004430   Section        4  printf1.o(x$fpl$printf1)
    x$fpl$printf2                            0x08004434   Section        4  printf2.o(x$fpl$printf2)
    .constdata                               0x08004438   Section      338  shell_cmd_list.o(.constdata)
    x$fpl$usenofp                            0x08004438   Section        0  usenofp.o(x$fpl$usenofp)
    .constdata                               0x0800458c   Section        8  _printf_wctomb.o(.constdata)
    initial_mbstate                          0x0800458c   Data           8  _printf_wctomb.o(.constdata)
    .constdata                               0x08004594   Section       40  _printf_hex_int_ll_ptr.o(.constdata)
    uc_hextab                                0x08004594   Data          20  _printf_hex_int_ll_ptr.o(.constdata)
    lc_hextab                                0x080045a8   Data          20  _printf_hex_int_ll_ptr.o(.constdata)
    .constdata                               0x080045bc   Section       17  __printf_flags_ss_wp.o(.constdata)
    maptable                                 0x080045bc   Data          17  __printf_flags_ss_wp.o(.constdata)
    .constdata                               0x080045cd   Section       38  _printf_fp_hex.o(.constdata)
    lc_hextab                                0x080045cd   Data          19  _printf_fp_hex.o(.constdata)
    uc_hextab                                0x080045e0   Data          19  _printf_fp_hex.o(.constdata)
    .constdata                               0x080045f4   Section      148  bigflt0.o(.constdata)
    tenpwrs_x                                0x080045f4   Data          60  bigflt0.o(.constdata)
    tenpwrs_i                                0x08004630   Data          64  bigflt0.o(.constdata)
    .conststring                             0x08004688   Section      677  shell.o(.conststring)
    .conststring                             0x08004930   Section      345  shell_cmd_list.o(.conststring)
    locale$$data                             0x08004aac   Section      272  lc_ctype_c.o(locale$$data)
    __lcctype_c_name                         0x08004ab0   Data           2  lc_ctype_c.o(locale$$data)
    __lcctype_c_start                        0x08004ab8   Data           0  lc_ctype_c.o(locale$$data)
    locale$$data                             0x08004bbc   Section       28  lc_numeric_c.o(locale$$data)
    __lcctype_c_end                          0x08004bbc   Data           0  lc_ctype_c.o(locale$$data)
    __lcnum_c_name                           0x08004bc0   Data           2  lc_numeric_c.o(locale$$data)
    __lcnum_c_start                          0x08004bc8   Data           0  lc_numeric_c.o(locale$$data)
    __lcnum_c_point                          0x08004bd4   Data           0  lc_numeric_c.o(locale$$data)
    __lcnum_c_thousands                      0x08004bd6   Data           0  lc_numeric_c.o(locale$$data)
    __lcnum_c_grouping                       0x08004bd7   Data           0  lc_numeric_c.o(locale$$data)
    __lcnum_c_end                            0x08004bd8   Data           0  lc_numeric_c.o(locale$$data)
    .data                                    0x20000000   Section       20  stm32f10x_rcc.o(.data)
    APBAHBPrescTable                         0x20000000   Data          16  stm32f10x_rcc.o(.data)
    ADCPrescTable                            0x20000010   Data           4  stm32f10x_rcc.o(.data)
    .data                                    0x20000014   Section        4  console_usart.o(.data)
    rx_callback                              0x20000014   Data           4  console_usart.o(.data)
    .data                                    0x20000018   Section        4  main.o(.data)
    rxrb                                     0x20000018   Data           4  main.o(.data)
    .data                                    0x2000001c   Section       84  shell.o(.data)
    shellText                                0x2000001c   Data          84  shell.o(.data)
    .bss                                     0x20000070   Section      780  main.o(.bss)
    rx_buff                                  0x20000070   Data         128  main.o(.bss)
    shell                                    0x200000f0   Data         140  main.o(.bss)
    .bss                                     0x2000037c   Section       21  shell.o(.bss)
    shellList                                0x2000037c   Data          12  shell.o(.bss)
    buffer                                   0x20000388   Data           9  shell.o(.bss)
    .bss                                     0x20000394   Section       96  libspace.o(.bss)
    HEAP                                     0x200003f8   Section      512  startup_stm32f10x_md.o(HEAP)
    Heap_Mem                                 0x200003f8   Data         512  startup_stm32f10x_md.o(HEAP)
    STACK                                    0x200005f8   Section     1024  startup_stm32f10x_md.o(STACK)
    Stack_Mem                                0x200005f8   Data        1024  startup_stm32f10x_md.o(STACK)
    __initial_sp                             0x200009f8   Data           0  startup_stm32f10x_md.o(STACK)

    Global Symbols

    Symbol Name                              Value     Ov Type        Size  Object(Section)

    BuildAttributes$$THM_ISAv4$P$D$K$B$S$PE$A:L22UL41UL21$X:L11$S22US41US21$IEEE1$IW$USESV6$~STKCKD$USESV7$~SHL$OTIME$ROPI$IEEEJ$EBA8$UX$STANDARDLIB$REQ8$PRES8$EABIv2 0x00000000   Number         0  anon$$obj.o ABSOLUTE
    __ARM_use_no_argv                        0x00000000   Number         0  main.o ABSOLUTE
    _printf_flags                            0x00000000   Number         0  printf_stubs.o ABSOLUTE
    _printf_return_value                     0x00000000   Number         0  printf_stubs.o ABSOLUTE
    _printf_sizespec                         0x00000000   Number         0  printf_stubs.o ABSOLUTE
    _printf_widthprec                        0x00000000   Number         0  printf_stubs.o ABSOLUTE
    __ARM_exceptions_init                     - Undefined Weak Reference
    __alloca_initialize                       - Undefined Weak Reference
    __arm_preinit_                            - Undefined Weak Reference
    __cpp_initialize__aeabi_                  - Undefined Weak Reference
    __cxa_finalize                            - Undefined Weak Reference
    __sigvec_lookup                           - Undefined Weak Reference
    _atexit_init                              - Undefined Weak Reference
    _call_atexit_fns                          - Undefined Weak Reference
    _clock_init                               - Undefined Weak Reference
    _fp_trap_init                             - Undefined Weak Reference
    _fp_trap_shutdown                         - Undefined Weak Reference
    _get_lc_collate                           - Undefined Weak Reference
    _get_lc_monetary                          - Undefined Weak Reference
    _get_lc_time                              - Undefined Weak Reference
    _getenv_init                              - Undefined Weak Reference
    _handle_redirection                       - Undefined Weak Reference
    _init_alloc                               - Undefined Weak Reference
    _init_user_alloc                          - Undefined Weak Reference
    _initio                                   - Undefined Weak Reference
    _printf_mbtowc                            - Undefined Weak Reference
    _printf_wc                                - Undefined Weak Reference
    _rand_init                                - Undefined Weak Reference
    _signal_finish                            - Undefined Weak Reference
    _signal_init                              - Undefined Weak Reference
    _terminate_alloc                          - Undefined Weak Reference
    _terminate_user_alloc                     - Undefined Weak Reference
    _terminateio                              - Undefined Weak Reference
    __Vectors_Size                           0x000000ec   Number         0  startup_stm32f10x_md.o ABSOLUTE
    __Vectors                                0x08000000   Data           4  startup_stm32f10x_md.o(RESET)
    __Vectors_End                            0x080000ec   Data           0  startup_stm32f10x_md.o(RESET)
    __main                                   0x080000ed   Thumb Code     8  __main.o(!!!main)
    __scatterload                            0x080000f5   Thumb Code     0  __scatter.o(!!!scatter)
    __scatterload_rt2                        0x080000f5   Thumb Code    44  __scatter.o(!!!scatter)
    __scatterload_rt2_thumb_only             0x080000f5   Thumb Code     0  __scatter.o(!!!scatter)
    __scatterload_null                       0x08000103   Thumb Code     0  __scatter.o(!!!scatter)
    __scatterload_copy                       0x08000129   Thumb Code    26  __scatter_copy.o(!!handler_copy)
    __scatterload_zeroinit                   0x08000145   Thumb Code    28  __scatter_zi.o(!!handler_zi)
    _printf_n                                0x08000161   Thumb Code     0  _printf_n.o(.ARM.Collect$$_printf_percent$$00000001)
    _printf_percent                          0x08000161   Thumb Code     0  _printf_percent.o(.ARM.Collect$$_printf_percent$$00000000)
    _printf_p                                0x08000167   Thumb Code     0  _printf_p.o(.ARM.Collect$$_printf_percent$$00000002)
    _printf_f                                0x0800016d   Thumb Code     0  _printf_f.o(.ARM.Collect$$_printf_percent$$00000003)
    _printf_e                                0x08000173   Thumb Code     0  _printf_e.o(.ARM.Collect$$_printf_percent$$00000004)
    _printf_g                                0x08000179   Thumb Code     0  _printf_g.o(.ARM.Collect$$_printf_percent$$00000005)
    _printf_a                                0x0800017f   Thumb Code     0  _printf_a.o(.ARM.Collect$$_printf_percent$$00000006)
    _printf_ll                               0x08000185   Thumb Code     0  _printf_ll.o(.ARM.Collect$$_printf_percent$$00000007)
    _printf_i                                0x0800018f   Thumb Code     0  _printf_i.o(.ARM.Collect$$_printf_percent$$00000008)
    _printf_d                                0x08000195   Thumb Code     0  _printf_d.o(.ARM.Collect$$_printf_percent$$00000009)
    _printf_u                                0x0800019b   Thumb Code     0  _printf_u.o(.ARM.Collect$$_printf_percent$$0000000A)
    _printf_o                                0x080001a1   Thumb Code     0  _printf_o.o(.ARM.Collect$$_printf_percent$$0000000B)
    _printf_x                                0x080001a7   Thumb Code     0  _printf_x.o(.ARM.Collect$$_printf_percent$$0000000C)
    _printf_lli                              0x080001ad   Thumb Code     0  _printf_lli.o(.ARM.Collect$$_printf_percent$$0000000D)
    _printf_lld                              0x080001b3   Thumb Code     0  _printf_lld.o(.ARM.Collect$$_printf_percent$$0000000E)
    _printf_llu                              0x080001b9   Thumb Code     0  _printf_llu.o(.ARM.Collect$$_printf_percent$$0000000F)
    _printf_llo                              0x080001bf   Thumb Code     0  _printf_llo.o(.ARM.Collect$$_printf_percent$$00000010)
    _printf_llx                              0x080001c5   Thumb Code     0  _printf_llx.o(.ARM.Collect$$_printf_percent$$00000011)
    _printf_l                                0x080001cb   Thumb Code     0  _printf_l.o(.ARM.Collect$$_printf_percent$$00000012)
    _printf_c                                0x080001d5   Thumb Code     0  _printf_c.o(.ARM.Collect$$_printf_percent$$00000013)
    _printf_s                                0x080001db   Thumb Code     0  _printf_s.o(.ARM.Collect$$_printf_percent$$00000014)
    _printf_lc                               0x080001e1   Thumb Code     0  _printf_lc.o(.ARM.Collect$$_printf_percent$$00000015)
    _printf_ls                               0x080001e7   Thumb Code     0  _printf_ls.o(.ARM.Collect$$_printf_percent$$00000016)
    _printf_percent_end                      0x080001ed   Thumb Code     0  _printf_percent_end.o(.ARM.Collect$$_printf_percent$$00000017)
    __rt_lib_init                            0x080001f1   Thumb Code     0  libinit.o(.ARM.Collect$$libinit$$00000000)
    __rt_lib_init_fp_1                       0x080001f3   Thumb Code     0  libinit2.o(.ARM.Collect$$libinit$$00000002)
    __rt_lib_init_heap_1                     0x080001f3   Thumb Code     0  libinit2.o(.ARM.Collect$$libinit$$0000000A)
    __rt_lib_init_lc_common                  0x080001f3   Thumb Code     0  libinit2.o(.ARM.Collect$$libinit$$0000000F)
    __rt_lib_init_preinit_1                  0x080001f3   Thumb Code     0  libinit2.o(.ARM.Collect$$libinit$$00000004)
    __rt_lib_init_rand_1                     0x080001f3   Thumb Code     0  libinit2.o(.ARM.Collect$$libinit$$0000000E)
    __rt_lib_init_user_alloc_1               0x080001f3   Thumb Code     0  libinit2.o(.ARM.Collect$$libinit$$0000000C)
    __rt_lib_init_lc_collate_1               0x080001f9   Thumb Code     0  libinit2.o(.ARM.Collect$$libinit$$00000011)
    __rt_lib_init_lc_ctype_2                 0x080001f9   Thumb Code     0  libinit2.o(.ARM.Collect$$libinit$$00000012)
    __rt_lib_init_lc_ctype_1                 0x08000205   Thumb Code     0  libinit2.o(.ARM.Collect$$libinit$$00000013)
    __rt_lib_init_lc_monetary_1              0x08000205   Thumb Code     0  libinit2.o(.ARM.Collect$$libinit$$00000015)
    __rt_lib_init_lc_numeric_2               0x08000205   Thumb Code     0  libinit2.o(.ARM.Collect$$libinit$$00000016)
    __rt_lib_init_alloca_1                   0x0800020f   Thumb Code     0  libinit2.o(.ARM.Collect$$libinit$$0000002E)
    __rt_lib_init_argv_1                     0x0800020f   Thumb Code     0  libinit2.o(.ARM.Collect$$libinit$$0000002C)
    __rt_lib_init_atexit_1                   0x0800020f   Thumb Code     0  libinit2.o(.ARM.Collect$$libinit$$0000001B)
    __rt_lib_init_clock_1                    0x0800020f   Thumb Code     0  libinit2.o(.ARM.Collect$$libinit$$00000021)
    __rt_lib_init_cpp_1                      0x0800020f   Thumb Code     0  libinit2.o(.ARM.Collect$$libinit$$00000032)
    __rt_lib_init_exceptions_1               0x0800020f   Thumb Code     0  libinit2.o(.ARM.Collect$$libinit$$00000030)
    __rt_lib_init_fp_trap_1                  0x0800020f   Thumb Code     0  libinit2.o(.ARM.Collect$$libinit$$0000001F)
    __rt_lib_init_getenv_1                   0x0800020f   Thumb Code     0  libinit2.o(.ARM.Collect$$libinit$$00000023)
    __rt_lib_init_lc_numeric_1               0x0800020f   Thumb Code     0  libinit2.o(.ARM.Collect$$libinit$$00000017)
    __rt_lib_init_lc_time_1                  0x0800020f   Thumb Code     0  libinit2.o(.ARM.Collect$$libinit$$00000019)
    __rt_lib_init_return                     0x0800020f   Thumb Code     0  libinit2.o(.ARM.Collect$$libinit$$00000033)
    __rt_lib_init_signal_1                   0x0800020f   Thumb Code     0  libinit2.o(.ARM.Collect$$libinit$$0000001D)
    __rt_lib_init_stdio_1                    0x0800020f   Thumb Code     0  libinit2.o(.ARM.Collect$$libinit$$00000025)
    __rt_lib_shutdown                        0x08000211   Thumb Code     0  libshutdown.o(.ARM.Collect$$libshutdown$$00000000)
    __rt_lib_shutdown_cpp_1                  0x08000213   Thumb Code     0  libshutdown2.o(.ARM.Collect$$libshutdown$$00000002)
    __rt_lib_shutdown_fp_trap_1              0x08000213   Thumb Code     0  libshutdown2.o(.ARM.Collect$$libshutdown$$00000007)
    __rt_lib_shutdown_heap_1                 0x08000213   Thumb Code     0  libshutdown2.o(.ARM.Collect$$libshutdown$$0000000F)
    __rt_lib_shutdown_return                 0x08000213   Thumb Code     0  libshutdown2.o(.ARM.Collect$$libshutdown$$00000010)
    __rt_lib_shutdown_signal_1               0x08000213   Thumb Code     0  libshutdown2.o(.ARM.Collect$$libshutdown$$0000000A)
    __rt_lib_shutdown_stdio_1                0x08000213   Thumb Code     0  libshutdown2.o(.ARM.Collect$$libshutdown$$00000004)
    __rt_lib_shutdown_user_alloc_1           0x08000213   Thumb Code     0  libshutdown2.o(.ARM.Collect$$libshutdown$$0000000C)
    __rt_entry                               0x08000215   Thumb Code     0  __rtentry.o(.ARM.Collect$$rtentry$$00000000)
    __rt_entry_presh_1                       0x08000215   Thumb Code     0  __rtentry2.o(.ARM.Collect$$rtentry$$00000002)
    __rt_entry_sh                            0x08000215   Thumb Code     0  __rtentry4.o(.ARM.Collect$$rtentry$$00000004)
    __rt_entry_li                            0x0800021b   Thumb Code     0  __rtentry2.o(.ARM.Collect$$rtentry$$0000000A)
    __rt_entry_postsh_1                      0x0800021b   Thumb Code     0  __rtentry2.o(.ARM.Collect$$rtentry$$00000009)
    __rt_entry_main                          0x0800021f   Thumb Code     0  __rtentry2.o(.ARM.Collect$$rtentry$$0000000D)
    __rt_entry_postli_1                      0x0800021f   Thumb Code     0  __rtentry2.o(.ARM.Collect$$rtentry$$0000000C)
    __rt_exit                                0x08000227   Thumb Code     0  rtexit.o(.ARM.Collect$$rtexit$$00000000)
    __rt_exit_ls                             0x08000229   Thumb Code     0  rtexit2.o(.ARM.Collect$$rtexit$$00000003)
    __rt_exit_prels_1                        0x08000229   Thumb Code     0  rtexit2.o(.ARM.Collect$$rtexit$$00000002)
    __rt_exit_exit                           0x0800022d   Thumb Code     0  rtexit2.o(.ARM.Collect$$rtexit$$00000004)
    Reset_Handler                            0x08000235   Thumb Code     8  startup_stm32f10x_md.o(.text)
    ADC1_2_IRQHandler                        0x0800024f   Thumb Code     0  startup_stm32f10x_md.o(.text)
    CAN1_RX1_IRQHandler                      0x0800024f   Thumb Code     0  startup_stm32f10x_md.o(.text)
    CAN1_SCE_IRQHandler                      0x0800024f   Thumb Code     0  startup_stm32f10x_md.o(.text)
    DMA1_Channel1_IRQHandler                 0x0800024f   Thumb Code     0  startup_stm32f10x_md.o(.text)
    DMA1_Channel2_IRQHandler                 0x0800024f   Thumb Code     0  startup_stm32f10x_md.o(.text)
    DMA1_Channel3_IRQHandler                 0x0800024f   Thumb Code     0  startup_stm32f10x_md.o(.text)
    DMA1_Channel4_IRQHandler                 0x0800024f   Thumb Code     0  startup_stm32f10x_md.o(.text)
    DMA1_Channel5_IRQHandler                 0x0800024f   Thumb Code     0  startup_stm32f10x_md.o(.text)
    DMA1_Channel6_IRQHandler                 0x0800024f   Thumb Code     0  startup_stm32f10x_md.o(.text)
    DMA1_Channel7_IRQHandler                 0x0800024f   Thumb Code     0  startup_stm32f10x_md.o(.text)
    EXTI0_IRQHandler                         0x0800024f   Thumb Code     0  startup_stm32f10x_md.o(.text)
    EXTI15_10_IRQHandler                     0x0800024f   Thumb Code     0  startup_stm32f10x_md.o(.text)
    EXTI1_IRQHandler                         0x0800024f   Thumb Code     0  startup_stm32f10x_md.o(.text)
    EXTI2_IRQHandler                         0x0800024f   Thumb Code     0  startup_stm32f10x_md.o(.text)
    EXTI3_IRQHandler                         0x0800024f   Thumb Code     0  startup_stm32f10x_md.o(.text)
    EXTI4_IRQHandler                         0x0800024f   Thumb Code     0  startup_stm32f10x_md.o(.text)
    EXTI9_5_IRQHandler                       0x0800024f   Thumb Code     0  startup_stm32f10x_md.o(.text)
    FLASH_IRQHandler                         0x0800024f   Thumb Code     0  startup_stm32f10x_md.o(.text)
    I2C1_ER_IRQHandler                       0x0800024f   Thumb Code     0  startup_stm32f10x_md.o(.text)
    I2C1_EV_IRQHandler                       0x0800024f   Thumb Code     0  startup_stm32f10x_md.o(.text)
    I2C2_ER_IRQHandler                       0x0800024f   Thumb Code     0  startup_stm32f10x_md.o(.text)
    I2C2_EV_IRQHandler                       0x0800024f   Thumb Code     0  startup_stm32f10x_md.o(.text)
    PVD_IRQHandler                           0x0800024f   Thumb Code     0  startup_stm32f10x_md.o(.text)
    RCC_IRQHandler                           0x0800024f   Thumb Code     0  startup_stm32f10x_md.o(.text)
    RTCAlarm_IRQHandler                      0x0800024f   Thumb Code     0  startup_stm32f10x_md.o(.text)
    RTC_IRQHandler                           0x0800024f   Thumb Code     0  startup_stm32f10x_md.o(.text)
    SPI1_IRQHandler                          0x0800024f   Thumb Code     0  startup_stm32f10x_md.o(.text)
    SPI2_IRQHandler                          0x0800024f   Thumb Code     0  startup_stm32f10x_md.o(.text)
    TAMPER_IRQHandler                        0x0800024f   Thumb Code     0  startup_stm32f10x_md.o(.text)
    TIM1_BRK_IRQHandler                      0x0800024f   Thumb Code     0  startup_stm32f10x_md.o(.text)
    TIM1_CC_IRQHandler                       0x0800024f   Thumb Code     0  startup_stm32f10x_md.o(.text)
    TIM1_TRG_COM_IRQHandler                  0x0800024f   Thumb Code     0  startup_stm32f10x_md.o(.text)
    TIM1_UP_IRQHandler                       0x0800024f   Thumb Code     0  startup_stm32f10x_md.o(.text)
    TIM2_IRQHandler                          0x0800024f   Thumb Code     0  startup_stm32f10x_md.o(.text)
    TIM3_IRQHandler                          0x0800024f   Thumb Code     0  startup_stm32f10x_md.o(.text)
    TIM4_IRQHandler                          0x0800024f   Thumb Code     0  startup_stm32f10x_md.o(.text)
    USART2_IRQHandler                        0x0800024f   Thumb Code     0  startup_stm32f10x_md.o(.text)
    USART3_IRQHandler                        0x0800024f   Thumb Code     0  startup_stm32f10x_md.o(.text)
    USBWakeUp_IRQHandler                     0x0800024f   Thumb Code     0  startup_stm32f10x_md.o(.text)
    USB_HP_CAN1_TX_IRQHandler                0x0800024f   Thumb Code     0  startup_stm32f10x_md.o(.text)
    USB_LP_CAN1_RX0_IRQHandler               0x0800024f   Thumb Code     0  startup_stm32f10x_md.o(.text)
    WWDG_IRQHandler                          0x0800024f   Thumb Code     0  startup_stm32f10x_md.o(.text)
    __user_initial_stackheap                 0x08000251   Thumb Code     0  startup_stm32f10x_md.o(.text)
    vsnprintf                                0x08000275   Thumb Code    48  vsnprintf.o(.text)
    atoi                                     0x080002a9   Thumb Code    26  atoi.o(.text)
    strlen                                   0x080002c3   Thumb Code    62  strlen.o(.text)
    strncmp                                  0x08000301   Thumb Code   150  strncmp.o(.text)
    __aeabi_memclr4                          0x08000397   Thumb Code     0  rt_memclr_w.o(.text)
    __aeabi_memclr8                          0x08000397   Thumb Code     0  rt_memclr_w.o(.text)
    __rt_memclr_w                            0x08000397   Thumb Code    78  rt_memclr_w.o(.text)
    _memset_w                                0x0800039b   Thumb Code     0  rt_memclr_w.o(.text)
    strcmp                                   0x080003e5   Thumb Code   128  strcmpv7m.o(.text)
    __use_two_region_memory                  0x08000465   Thumb Code     2  heapauxi.o(.text)
    __rt_heap_escrow$2region                 0x08000467   Thumb Code     2  heapauxi.o(.text)
    __rt_heap_expand$2region                 0x08000469   Thumb Code     2  heapauxi.o(.text)
    __aeabi_errno_addr                       0x0800046d   Thumb Code     8  rt_errno_addr_intlibspace.o(.text)
    __errno$intlibspace                      0x0800046d   Thumb Code     0  rt_errno_addr_intlibspace.o(.text)
    __rt_errno_addr$intlibspace              0x0800046d   Thumb Code     0  rt_errno_addr_intlibspace.o(.text)
    _printf_pre_padding                      0x08000475   Thumb Code    44  _printf_pad.o(.text)
    _printf_post_padding                     0x080004a1   Thumb Code    34  _printf_pad.o(.text)
    _printf_truncate_signed                  0x080004c3   Thumb Code    18  _printf_truncate.o(.text)
    _printf_truncate_unsigned                0x080004d5   Thumb Code    18  _printf_truncate.o(.text)
    _printf_str                              0x080004e7   Thumb Code    82  _printf_str.o(.text)
    _printf_int_dec                          0x08000539   Thumb Code   104  _printf_dec.o(.text)
    _printf_charcount                        0x080005b1   Thumb Code    40  _printf_charcount.o(.text)
    _printf_char_common                      0x080005e3   Thumb Code    32  _printf_char_common.o(.text)
    _sputc                                   0x08000609   Thumb Code    10  _sputc.o(.text)
    _snputc                                  0x08000613   Thumb Code    16  _snputc.o(.text)
    _printf_wctomb                           0x08000625   Thumb Code   182  _printf_wctomb.o(.text)
    _printf_longlong_dec                     0x080006e1   Thumb Code   108  _printf_longlong_dec.o(.text)
    _printf_longlong_oct                     0x0800075d   Thumb Code    66  _printf_oct_int_ll.o(.text)
    _printf_int_oct                          0x0800079f   Thumb Code    24  _printf_oct_int_ll.o(.text)
    _printf_ll_oct                           0x080007b7   Thumb Code    12  _printf_oct_int_ll.o(.text)
    _printf_longlong_hex                     0x080007cd   Thumb Code    86  _printf_hex_int_ll_ptr.o(.text)
    _printf_int_hex                          0x08000823   Thumb Code    28  _printf_hex_int_ll_ptr.o(.text)
    _printf_ll_hex                           0x0800083f   Thumb Code    12  _printf_hex_int_ll_ptr.o(.text)
    _printf_hex_ptr                          0x0800084b   Thumb Code    18  _printf_hex_int_ll_ptr.o(.text)
    __printf                                 0x08000861   Thumb Code   388  __printf_flags_ss_wp.o(.text)
    strtol                                   0x080009e9   Thumb Code   112  strtol.o(.text)
    __user_libspace                          0x08000a59   Thumb Code     8  libspace.o(.text)
    __user_perproc_libspace                  0x08000a59   Thumb Code     0  libspace.o(.text)
    __user_perthread_libspace                0x08000a59   Thumb Code     0  libspace.o(.text)
    __rt_ctype_table                         0x08000a61   Thumb Code    16  rt_ctype_table.o(.text)
    _ll_udiv10                               0x08000a71   Thumb Code   138  lludiv10.o(.text)
    _printf_int_common                       0x08000afb   Thumb Code   178  _printf_intcommon.o(.text)
    __lib_sel_fp_printf                      0x08000bad   Thumb Code     2  _printf_fp_dec.o(.text)
    _printf_fp_dec_real                      0x08000d5f   Thumb Code   620  _printf_fp_dec.o(.text)
    _printf_fp_hex_real                      0x08000fcd   Thumb Code   756  _printf_fp_hex.o(.text)
    _printf_cs_common                        0x080012c9   Thumb Code    20  _printf_char.o(.text)
    _printf_char                             0x080012dd   Thumb Code    16  _printf_char.o(.text)
    _printf_string                           0x080012ed   Thumb Code     8  _printf_char.o(.text)
    _printf_lcs_common                       0x080012f5   Thumb Code    20  _printf_wchar.o(.text)
    _printf_wchar                            0x08001309   Thumb Code    16  _printf_wchar.o(.text)
    _printf_wstring                          0x08001319   Thumb Code     8  _printf_wchar.o(.text)
    _strtoul                                 0x08001321   Thumb Code   158  _strtoul.o(.text)
    _wcrtomb                                 0x080013bf   Thumb Code    64  _wcrtomb.o(.text)
    __user_setup_stackheap                   0x080013ff   Thumb Code    74  sys_stackheap_outer.o(.text)
    __rt_locale                              0x08001449   Thumb Code     8  rt_locale_intlibspace.o(.text)
    _printf_fp_infnan                        0x08001451   Thumb Code   112  _printf_fp_infnan.o(.text)
    _chval                                   0x080014d1   Thumb Code    28  _chval.o(.text)
    _btod_etento                             0x080014ed   Thumb Code   224  bigflt0.o(.text)
    exit                                     0x080015d1   Thumb Code    18  exit.o(.text)
    _sys_exit                                0x080015e5   Thumb Code     8  sys_exit.o(.text)
    __I$use$semihosting                      0x080015f1   Thumb Code     0  use_no_semi.o(.text)
    __use_no_semihosting_swi                 0x080015f1   Thumb Code     2  use_no_semi.o(.text)
    __semihosting_library_function           0x080015f3   Thumb Code     0  indicate_semi.o(.text)
    _btod_d2e                                0x080015f3   Thumb Code    62  btod.o(CL$$btod_d2e)
    _d2e_denorm_low                          0x08001631   Thumb Code    70  btod.o(CL$$btod_d2e_denorm_low)
    _d2e_norm_op1                            0x08001677   Thumb Code    96  btod.o(CL$$btod_d2e_norm_op1)
    __btod_div_common                        0x080016d7   Thumb Code   696  btod.o(CL$$btod_div_common)
    _e2e                                     0x08001a0f   Thumb Code   220  btod.o(CL$$btod_e2e)
    _btod_ediv                               0x08001aeb   Thumb Code    42  btod.o(CL$$btod_ediv)
    _btod_emul                               0x08001b15   Thumb Code    42  btod.o(CL$$btod_emul)
    __btod_mult_common                       0x08001b3f   Thumb Code   580  btod.o(CL$$btod_mult_common)
    BusFault_Handler                         0x08001d83   Thumb Code     4  stm32f10x_it.o(i.BusFault_Handler)
    DebugMon_Handler                         0x08001d87   Thumb Code     2  stm32f10x_it.o(i.DebugMon_Handler)
    GPIO_Init                                0x08001d89   Thumb Code   278  stm32f10x_gpio.o(i.GPIO_Init)
    HardFault_Handler                        0x08001e9f   Thumb Code     4  stm32f10x_it.o(i.HardFault_Handler)
    MemManage_Handler                        0x08001ea3   Thumb Code     4  stm32f10x_it.o(i.MemManage_Handler)
    NMI_Handler                              0x08001ea7   Thumb Code     2  stm32f10x_it.o(i.NMI_Handler)
    NVIC_Init                                0x08001ea9   Thumb Code   100  misc.o(i.NVIC_Init)
    NVIC_PriorityGroupConfig                 0x08001f19   Thumb Code    10  misc.o(i.NVIC_PriorityGroupConfig)
    PendSV_Handler                           0x08001f2d   Thumb Code     2  stm32f10x_it.o(i.PendSV_Handler)
    RCC_APB2PeriphClockCmd                   0x08001f31   Thumb Code    26  stm32f10x_rcc.o(i.RCC_APB2PeriphClockCmd)
    RCC_GetClocksFreq                        0x08001f51   Thumb Code   192  stm32f10x_rcc.o(i.RCC_GetClocksFreq)
    SVC_Handler                              0x08002025   Thumb Code     2  stm32f10x_it.o(i.SVC_Handler)
    SysTick_Handler                          0x08002111   Thumb Code     2  stm32f10x_it.o(i.SysTick_Handler)
    SystemInit                               0x08002115   Thumb Code    78  system_stm32f10x.o(i.SystemInit)
    USART1_IRQHandler                        0x08002175   Thumb Code    50  console_usart.o(i.USART1_IRQHandler)
    USART_ClearITPendingBit                  0x080021b1   Thumb Code    30  stm32f10x_usart.o(i.USART_ClearITPendingBit)
    USART_Cmd                                0x080021cf   Thumb Code    24  stm32f10x_usart.o(i.USART_Cmd)
    USART_GetFlagStatus                      0x080021e7   Thumb Code    26  stm32f10x_usart.o(i.USART_GetFlagStatus)
    USART_GetITStatus                        0x08002201   Thumb Code    84  stm32f10x_usart.o(i.USART_GetITStatus)
    USART_ITConfig                           0x08002255   Thumb Code    74  stm32f10x_usart.o(i.USART_ITConfig)
    USART_Init                               0x080022a1   Thumb Code   210  stm32f10x_usart.o(i.USART_Init)
    USART_ReceiveData                        0x08002379   Thumb Code    10  stm32f10x_usart.o(i.USART_ReceiveData)
    USART_SendData                           0x08002383   Thumb Code     8  stm32f10x_usart.o(i.USART_SendData)
    USART_StructInit                         0x0800238b   Thumb Code    24  stm32f10x_usart.o(i.USART_StructInit)
    UsageFault_Handler                       0x080023a3   Thumb Code     4  stm32f10x_it.o(i.UsageFault_Handler)
    __ARM_fpclassify                         0x080023a7   Thumb Code    40  fpclassify.o(i.__ARM_fpclassify)
    _is_digit                                0x080023cf   Thumb Code    14  __printf_wp.o(i._is_digit)
    _shell_write                             0x080023dd   Thumb Code    28  main.o(i._shell_write)
    agencyshellRun                           0x080023f9   Thumb Code    32  shell_cmd_list.o(i.agencyshellRun)
    borad_init                               0x08002419   Thumb Code    28  console_usart.o(i.borad_init)
    cmd_add                                  0x08002435   Thumb Code    76  add.o(i.cmd_add)
    cmd_helloworld                           0x080024b1   Thumb Code    82  helloworld.o(i.cmd_helloworld)
    main                                     0x08002541   Thumb Code    82  main.o(i.main)
    rb8_empty                                0x080025c5   Thumb Code    18  ringbuffer8.o(i.rb8_empty)
    rb8_full                                 0x080025d7   Thumb Code    24  ringbuffer8.o(i.rb8_full)
    rb8_get                                  0x080025ef   Thumb Code    52  ringbuffer8.o(i.rb8_get)
    rb8_new                                  0x08002623   Thumb Code    12  ringbuffer8.o(i.rb8_new)
    rb8_put                                  0x0800262f   Thumb Code    42  ringbuffer8.o(i.rb8_put)
    shellBackspace                           0x08002681   Thumb Code    14  shell.o(i.shellBackspace)
    shellCheckPermission                     0x080026d5   Thumb Code    54  shell.o(i.shellCheckPermission)
    shellClear                               0x0800270d   Thumb Code    22  shell.o(i.shellClear)
    shellClearCommandLine                    0x08002729   Thumb Code    40  shell.o(i.shellClearCommandLine)
    shellCmds                                0x08002751   Thumb Code    18  shell.o(i.shellCmds)
    shellDelete                              0x08002763   Thumb Code    16  shell.o(i.shellDelete)
    shellDeleteByte                          0x08002773   Thumb Code   218  shell.o(i.shellDeleteByte)
    shellDeleteCommandLine                   0x0800284d   Thumb Code    28  shell.o(i.shellDeleteCommandLine)
    shellDown                                0x0800286d   Thumb Code    16  shell.o(i.shellDown)
    shellEnter                               0x0800287d   Thumb Code    20  shell.o(i.shellEnter)
    shellExec                                0x08002891   Thumb Code   110  shell.o(i.shellExec)
    shellExtParsePara                        0x08002a8f   Thumb Code    86  shell_ext.o(i.shellExtParsePara)
    shellExtRun                              0x08002b53   Thumb Code   894  shell_ext.o(i.shellExtRun)
    shellGetCurrent                          0x08002f89   Thumb Code    48  shell.o(i.shellGetCurrent)
    shellGetVarValue                         0x08002fbd   Thumb Code    84  shell.o(i.shellGetVarValue)
    shellHandler                             0x08003011   Thumb Code   236  shell.o(i.shellHandler)
    shellHelp                                0x08003101   Thumb Code    44  shell.o(i.shellHelp)
    shellInit                                0x08003269   Thumb Code   140  shell.o(i.shellInit)
    shellInsertByte                          0x08003301   Thumb Code   214  shell.o(i.shellInsertByte)
    shellKeys                                0x080033dd   Thumb Code    18  shell.o(i.shellKeys)
    shellLeft                                0x080033ef   Thumb Code    26  shell.o(i.shellLeft)
    shellListAll                             0x08003409   Thumb Code    12  shell.o(i.shellListAll)
    shellListCommand                         0x08003415   Thumb Code    70  shell.o(i.shellListCommand)
    shellListItem                            0x08003461   Thumb Code   194  shell.o(i.shellListItem)
    shellListKey                             0x08003531   Thumb Code    84  shell.o(i.shellListKey)
    shellListUser                            0x08003589   Thumb Code    84  shell.o(i.shellListUser)
    shellListVar                             0x080035e1   Thumb Code    84  shell.o(i.shellListVar)
    shellNormalInput                         0x08003639   Thumb Code    28  shell.o(i.shellNormalInput)
    shellPrint                               0x080036eb   Thumb Code    50  shell.o(i.shellPrint)
    shellRight                               0x08003787   Thumb Code    30  shell.o(i.shellRight)
    shellRun                                 0x080037a5   Thumb Code    88  shell.o(i.shellRun)
    shellRunCommand                          0x08003801   Thumb Code   178  shell.o(i.shellRunCommand)
    shellSeekCommand                         0x080038b3   Thumb Code   122  shell.o(i.shellSeekCommand)
    shellSetVar                              0x0800397d   Thumb Code   106  shell.o(i.shellSetVar)
    shellSetVarValue                         0x080039ed   Thumb Code   140  shell.o(i.shellSetVarValue)
    shellTab                                 0x08003b81   Thumb Code   266  shell.o(i.shellTab)
    shellToDec                               0x08003c91   Thumb Code    86  shell.o(i.shellToDec)
    shellToHex                               0x08003ce7   Thumb Code    56  shell.o(i.shellToHex)
    shellUp                                  0x08003d1f   Thumb Code    14  shell.o(i.shellUp)
    shellUsers                               0x08003d2d   Thumb Code    18  shell.o(i.shellUsers)
    shellVars                                0x08003d3f   Thumb Code    18  shell.o(i.shellVars)
    shellWriteString                         0x08003f25   Thumb Code    52  shell.o(i.shellWriteString)
    usart_callback_register                  0x08003f59   Thumb Code     6  console_usart.o(i.usart_callback_register)
    usart_init                               0x08003f65   Thumb Code    16  console_usart.o(i.usart_init)
    usart_irq_init                           0x08003f75   Thumb Code    44  console_usart.o(i.usart_irq_init)
    usart_lowlevel_init                      0x08003fa5   Thumb Code    58  console_usart.o(i.usart_lowlevel_init)
    usart_pin_init                           0x08003fe5   Thumb Code    60  console_usart.o(i.usart_pin_init)
    usart_send_byte                          0x08004045   Thumb Code    28  console_usart.o(i.usart_send_byte)
    _get_lc_ctype                            0x08004065   Thumb Code    44  lc_ctype_c.o(locale$$code)
    _get_lc_numeric                          0x08004091   Thumb Code    44  lc_numeric_c.o(locale$$code)
    __aeabi_fdiv                             0x080040bd   Thumb Code     0  fdiv.o(x$fpl$fdiv)
    _fdiv                                    0x080040bd   Thumb Code   384  fdiv.o(x$fpl$fdiv)
    __aeabi_i2f                              0x08004241   Thumb Code     0  fflt_clz.o(x$fpl$fflt)
    _fflt                                    0x08004241   Thumb Code    48  fflt_clz.o(x$fpl$fflt)
    __aeabi_ui2f                             0x08004271   Thumb Code     0  fflt_clz.o(x$fpl$ffltu)
    _ffltu                                   0x08004271   Thumb Code    38  fflt_clz.o(x$fpl$ffltu)
    __aeabi_fmul                             0x08004299   Thumb Code     0  fmul.o(x$fpl$fmul)
    _fmul                                    0x08004299   Thumb Code   258  fmul.o(x$fpl$fmul)
    __fpl_fnaninf                            0x0800439b   Thumb Code   140  fnaninf.o(x$fpl$fnaninf)
    __fpl_fretinf                            0x08004427   Thumb Code    10  fretinf.o(x$fpl$fretinf)
    _printf_fp_dec                           0x08004431   Thumb Code     4  printf1.o(x$fpl$printf1)
    _printf_fp_hex                           0x08004435   Thumb Code     4  printf2.o(x$fpl$printf2)
    __I$use$fp                               0x08004438   Number         0  usenofp.o(x$fpl$usenofp)
    shellCommandList                         0x08004438   Data         336  shell_cmd_list.o(.constdata)
    shellCommandCount                        0x08004588   Data           2  shell_cmd_list.o(.constdata)
    Region$$Table$$Base                      0x08004a8c   Number         0  anon$$obj.o(Region$$Table)
    Region$$Table$$Limit                     0x08004aac   Number         0  anon$$obj.o(Region$$Table)
    __ctype                                  0x08004ab9   Data           0  lc_ctype_c.o(locale$$data)
    shell_buffer                             0x2000017c   Data         512  main.o(.bss)
    __libspace_start                         0x20000394   Data          96  libspace.o(.bss)
    __temporary_stack_top$libspace           0x200003f4   Data           0  libspace.o(.bss)



==============================================================================

Memory Map of the image

  Image Entry point : 0x080000ed

  Load Region LR_IROM1 (Base: 0x08000000, Size: 0x00004c48, Max: 0x00010000, ABSOLUTE)

    Execution Region ER_IROM1 (Exec base: 0x08000000, Load base: 0x08000000, Size: 0x00004bd8, Max: 0x00010000, ABSOLUTE)

    Exec Addr    Load Addr    Size         Type   Attr      Idx    E Section Name        Object

    0x08000000   0x08000000   0x000000ec   Data   RO           19    RESET               startup_stm32f10x_md.o
    0x080000ec   0x080000ec   0x00000008   Code   RO         4132  * !!!main             c_w.l(__main.o)
    0x080000f4   0x080000f4   0x00000034   Code   RO         4480    !!!scatter          c_w.l(__scatter.o)
    0x08000128   0x08000128   0x0000001a   Code   RO         4482    !!handler_copy      c_w.l(__scatter_copy.o)
    0x08000142   0x08000142   0x00000002   PAD
    0x08000144   0x08000144   0x0000001c   Code   RO         4484    !!handler_zi        c_w.l(__scatter_zi.o)
    0x08000160   0x08000160   0x00000000   Code   RO         4235    .ARM.Collect$$_printf_percent$$00000000  c_w.l(_printf_percent.o)
    0x08000160   0x08000160   0x00000006   Code   RO         4224    .ARM.Collect$$_printf_percent$$00000001  c_w.l(_printf_n.o)
    0x08000166   0x08000166   0x00000006   Code   RO         4226    .ARM.Collect$$_printf_percent$$00000002  c_w.l(_printf_p.o)
    0x0800016c   0x0800016c   0x00000006   Code   RO         4231    .ARM.Collect$$_printf_percent$$00000003  c_w.l(_printf_f.o)
    0x08000172   0x08000172   0x00000006   Code   RO         4232    .ARM.Collect$$_printf_percent$$00000004  c_w.l(_printf_e.o)
    0x08000178   0x08000178   0x00000006   Code   RO         4233    .ARM.Collect$$_printf_percent$$00000005  c_w.l(_printf_g.o)
    0x0800017e   0x0800017e   0x00000006   Code   RO         4234    .ARM.Collect$$_printf_percent$$00000006  c_w.l(_printf_a.o)
    0x08000184   0x08000184   0x0000000a   Code   RO         4239    .ARM.Collect$$_printf_percent$$00000007  c_w.l(_printf_ll.o)
    0x0800018e   0x0800018e   0x00000006   Code   RO         4228    .ARM.Collect$$_printf_percent$$00000008  c_w.l(_printf_i.o)
    0x08000194   0x08000194   0x00000006   Code   RO         4229    .ARM.Collect$$_printf_percent$$00000009  c_w.l(_printf_d.o)
    0x0800019a   0x0800019a   0x00000006   Code   RO         4230    .ARM.Collect$$_printf_percent$$0000000A  c_w.l(_printf_u.o)
    0x080001a0   0x080001a0   0x00000006   Code   RO         4227    .ARM.Collect$$_printf_percent$$0000000B  c_w.l(_printf_o.o)
    0x080001a6   0x080001a6   0x00000006   Code   RO         4225    .ARM.Collect$$_printf_percent$$0000000C  c_w.l(_printf_x.o)
    0x080001ac   0x080001ac   0x00000006   Code   RO         4236    .ARM.Collect$$_printf_percent$$0000000D  c_w.l(_printf_lli.o)
    0x080001b2   0x080001b2   0x00000006   Code   RO         4237    .ARM.Collect$$_printf_percent$$0000000E  c_w.l(_printf_lld.o)
    0x080001b8   0x080001b8   0x00000006   Code   RO         4238    .ARM.Collect$$_printf_percent$$0000000F  c_w.l(_printf_llu.o)
    0x080001be   0x080001be   0x00000006   Code   RO         4243    .ARM.Collect$$_printf_percent$$00000010  c_w.l(_printf_llo.o)
    0x080001c4   0x080001c4   0x00000006   Code   RO         4244    .ARM.Collect$$_printf_percent$$00000011  c_w.l(_printf_llx.o)
    0x080001ca   0x080001ca   0x0000000a   Code   RO         4240    .ARM.Collect$$_printf_percent$$00000012  c_w.l(_printf_l.o)
    0x080001d4   0x080001d4   0x00000006   Code   RO         4222    .ARM.Collect$$_printf_percent$$00000013  c_w.l(_printf_c.o)
    0x080001da   0x080001da   0x00000006   Code   RO         4223    .ARM.Collect$$_printf_percent$$00000014  c_w.l(_printf_s.o)
    0x080001e0   0x080001e0   0x00000006   Code   RO         4241    .ARM.Collect$$_printf_percent$$00000015  c_w.l(_printf_lc.o)
    0x080001e6   0x080001e6   0x00000006   Code   RO         4242    .ARM.Collect$$_printf_percent$$00000016  c_w.l(_printf_ls.o)
    0x080001ec   0x080001ec   0x00000004   Code   RO         4295    .ARM.Collect$$_printf_percent$$00000017  c_w.l(_printf_percent_end.o)
    0x080001f0   0x080001f0   0x00000002   Code   RO         4349    .ARM.Collect$$libinit$$00000000  c_w.l(libinit.o)
    0x080001f2   0x080001f2   0x00000000   Code   RO         4357    .ARM.Collect$$libinit$$00000002  c_w.l(libinit2.o)
    0x080001f2   0x080001f2   0x00000000   Code   RO         4359    .ARM.Collect$$libinit$$00000004  c_w.l(libinit2.o)
    0x080001f2   0x080001f2   0x00000000   Code   RO         4362    .ARM.Collect$$libinit$$0000000A  c_w.l(libinit2.o)
    0x080001f2   0x080001f2   0x00000000   Code   RO         4364    .ARM.Collect$$libinit$$0000000C  c_w.l(libinit2.o)
    0x080001f2   0x080001f2   0x00000000   Code   RO         4366    .ARM.Collect$$libinit$$0000000E  c_w.l(libinit2.o)
    0x080001f2   0x080001f2   0x00000006   Code   RO         4367    .ARM.Collect$$libinit$$0000000F  c_w.l(libinit2.o)
    0x080001f8   0x080001f8   0x00000000   Code   RO         4369    .ARM.Collect$$libinit$$00000011  c_w.l(libinit2.o)
    0x080001f8   0x080001f8   0x0000000c   Code   RO         4370    .ARM.Collect$$libinit$$00000012  c_w.l(libinit2.o)
    0x08000204   0x08000204   0x00000000   Code   RO         4371    .ARM.Collect$$libinit$$00000013  c_w.l(libinit2.o)
    0x08000204   0x08000204   0x00000000   Code   RO         4373    .ARM.Collect$$libinit$$00000015  c_w.l(libinit2.o)
    0x08000204   0x08000204   0x0000000a   Code   RO         4374    .ARM.Collect$$libinit$$00000016  c_w.l(libinit2.o)
    0x0800020e   0x0800020e   0x00000000   Code   RO         4375    .ARM.Collect$$libinit$$00000017  c_w.l(libinit2.o)
    0x0800020e   0x0800020e   0x00000000   Code   RO         4377    .ARM.Collect$$libinit$$00000019  c_w.l(libinit2.o)
    0x0800020e   0x0800020e   0x00000000   Code   RO         4379    .ARM.Collect$$libinit$$0000001B  c_w.l(libinit2.o)
    0x0800020e   0x0800020e   0x00000000   Code   RO         4381    .ARM.Collect$$libinit$$0000001D  c_w.l(libinit2.o)
    0x0800020e   0x0800020e   0x00000000   Code   RO         4383    .ARM.Collect$$libinit$$0000001F  c_w.l(libinit2.o)
    0x0800020e   0x0800020e   0x00000000   Code   RO         4385    .ARM.Collect$$libinit$$00000021  c_w.l(libinit2.o)
    0x0800020e   0x0800020e   0x00000000   Code   RO         4387    .ARM.Collect$$libinit$$00000023  c_w.l(libinit2.o)
    0x0800020e   0x0800020e   0x00000000   Code   RO         4389    .ARM.Collect$$libinit$$00000025  c_w.l(libinit2.o)
    0x0800020e   0x0800020e   0x00000000   Code   RO         4393    .ARM.Collect$$libinit$$0000002C  c_w.l(libinit2.o)
    0x0800020e   0x0800020e   0x00000000   Code   RO         4395    .ARM.Collect$$libinit$$0000002E  c_w.l(libinit2.o)
    0x0800020e   0x0800020e   0x00000000   Code   RO         4397    .ARM.Collect$$libinit$$00000030  c_w.l(libinit2.o)
    0x0800020e   0x0800020e   0x00000000   Code   RO         4399    .ARM.Collect$$libinit$$00000032  c_w.l(libinit2.o)
    0x0800020e   0x0800020e   0x00000002   Code   RO         4400    .ARM.Collect$$libinit$$00000033  c_w.l(libinit2.o)
    0x08000210   0x08000210   0x00000002   Code   RO         4420    .ARM.Collect$$libshutdown$$00000000  c_w.l(libshutdown.o)
    0x08000212   0x08000212   0x00000000   Code   RO         4433    .ARM.Collect$$libshutdown$$00000002  c_w.l(libshutdown2.o)
    0x08000212   0x08000212   0x00000000   Code   RO         4435    .ARM.Collect$$libshutdown$$00000004  c_w.l(libshutdown2.o)
    0x08000212   0x08000212   0x00000000   Code   RO         4438    .ARM.Collect$$libshutdown$$00000007  c_w.l(libshutdown2.o)
    0x08000212   0x08000212   0x00000000   Code   RO         4441    .ARM.Collect$$libshutdown$$0000000A  c_w.l(libshutdown2.o)
    0x08000212   0x08000212   0x00000000   Code   RO         4443    .ARM.Collect$$libshutdown$$0000000C  c_w.l(libshutdown2.o)
    0x08000212   0x08000212   0x00000000   Code   RO         4446    .ARM.Collect$$libshutdown$$0000000F  c_w.l(libshutdown2.o)
    0x08000212   0x08000212   0x00000002   Code   RO         4447    .ARM.Collect$$libshutdown$$00000010  c_w.l(libshutdown2.o)
    0x08000214   0x08000214   0x00000000   Code   RO         4146    .ARM.Collect$$rtentry$$00000000  c_w.l(__rtentry.o)
    0x08000214   0x08000214   0x00000000   Code   RO         4264    .ARM.Collect$$rtentry$$00000002  c_w.l(__rtentry2.o)
    0x08000214   0x08000214   0x00000006   Code   RO         4276    .ARM.Collect$$rtentry$$00000004  c_w.l(__rtentry4.o)
    0x0800021a   0x0800021a   0x00000000   Code   RO         4266    .ARM.Collect$$rtentry$$00000009  c_w.l(__rtentry2.o)
    0x0800021a   0x0800021a   0x00000004   Code   RO         4267    .ARM.Collect$$rtentry$$0000000A  c_w.l(__rtentry2.o)
    0x0800021e   0x0800021e   0x00000000   Code   RO         4269    .ARM.Collect$$rtentry$$0000000C  c_w.l(__rtentry2.o)
    0x0800021e   0x0800021e   0x00000008   Code   RO         4270    .ARM.Collect$$rtentry$$0000000D  c_w.l(__rtentry2.o)
    0x08000226   0x08000226   0x00000002   Code   RO         4354    .ARM.Collect$$rtexit$$00000000  c_w.l(rtexit.o)
    0x08000228   0x08000228   0x00000000   Code   RO         4402    .ARM.Collect$$rtexit$$00000002  c_w.l(rtexit2.o)
    0x08000228   0x08000228   0x00000004   Code   RO         4403    .ARM.Collect$$rtexit$$00000003  c_w.l(rtexit2.o)
    0x0800022c   0x0800022c   0x00000006   Code   RO         4404    .ARM.Collect$$rtexit$$00000004  c_w.l(rtexit2.o)
    0x08000232   0x08000232   0x00000002   PAD
    0x08000234   0x08000234   0x00000040   Code   RO           20    .text               startup_stm32f10x_md.o
    0x08000274   0x08000274   0x00000034   Code   RO         4118    .text               c_w.l(vsnprintf.o)
    0x080002a8   0x080002a8   0x0000001a   Code   RO         4120    .text               c_w.l(atoi.o)
    0x080002c2   0x080002c2   0x0000003e   Code   RO         4122    .text               c_w.l(strlen.o)
    0x08000300   0x08000300   0x00000096   Code   RO         4124    .text               c_w.l(strncmp.o)
    0x08000396   0x08000396   0x0000004e   Code   RO         4126    .text               c_w.l(rt_memclr_w.o)
    0x080003e4   0x080003e4   0x00000080   Code   RO         4128    .text               c_w.l(strcmpv7m.o)
    0x08000464   0x08000464   0x00000006   Code   RO         4130    .text               c_w.l(heapauxi.o)
    0x0800046a   0x0800046a   0x00000002   PAD
    0x0800046c   0x0800046c   0x00000008   Code   RO         4150    .text               c_w.l(rt_errno_addr_intlibspace.o)
    0x08000474   0x08000474   0x0000004e   Code   RO         4154    .text               c_w.l(_printf_pad.o)
    0x080004c2   0x080004c2   0x00000024   Code   RO         4156    .text               c_w.l(_printf_truncate.o)
    0x080004e6   0x080004e6   0x00000052   Code   RO         4158    .text               c_w.l(_printf_str.o)
    0x08000538   0x08000538   0x00000078   Code   RO         4160    .text               c_w.l(_printf_dec.o)
    0x080005b0   0x080005b0   0x00000028   Code   RO         4162    .text               c_w.l(_printf_charcount.o)
    0x080005d8   0x080005d8   0x00000030   Code   RO         4164    .text               c_w.l(_printf_char_common.o)
    0x08000608   0x08000608   0x0000000a   Code   RO         4166    .text               c_w.l(_sputc.o)
    0x08000612   0x08000612   0x00000010   Code   RO         4168    .text               c_w.l(_snputc.o)
    0x08000622   0x08000622   0x00000002   PAD
    0x08000624   0x08000624   0x000000bc   Code   RO         4170    .text               c_w.l(_printf_wctomb.o)
    0x080006e0   0x080006e0   0x0000007c   Code   RO         4173    .text               c_w.l(_printf_longlong_dec.o)
    0x0800075c   0x0800075c   0x00000070   Code   RO         4179    .text               c_w.l(_printf_oct_int_ll.o)
    0x080007cc   0x080007cc   0x00000094   Code   RO         4199    .text               c_w.l(_printf_hex_int_ll_ptr.o)
    0x08000860   0x08000860   0x00000188   Code   RO         4219    .text               c_w.l(__printf_flags_ss_wp.o)
    0x080009e8   0x080009e8   0x00000070   Code   RO         4245    .text               c_w.l(strtol.o)
    0x08000a58   0x08000a58   0x00000008   Code   RO         4260    .text               c_w.l(libspace.o)
    0x08000a60   0x08000a60   0x00000010   Code   RO         4278    .text               c_w.l(rt_ctype_table.o)
    0x08000a70   0x08000a70   0x0000008a   Code   RO         4280    .text               c_w.l(lludiv10.o)
    0x08000afa   0x08000afa   0x000000b2   Code   RO         4282    .text               c_w.l(_printf_intcommon.o)
    0x08000bac   0x08000bac   0x0000041e   Code   RO         4284    .text               c_w.l(_printf_fp_dec.o)
    0x08000fca   0x08000fca   0x00000002   PAD
    0x08000fcc   0x08000fcc   0x000002fc   Code   RO         4286    .text               c_w.l(_printf_fp_hex.o)
    0x080012c8   0x080012c8   0x0000002c   Code   RO         4291    .text               c_w.l(_printf_char.o)
    0x080012f4   0x080012f4   0x0000002c   Code   RO         4293    .text               c_w.l(_printf_wchar.o)
    0x08001320   0x08001320   0x0000009e   Code   RO         4296    .text               c_w.l(_strtoul.o)
    0x080013be   0x080013be   0x00000040   Code   RO         4298    .text               c_w.l(_wcrtomb.o)
    0x080013fe   0x080013fe   0x0000004a   Code   RO         4300    .text               c_w.l(sys_stackheap_outer.o)
    0x08001448   0x08001448   0x00000008   Code   RO         4305    .text               c_w.l(rt_locale_intlibspace.o)
    0x08001450   0x08001450   0x00000080   Code   RO         4307    .text               c_w.l(_printf_fp_infnan.o)
    0x080014d0   0x080014d0   0x0000001c   Code   RO         4309    .text               c_w.l(_chval.o)
    0x080014ec   0x080014ec   0x000000e4   Code   RO         4311    .text               c_w.l(bigflt0.o)
    0x080015d0   0x080015d0   0x00000012   Code   RO         4342    .text               c_w.l(exit.o)
    0x080015e2   0x080015e2   0x00000002   PAD
    0x080015e4   0x080015e4   0x0000000c   Code   RO         4412    .text               c_w.l(sys_exit.o)
    0x080015f0   0x080015f0   0x00000002   Code   RO         4423    .text               c_w.l(use_no_semi.o)
    0x080015f2   0x080015f2   0x00000000   Code   RO         4425    .text               c_w.l(indicate_semi.o)
    0x080015f2   0x080015f2   0x0000003e   Code   RO         4314    CL$$btod_d2e        c_w.l(btod.o)
    0x08001630   0x08001630   0x00000046   Code   RO         4316    CL$$btod_d2e_denorm_low  c_w.l(btod.o)
    0x08001676   0x08001676   0x00000060   Code   RO         4315    CL$$btod_d2e_norm_op1  c_w.l(btod.o)
    0x080016d6   0x080016d6   0x00000338   Code   RO         4324    CL$$btod_div_common  c_w.l(btod.o)
    0x08001a0e   0x08001a0e   0x000000dc   Code   RO         4321    CL$$btod_e2e        c_w.l(btod.o)
    0x08001aea   0x08001aea   0x0000002a   Code   RO         4318    CL$$btod_ediv       c_w.l(btod.o)
    0x08001b14   0x08001b14   0x0000002a   Code   RO         4317    CL$$btod_emul       c_w.l(btod.o)
    0x08001b3e   0x08001b3e   0x00000244   Code   RO         4323    CL$$btod_mult_common  c_w.l(btod.o)
    0x08001d82   0x08001d82   0x00000004   Code   RO         3536    i.BusFault_Handler  stm32f10x_it.o
    0x08001d86   0x08001d86   0x00000002   Code   RO         3537    i.DebugMon_Handler  stm32f10x_it.o
    0x08001d88   0x08001d88   0x00000116   Code   RO         1347    i.GPIO_Init         stm32f10x_gpio.o
    0x08001e9e   0x08001e9e   0x00000004   Code   RO         3538    i.HardFault_Handler  stm32f10x_it.o
    0x08001ea2   0x08001ea2   0x00000004   Code   RO         3539    i.MemManage_Handler  stm32f10x_it.o
    0x08001ea6   0x08001ea6   0x00000002   Code   RO         3540    i.NMI_Handler       stm32f10x_it.o
    0x08001ea8   0x08001ea8   0x00000070   Code   RO          137    i.NVIC_Init         misc.o
    0x08001f18   0x08001f18   0x00000014   Code   RO          138    i.NVIC_PriorityGroupConfig  misc.o
    0x08001f2c   0x08001f2c   0x00000002   Code   RO         3541    i.PendSV_Handler    stm32f10x_it.o
    0x08001f2e   0x08001f2e   0x00000002   PAD
    0x08001f30   0x08001f30   0x00000020   Code   RO         1777    i.RCC_APB2PeriphClockCmd  stm32f10x_rcc.o
    0x08001f50   0x08001f50   0x000000d4   Code   RO         1785    i.RCC_GetClocksFreq  stm32f10x_rcc.o
    0x08002024   0x08002024   0x00000002   Code   RO         3542    i.SVC_Handler       stm32f10x_it.o
    0x08002026   0x08002026   0x00000008   Code   RO           24    i.SetSysClock       system_stm32f10x.o
    0x0800202e   0x0800202e   0x00000002   PAD
    0x08002030   0x08002030   0x000000e0   Code   RO           25    i.SetSysClockTo72   system_stm32f10x.o
    0x08002110   0x08002110   0x00000002   Code   RO         3543    i.SysTick_Handler   stm32f10x_it.o
    0x08002112   0x08002112   0x00000002   PAD
    0x08002114   0x08002114   0x00000060   Code   RO           27    i.SystemInit        system_stm32f10x.o
    0x08002174   0x08002174   0x0000003c   Code   RO         3430    i.USART1_IRQHandler  console_usart.o
    0x080021b0   0x080021b0   0x0000001e   Code   RO         2957    i.USART_ClearITPendingBit  stm32f10x_usart.o
    0x080021ce   0x080021ce   0x00000018   Code   RO         2960    i.USART_Cmd         stm32f10x_usart.o
    0x080021e6   0x080021e6   0x0000001a   Code   RO         2963    i.USART_GetFlagStatus  stm32f10x_usart.o
    0x08002200   0x08002200   0x00000054   Code   RO         2964    i.USART_GetITStatus  stm32f10x_usart.o
    0x08002254   0x08002254   0x0000004a   Code   RO         2966    i.USART_ITConfig    stm32f10x_usart.o
    0x0800229e   0x0800229e   0x00000002   PAD
    0x080022a0   0x080022a0   0x000000d8   Code   RO         2967    i.USART_Init        stm32f10x_usart.o
    0x08002378   0x08002378   0x0000000a   Code   RO         2974    i.USART_ReceiveData  stm32f10x_usart.o
    0x08002382   0x08002382   0x00000008   Code   RO         2977    i.USART_SendData    stm32f10x_usart.o
    0x0800238a   0x0800238a   0x00000018   Code   RO         2983    i.USART_StructInit  stm32f10x_usart.o
    0x080023a2   0x080023a2   0x00000004   Code   RO         3544    i.UsageFault_Handler  stm32f10x_it.o
    0x080023a6   0x080023a6   0x00000028   Code   RO         4352    i.__ARM_fpclassify  m_ws.l(fpclassify.o)
    0x080023ce   0x080023ce   0x0000000e   Code   RO         4212    i._is_digit         c_w.l(__printf_wp.o)
    0x080023dc   0x080023dc   0x0000001c   Code   RO         3490    i._shell_write      main.o
    0x080023f8   0x080023f8   0x00000020   Code   RO         3993    i.agencyshellRun    shell_cmd_list.o
    0x08002418   0x08002418   0x0000001c   Code   RO         3431    i.borad_init        console_usart.o
    0x08002434   0x08002434   0x0000007c   Code   RO         3611    i.cmd_add           add.o
    0x080024b0   0x080024b0   0x00000090   Code   RO         3599    i.cmd_helloworld    helloworld.o
    0x08002540   0x08002540   0x0000006c   Code   RO         3491    i.main              main.o
    0x080025ac   0x080025ac   0x00000018   Code   RO         4057    i.next_head         ringbuffer8.o
    0x080025c4   0x080025c4   0x00000012   Code   RO         4058    i.rb8_empty         ringbuffer8.o
    0x080025d6   0x080025d6   0x00000018   Code   RO         4059    i.rb8_full          ringbuffer8.o
    0x080025ee   0x080025ee   0x00000034   Code   RO         4060    i.rb8_get           ringbuffer8.o
    0x08002622   0x08002622   0x0000000c   Code   RO         4062    i.rb8_new           ringbuffer8.o
    0x0800262e   0x0800262e   0x0000002a   Code   RO         4063    i.rb8_put           ringbuffer8.o
    0x08002658   0x08002658   0x00000028   Code   RO         3626    i.shellAdd          shell.o
    0x08002680   0x08002680   0x0000000e   Code   RO         3627    i.shellBackspace    shell.o
    0x0800268e   0x0800268e   0x00000002   PAD
    0x08002690   0x08002690   0x00000044   Code   RO         3628    i.shellCheckPassword  shell.o
    0x080026d4   0x080026d4   0x00000036   Code   RO         3629    i.shellCheckPermission  shell.o
    0x0800270a   0x0800270a   0x00000002   PAD
    0x0800270c   0x0800270c   0x0000001c   Code   RO         3630    i.shellClear        shell.o
    0x08002728   0x08002728   0x00000028   Code   RO         3631    i.shellClearCommandLine  shell.o
    0x08002750   0x08002750   0x00000012   Code   RO         3632    i.shellCmds         shell.o
    0x08002762   0x08002762   0x00000010   Code   RO         3633    i.shellDelete       shell.o
    0x08002772   0x08002772   0x000000da   Code   RO         3634    i.shellDeleteByte   shell.o
    0x0800284c   0x0800284c   0x00000020   Code   RO         3635    i.shellDeleteCommandLine  shell.o
    0x0800286c   0x0800286c   0x00000010   Code   RO         3636    i.shellDown         shell.o
    0x0800287c   0x0800287c   0x00000014   Code   RO         3637    i.shellEnter        shell.o
    0x08002890   0x08002890   0x00000078   Code   RO         3638    i.shellExec         shell.o
    0x08002908   0x08002908   0x00000058   Code   RO         4009    i.shellExtNumType   shell_ext.o
    0x08002960   0x08002960   0x00000046   Code   RO         4010    i.shellExtParseChar  shell_ext.o
    0x080029a6   0x080029a6   0x000000e8   Code   RO         4011    i.shellExtParseNumber  shell_ext.o
    0x08002a8e   0x08002a8e   0x00000056   Code   RO         4012    i.shellExtParsePara  shell_ext.o
    0x08002ae4   0x08002ae4   0x0000004a   Code   RO         4013    i.shellExtParseString  shell_ext.o
    0x08002b2e   0x08002b2e   0x00000024   Code   RO         4014    i.shellExtParseVar  shell_ext.o
    0x08002b52   0x08002b52   0x0000037e   Code   RO         4015    i.shellExtRun       shell_ext.o
    0x08002ed0   0x08002ed0   0x00000036   Code   RO         4016    i.shellExtToNum     shell_ext.o
    0x08002f06   0x08002f06   0x00000030   Code   RO         3639    i.shellGetCommandDesc  shell.o
    0x08002f36   0x08002f36   0x00000002   PAD
    0x08002f38   0x08002f38   0x00000050   Code   RO         3640    i.shellGetCommandName  shell.o
    0x08002f88   0x08002f88   0x00000034   Code   RO         3641    i.shellGetCurrent   shell.o
    0x08002fbc   0x08002fbc   0x00000054   Code   RO         3642    i.shellGetVarValue  shell.o
    0x08003010   0x08003010   0x000000f0   Code   RO         3643    i.shellHandler      shell.o
    0x08003100   0x08003100   0x0000002c   Code   RO         3644    i.shellHelp         shell.o
    0x0800312c   0x0800312c   0x000000c2   Code   RO         3645    i.shellHistory      shell.o
    0x080031ee   0x080031ee   0x0000007a   Code   RO         3646    i.shellHistoryAdd   shell.o
    0x08003268   0x08003268   0x00000098   Code   RO         3647    i.shellInit         shell.o
    0x08003300   0x08003300   0x000000dc   Code   RO         3648    i.shellInsertByte   shell.o
    0x080033dc   0x080033dc   0x00000012   Code   RO         3649    i.shellKeys         shell.o
    0x080033ee   0x080033ee   0x0000001a   Code   RO         3650    i.shellLeft         shell.o
    0x08003408   0x08003408   0x0000000c   Code   RO         3651    i.shellListAll      shell.o
    0x08003414   0x08003414   0x0000004c   Code   RO         3652    i.shellListCommand  shell.o
    0x08003460   0x08003460   0x000000d0   Code   RO         3653    i.shellListItem     shell.o
    0x08003530   0x08003530   0x00000058   Code   RO         3654    i.shellListKey      shell.o
    0x08003588   0x08003588   0x00000058   Code   RO         3655    i.shellListUser     shell.o
    0x080035e0   0x080035e0   0x00000058   Code   RO         3656    i.shellListVar      shell.o
    0x08003638   0x08003638   0x0000001c   Code   RO         3657    i.shellNormalInput  shell.o
    0x08003654   0x08003654   0x00000096   Code   RO         3658    i.shellParserParam  shell.o
    0x080036ea   0x080036ea   0x00000032   Code   RO         3659    i.shellPrint        shell.o
    0x0800371c   0x0800371c   0x0000006a   Code   RO         3661    i.shellRemoveParamQuotes  shell.o
    0x08003786   0x08003786   0x0000001e   Code   RO         3662    i.shellRight        shell.o
    0x080037a4   0x080037a4   0x0000005c   Code   RO         3663    i.shellRun          shell.o
    0x08003800   0x08003800   0x000000b2   Code   RO         3664    i.shellRunCommand   shell.o
    0x080038b2   0x080038b2   0x0000007a   Code   RO         3665    i.shellSeekCommand  shell.o
    0x0800392c   0x0800392c   0x00000050   Code   RO         3666    i.shellSetUser      shell.o
    0x0800397c   0x0800397c   0x00000070   Code   RO         3667    i.shellSetVar       shell.o
    0x080039ec   0x080039ec   0x00000090   Code   RO         3668    i.shellSetVarValue  shell.o
    0x08003a7c   0x08003a7c   0x000000c0   Code   RO         3669    i.shellShowVar      shell.o
    0x08003b3c   0x08003b3c   0x0000002c   Code   RO         3670    i.shellStringCompare  shell.o
    0x08003b68   0x08003b68   0x00000018   Code   RO         3671    i.shellStringCopy   shell.o
    0x08003b80   0x08003b80   0x00000110   Code   RO         3672    i.shellTab          shell.o
    0x08003c90   0x08003c90   0x00000056   Code   RO         3674    i.shellToDec        shell.o
    0x08003ce6   0x08003ce6   0x00000038   Code   RO         3675    i.shellToHex        shell.o
    0x08003d1e   0x08003d1e   0x0000000e   Code   RO         3676    i.shellUp           shell.o
    0x08003d2c   0x08003d2c   0x00000012   Code   RO         3677    i.shellUsers        shell.o
    0x08003d3e   0x08003d3e   0x00000012   Code   RO         3678    i.shellVars         shell.o
    0x08003d50   0x08003d50   0x00000010   Code   RO         3679    i.shellWriteByte    shell.o
    0x08003d60   0x08003d60   0x00000064   Code   RO         3680    i.shellWriteCommandDesc  shell.o
    0x08003dc4   0x08003dc4   0x0000006c   Code   RO         3681    i.shellWriteCommandHelp  shell.o
    0x08003e30   0x08003e30   0x00000068   Code   RO         3682    i.shellWritePrompt  shell.o
    0x08003e98   0x08003e98   0x0000008c   Code   RO         3683    i.shellWriteReturnValue  shell.o
    0x08003f24   0x08003f24   0x00000034   Code   RO         3684    i.shellWriteString  shell.o
    0x08003f58   0x08003f58   0x0000000c   Code   RO         3432    i.usart_callback_register  console_usart.o
    0x08003f64   0x08003f64   0x00000010   Code   RO         3433    i.usart_init        console_usart.o
    0x08003f74   0x08003f74   0x00000030   Code   RO         3434    i.usart_irq_init    console_usart.o
    0x08003fa4   0x08003fa4   0x00000040   Code   RO         3435    i.usart_lowlevel_init  console_usart.o
    0x08003fe4   0x08003fe4   0x00000040   Code   RO         3436    i.usart_pin_init    console_usart.o
    0x08004024   0x08004024   0x00000020   Code   RO         3492    i.usart_rx_handler  main.o
    0x08004044   0x08004044   0x00000020   Code   RO         3437    i.usart_send_byte   console_usart.o
    0x08004064   0x08004064   0x0000002c   Code   RO         4337    locale$$code        c_w.l(lc_ctype_c.o)
    0x08004090   0x08004090   0x0000002c   Code   RO         4340    locale$$code        c_w.l(lc_numeric_c.o)
    0x080040bc   0x080040bc   0x00000184   Code   RO         4135    x$fpl$fdiv          fz_ws.l(fdiv.o)
    0x08004240   0x08004240   0x00000030   Code   RO         4139    x$fpl$fflt          fz_ws.l(fflt_clz.o)
    0x08004270   0x08004270   0x00000026   Code   RO         4138    x$fpl$ffltu         fz_ws.l(fflt_clz.o)
    0x08004296   0x08004296   0x00000002   PAD
    0x08004298   0x08004298   0x00000102   Code   RO         4144    x$fpl$fmul          fz_ws.l(fmul.o)
    0x0800439a   0x0800439a   0x0000008c   Code   RO         4247    x$fpl$fnaninf       fz_ws.l(fnaninf.o)
    0x08004426   0x08004426   0x0000000a   Code   RO         4249    x$fpl$fretinf       fz_ws.l(fretinf.o)
    0x08004430   0x08004430   0x00000004   Code   RO         4251    x$fpl$printf1       fz_ws.l(printf1.o)
    0x08004434   0x08004434   0x00000004   Code   RO         4253    x$fpl$printf2       fz_ws.l(printf2.o)
    0x08004438   0x08004438   0x00000000   Code   RO         4259    x$fpl$usenofp       fz_ws.l(usenofp.o)
    0x08004438   0x08004438   0x00000152   Data   RO         3994    .constdata          shell_cmd_list.o
    0x0800458a   0x0800458a   0x00000002   PAD
    0x0800458c   0x0800458c   0x00000008   Data   RO         4171    .constdata          c_w.l(_printf_wctomb.o)
    0x08004594   0x08004594   0x00000028   Data   RO         4200    .constdata          c_w.l(_printf_hex_int_ll_ptr.o)
    0x080045bc   0x080045bc   0x00000011   Data   RO         4220    .constdata          c_w.l(__printf_flags_ss_wp.o)
    0x080045cd   0x080045cd   0x00000026   Data   RO         4287    .constdata          c_w.l(_printf_fp_hex.o)
    0x080045f3   0x080045f3   0x00000001   PAD
    0x080045f4   0x080045f4   0x00000094   Data   RO         4312    .constdata          c_w.l(bigflt0.o)
    0x08004688   0x08004688   0x000002a5   Data   RO         3686    .conststring        shell.o
    0x0800492d   0x0800492d   0x00000003   PAD
    0x08004930   0x08004930   0x00000159   Data   RO         3995    .conststring        shell_cmd_list.o
    0x08004a89   0x08004a89   0x00000003   PAD
    0x08004a8c   0x08004a8c   0x00000020   Data   RO         4478    Region$$Table       anon$$obj.o
    0x08004aac   0x08004aac   0x00000110   Data   RO         4336    locale$$data        c_w.l(lc_ctype_c.o)
    0x08004bbc   0x08004bbc   0x0000001c   Data   RO         4339    locale$$data        c_w.l(lc_numeric_c.o)


    Execution Region RW_IRAM1 (Exec base: 0x20000000, Load base: 0x08004bd8, Size: 0x000009f8, Max: 0x00005000, ABSOLUTE)

    Exec Addr    Load Addr    Size         Type   Attr      Idx    E Section Name        Object

    0x20000000   0x08004bd8   0x00000014   Data   RW         1805    .data               stm32f10x_rcc.o
    0x20000014   0x08004bec   0x00000004   Data   RW         3438    .data               console_usart.o
    0x20000018   0x08004bf0   0x00000004   Data   RW         3494    .data               main.o
    0x2000001c   0x08004bf4   0x00000054   Data   RW         3687    .data               shell.o
    0x20000070        -       0x0000030c   Zero   RW         3493    .bss                main.o
    0x2000037c        -       0x00000015   Zero   RW         3685    .bss                shell.o
    0x20000391   0x08004c48   0x00000003   PAD
    0x20000394        -       0x00000060   Zero   RW         4261    .bss                c_w.l(libspace.o)
    0x200003f4   0x08004c48   0x00000004   PAD
    0x200003f8        -       0x00000200   Zero   RW           18    HEAP                startup_stm32f10x_md.o
    0x200005f8        -       0x00000400   Zero   RW           17    STACK               startup_stm32f10x_md.o


==============================================================================

Image component sizes


      Code (inc. data)   RO Data    RW Data    ZI Data      Debug   Object Name

       124         48          0          0          0        710   add.o
       324         34          0          4          0       4500   console_usart.o
         0          0          0          0          0       4548   core_cm3.o
       144         62          0          0          0        665   helloworld.o
       168         32          0          4        780       6381   main.o
       132         22          0          0          0     204863   misc.o
       172          0          0          0          0       4561   ringbuffer8.o
      4860        234        677         84         21      41995   shell.o
        32          0        683          0          0       1550   shell_cmd_list.o
      1534         16          0          0          0       6386   shell_ext.o
        64         26        236          0       1536        784   startup_stm32f10x_md.o
         0          0          0          0          0       1656   stm32f10x_adc.o
       278          0          0          0          0      10320   stm32f10x_gpio.o
        26          0          0          0          0       3702   stm32f10x_it.o
       244         26          0         20          0      12549   stm32f10x_rcc.o
       496          6          0          0          0      13082   stm32f10x_usart.o
       328         28          0          0          0      24993   system_stm32f10x.o

    ----------------------------------------------------------------------
      8940        534       1636        112       2340     343245   Object Totals
         0          0         32          0          0          0   (incl. Generated)
        14          0          8          0          3          0   (incl. Padding)

    ----------------------------------------------------------------------

      Code (inc. data)   RO Data    RW Data    ZI Data      Debug   Library Member Name

         8          0          0          0          0         68   __main.o
       392          4         17          0          0         92   __printf_flags_ss_wp.o
        14          0          0          0          0         68   __printf_wp.o
         0          0          0          0          0          0   __rtentry.o
        12          0          0          0          0          0   __rtentry2.o
         6          0          0          0          0          0   __rtentry4.o
        52          8          0          0          0          0   __scatter.o
        26          0          0          0          0          0   __scatter_copy.o
        28          0          0          0          0          0   __scatter_zi.o
        28          0          0          0          0         68   _chval.o
         6          0          0          0          0          0   _printf_a.o
         6          0          0          0          0          0   _printf_c.o
        44          0          0          0          0        108   _printf_char.o
        48          6          0          0          0         96   _printf_char_common.o
        40          0          0          0          0         68   _printf_charcount.o
         6          0          0          0          0          0   _printf_d.o
       120         16          0          0          0         92   _printf_dec.o
         6          0          0          0          0          0   _printf_e.o
         6          0          0          0          0          0   _printf_f.o
      1054          0          0          0          0        216   _printf_fp_dec.o
       764          8         38          0          0        100   _printf_fp_hex.o
       128         16          0          0          0         84   _printf_fp_infnan.o
         6          0          0          0          0          0   _printf_g.o
       148          4         40          0          0        160   _printf_hex_int_ll_ptr.o
         6          0          0          0          0          0   _printf_i.o
       178          0          0          0          0         88   _printf_intcommon.o
        10          0          0          0          0          0   _printf_l.o
         6          0          0          0          0          0   _printf_lc.o
        10          0          0          0          0          0   _printf_ll.o
         6          0          0          0          0          0   _printf_lld.o
         6          0          0          0          0          0   _printf_lli.o
         6          0          0          0          0          0   _printf_llo.o
         6          0          0          0          0          0   _printf_llu.o
         6          0          0          0          0          0   _printf_llx.o
       124         16          0          0          0         92   _printf_longlong_dec.o
         6          0          0          0          0          0   _printf_ls.o
         6          0          0          0          0          0   _printf_n.o
         6          0          0          0          0          0   _printf_o.o
       112         10          0          0          0        124   _printf_oct_int_ll.o
         6          0          0          0          0          0   _printf_p.o
        78          0          0          0          0        108   _printf_pad.o
         0          0          0          0          0          0   _printf_percent.o
         4          0          0          0          0          0   _printf_percent_end.o
         6          0          0          0          0          0   _printf_s.o
        82          0          0          0          0         80   _printf_str.o
        36          0          0          0          0         84   _printf_truncate.o
         6          0          0          0          0          0   _printf_u.o
        44          0          0          0          0        108   _printf_wchar.o
       188          6          8          0          0         92   _printf_wctomb.o
         6          0          0          0          0          0   _printf_x.o
        16          0          0          0          0         68   _snputc.o
        10          0          0          0          0         68   _sputc.o
       158          0          0          0          0         92   _strtoul.o
        64          0          0          0          0         92   _wcrtomb.o
        26          0          0          0          0         80   atoi.o
       228          4        148          0          0         96   bigflt0.o
      1936        128          0          0          0        672   btod.o
        18          0          0          0          0         80   exit.o
         6          0          0          0          0        152   heapauxi.o
         0          0          0          0          0          0   indicate_semi.o
        44         10        272          0          0         76   lc_ctype_c.o
        44         10         28          0          0         76   lc_numeric_c.o
         2          0          0          0          0          0   libinit.o
        30          0          0          0          0          0   libinit2.o
         2          0          0          0          0          0   libshutdown.o
         2          0          0          0          0          0   libshutdown2.o
         8          4          0          0         96         68   libspace.o
       138          0          0          0          0         80   lludiv10.o
        16          4          0          0          0         76   rt_ctype_table.o
         8          4          0          0          0         68   rt_errno_addr_intlibspace.o
         8          4          0          0          0         68   rt_locale_intlibspace.o
        78          0          0          0          0         80   rt_memclr_w.o
         2          0          0          0          0          0   rtexit.o
        10          0          0          0          0          0   rtexit2.o
       128          0          0          0          0         68   strcmpv7m.o
        62          0          0          0          0         76   strlen.o
       150          0          0          0          0         80   strncmp.o
       112          0          0          0          0         88   strtol.o
        12          4          0          0          0         68   sys_exit.o
        74          0          0          0          0         80   sys_stackheap_outer.o
         2          0          0          0          0         68   use_no_semi.o
        52          4          0          0          0         80   vsnprintf.o
       388         76          0          0          0         96   fdiv.o
        86          0          0          0          0        136   fflt_clz.o
       258          4          0          0          0         84   fmul.o
       140          4          0          0          0         84   fnaninf.o
        10          0          0          0          0         68   fretinf.o
         4          0          0          0          0         68   printf1.o
         4          0          0          0          0         68   printf2.o
         0          0          0          0          0          0   usenofp.o
        40          0          0          0          0         68   fpclassify.o

    ----------------------------------------------------------------------
      8288        354        552          0        100       5268   Library Totals
        14          0          1          0          4          0   (incl. Padding)

    ----------------------------------------------------------------------

      Code (inc. data)   RO Data    RW Data    ZI Data      Debug   Library Name

      7344        270        551          0         96       4596   c_w.l
       890         84          0          0          0        604   fz_ws.l
        40          0          0          0          0         68   m_ws.l

    ----------------------------------------------------------------------
      8288        354        552          0        100       5268   Library Totals

    ----------------------------------------------------------------------

==============================================================================


      Code (inc. data)   RO Data    RW Data    ZI Data      Debug   

     17228        888       2188        112       2440     339929   Grand Totals
     17228        888       2188        112       2440     339929   ELF Image Totals
     17228        888       2188        112          0          0   ROM Totals

==============================================================================

    Total RO  Size (Code + RO Data)                19416 (  18.96kB)
    Total RW  Size (RW Data + ZI Data)              2552 (   2.49kB)
    Total ROM Size (Code + RO Data + RW Data)      19528 (  19.07kB)

==============================================================================

