Component: ARM Compiler 5.06 update 5 (build 528) Tool: armlink [4d35e2]

==============================================================================

Section Cross References

    startup_stm32f10x_md.o(RESET) refers to startup_stm32f10x_md.o(STACK) for __initial_sp
    startup_stm32f10x_md.o(RESET) refers to startup_stm32f10x_md.o(.text) for Reset_Handler
    startup_stm32f10x_md.o(RESET) refers to stm32f10x_it.o(i.NMI_Handler) for NMI_Handler
    startup_stm32f10x_md.o(RESET) refers to stm32f10x_it.o(i.HardFault_Handler) for HardFault_Handler
    startup_stm32f10x_md.o(RESET) refers to stm32f10x_it.o(i.MemManage_Handler) for MemManage_Handler
    startup_stm32f10x_md.o(RESET) refers to stm32f10x_it.o(i.BusFault_Handler) for BusFault_Handler
    startup_stm32f10x_md.o(RESET) refers to stm32f10x_it.o(i.UsageFault_Handler) for UsageFault_Handler
    startup_stm32f10x_md.o(RESET) refers to stm32f10x_it.o(i.SVC_Handler) for SVC_Handler
    startup_stm32f10x_md.o(RESET) refers to stm32f10x_it.o(i.DebugMon_Handler) for DebugMon_Handler
    startup_stm32f10x_md.o(RESET) refers to stm32f10x_it.o(i.PendSV_Handler) for PendSV_Handler
    startup_stm32f10x_md.o(RESET) refers to stm32f10x_it.o(i.SysTick_Handler) for SysTick_Handler
    startup_stm32f10x_md.o(RESET) refers to console_usart.o(i.USART1_IRQHandler) for USART1_IRQHandler
    startup_stm32f10x_md.o(.text) refers to system_stm32f10x.o(i.SystemInit) for SystemInit
    startup_stm32f10x_md.o(.text) refers to entry.o(.ARM.Collect$$$$00000000) for __main
    system_stm32f10x.o(i.SetSysClock) refers to system_stm32f10x.o(i.SetSysClockTo72) for SetSysClockTo72
    system_stm32f10x.o(i.SystemCoreClockUpdate) refers to system_stm32f10x.o(.data) for SystemCoreClock
    system_stm32f10x.o(i.SystemInit) refers to system_stm32f10x.o(i.SetSysClock) for SetSysClock
    stm32f10x_adc.o(i.ADC_DeInit) refers to stm32f10x_rcc.o(i.RCC_APB2PeriphResetCmd) for RCC_APB2PeriphResetCmd
    stm32f10x_bkp.o(i.BKP_DeInit) refers to stm32f10x_rcc.o(i.RCC_BackupResetCmd) for RCC_BackupResetCmd
    stm32f10x_can.o(i.CAN_DeInit) refers to stm32f10x_rcc.o(i.RCC_APB1PeriphResetCmd) for RCC_APB1PeriphResetCmd
    stm32f10x_can.o(i.CAN_GetITStatus) refers to stm32f10x_can.o(i.CheckITStatus) for CheckITStatus
    stm32f10x_cec.o(i.CEC_DeInit) refers to stm32f10x_rcc.o(i.RCC_APB1PeriphResetCmd) for RCC_APB1PeriphResetCmd
    stm32f10x_dac.o(i.DAC_DeInit) refers to stm32f10x_rcc.o(i.RCC_APB1PeriphResetCmd) for RCC_APB1PeriphResetCmd
    stm32f10x_flash.o(i.FLASH_EnableWriteProtection) refers to stm32f10x_flash.o(i.FLASH_WaitForLastOperation) for FLASH_WaitForLastOperation
    stm32f10x_flash.o(i.FLASH_EraseAllBank1Pages) refers to stm32f10x_flash.o(i.FLASH_WaitForLastBank1Operation) for FLASH_WaitForLastBank1Operation
    stm32f10x_flash.o(i.FLASH_EraseAllPages) refers to stm32f10x_flash.o(i.FLASH_WaitForLastOperation) for FLASH_WaitForLastOperation
    stm32f10x_flash.o(i.FLASH_EraseOptionBytes) refers to stm32f10x_flash.o(i.FLASH_GetReadOutProtectionStatus) for FLASH_GetReadOutProtectionStatus
    stm32f10x_flash.o(i.FLASH_EraseOptionBytes) refers to stm32f10x_flash.o(i.FLASH_WaitForLastOperation) for FLASH_WaitForLastOperation
    stm32f10x_flash.o(i.FLASH_ErasePage) refers to stm32f10x_flash.o(i.FLASH_WaitForLastOperation) for FLASH_WaitForLastOperation
    stm32f10x_flash.o(i.FLASH_ProgramHalfWord) refers to stm32f10x_flash.o(i.FLASH_WaitForLastOperation) for FLASH_WaitForLastOperation
    stm32f10x_flash.o(i.FLASH_ProgramOptionByteData) refers to stm32f10x_flash.o(i.FLASH_WaitForLastOperation) for FLASH_WaitForLastOperation
    stm32f10x_flash.o(i.FLASH_ProgramWord) refers to stm32f10x_flash.o(i.FLASH_WaitForLastOperation) for FLASH_WaitForLastOperation
    stm32f10x_flash.o(i.FLASH_ReadOutProtection) refers to stm32f10x_flash.o(i.FLASH_WaitForLastOperation) for FLASH_WaitForLastOperation
    stm32f10x_flash.o(i.FLASH_UserOptionByteConfig) refers to stm32f10x_flash.o(i.FLASH_WaitForLastOperation) for FLASH_WaitForLastOperation
    stm32f10x_flash.o(i.FLASH_WaitForLastBank1Operation) refers to stm32f10x_flash.o(i.FLASH_GetBank1Status) for FLASH_GetBank1Status
    stm32f10x_flash.o(i.FLASH_WaitForLastOperation) refers to stm32f10x_flash.o(i.FLASH_GetBank1Status) for FLASH_GetBank1Status
    stm32f10x_gpio.o(i.GPIO_AFIODeInit) refers to stm32f10x_rcc.o(i.RCC_APB2PeriphResetCmd) for RCC_APB2PeriphResetCmd
    stm32f10x_gpio.o(i.GPIO_DeInit) refers to stm32f10x_rcc.o(i.RCC_APB2PeriphResetCmd) for RCC_APB2PeriphResetCmd
    stm32f10x_i2c.o(i.I2C_DeInit) refers to stm32f10x_rcc.o(i.RCC_APB1PeriphResetCmd) for RCC_APB1PeriphResetCmd
    stm32f10x_i2c.o(i.I2C_Init) refers to stm32f10x_rcc.o(i.RCC_GetClocksFreq) for RCC_GetClocksFreq
    stm32f10x_pwr.o(i.PWR_DeInit) refers to stm32f10x_rcc.o(i.RCC_APB1PeriphResetCmd) for RCC_APB1PeriphResetCmd
    stm32f10x_rcc.o(i.RCC_GetClocksFreq) refers to stm32f10x_rcc.o(.data) for APBAHBPrescTable
[...]
    Liabrary\stm32f10x_cec.c                 0x00000000   Number         0  stm32f10x_cec.o ABSOLUTE
    Liabrary\stm32f10x_crc.c                 0x00000000   Number         0  stm32f10x_crc.o ABSOLUTE
    Liabrary\stm32f10x_dac.c                 0x00000000   Number         0  stm32f10x_dac.o ABSOLUTE
    Liabrary\stm32f10x_dbgmcu.c              0x00000000   Number         0  stm32f10x_dbgmcu.o ABSOLUTE
    Liabrary\stm32f10x_dma.c                 0x00000000   Number         0  stm32f10x_dma.o ABSOLUTE
    Liabrary\stm32f10x_exti.c                0x00000000   Number         0  stm32f10x_exti.o ABSOLUTE
    Liabrary\stm32f10x_flash.c               0x00000000   Number         0  stm32f10x_flash.o ABSOLUTE
    Liabrary\stm32f10x_fsmc.c                0x00000000   Number         0  stm32f10x_fsmc.o ABSOLUTE
    Liabrary\stm32f10x_gpio.c                0x00000000   Number         0  stm32f10x_gpio.o ABSOLUTE
    Liabrary\stm32f10x_i2c.c                 0x00000000   Number         0  stm32f10x_i2c.o ABSOLUTE
    Liabrary\stm32f10x_iwdg.c                0x00000000   Number         0  stm32f10x_iwdg.o ABSOLUTE
    Liabrary\stm32f10x_pwr.c                 0x00000000   Number         0  stm32f10x_pwr.o ABSOLUTE
    Liabrary\stm32f10x_rcc.c                 0x00000000   Number         0  stm32f10x_rcc.o ABSOLUTE
    Liabrary\stm32f10x_rtc.c                 0x00000000   Number         0  stm32f10x_rtc.o ABSOLUTE
    Liabrary\stm32f10x_sdio.c                0x00000000   Number         0  stm32f10x_sdio.o ABSOLUTE
    Liabrary\stm32f10x_spi.c                 0x00000000   Number         0  stm32f10x_spi.o ABSOLUTE
    Liabrary\stm32f10x_tim.c                 0x00000000   Number         0  stm32f10x_tim.o ABSOLUTE
    Liabrary\stm32f10x_usart.c               0x00000000   Number         0  stm32f10x_usart.o ABSOLUTE
    Liabrary\stm32f10x_wwdg.c                0x00000000   Number         0  stm32f10x_wwdg.o ABSOLUTE
    Start\\core_cm3.c                        0x00000000   Number         0  core_cm3.o ABSOLUTE
    Start\core_cm3.c                         0x00000000   Number         0  core_cm3.o ABSOLUTE
    Start\startup_stm32f10x_md.s             0x00000000   Number         0  startup_stm32f10x_md.o ABSOLUTE
    Start\system_stm32f10x.c                 0x00000000   Number         0  system_stm32f10x.o ABSOLUTE
    System\Delay.c                           0x00000000   Number         0  delay.o ABSOLUTE
    User\commands\add.c                      0x00000000   Number         0  add.o ABSOLUTE
    User\commands\helloworld.c               0x00000000   Number         0  helloworld.o ABSOLUTE
    User\commands\mem.c                      0x00000000   Number         0  mem.o ABSOLUTE
    User\main.c                              0x00000000   Number         0  main.o ABSOLUTE
    User\mem_mgnt.c                          0x00000000   Number         0  mem_mgnt.o ABSOLUTE
    User\override\malloc.c                   0x00000000   Number         0  malloc.o ABSOLUTE
    User\stm32f10x_it.c                      0x00000000   Number         0  stm32f10x_it.o ABSOLUTE
    cdrcmple.s                               0x00000000   Number         0  cdrcmple.o ABSOLUTE
    dc.s                                     0x00000000   Number         0  dc.o ABSOLUTE
    handlers.s                               0x00000000   Number         0  handlers.o ABSOLUTE
    init.s                                   0x00000000   Number         0  init.o ABSOLUTE
    thirdlib\lettershell\shell.c             0x00000000   Number         0  shell.o ABSOLUTE
    thirdlib\lettershell\shell_cmd_list.c    0x00000000   Number         0  shell_cmd_list.o ABSOLUTE
    thirdlib\lettershell\shell_ext.c         0x00000000   Number         0  shell_ext.o ABSOLUTE
    thirdlib\ringbuffer8\ringbuffer8.c       0x00000000   Number         0  ringbuffer8.o ABSOLUTE
    thirdlib\tlsf\tlsf.c                     0x00000000   Number         0  tlsf.o ABSOLUTE
    RESET                                    0x08000000   Section      236  startup_stm32f10x_md.o(RESET)
    .ARM.Collect$$$$00000000                 0x080000ec   Section        0  entry.o(.ARM.Collect$$$$00000000)
    .ARM.Collect$$$$00000001                 0x080000ec   Section        4  entry2.o(.ARM.Collect$$$$00000001)
    .ARM.Collect$$$$00000004                 0x080000f0   Section        4  entry5.o(.ARM.Collect$$$$00000004)
    .ARM.Collect$$$$00000008                 0x080000f4   Section        0  entry7b.o(.ARM.Collect$$$$00000008)
    .ARM.Collect$$$$0000000A                 0x080000f4   Section        0  entry8b.o(.ARM.Collect$$$$0000000A)
    .ARM.Collect$$$$0000000B                 0x080000f4   Section        8  entry9a.o(.ARM.Collect$$$$0000000B)
    .ARM.Collect$$$$0000000D                 0x080000fc   Section        0  entry10a.o(.ARM.Collect$$$$0000000D)
    .ARM.Collect$$$$0000000F                 0x080000fc   Section        0  entry11a.o(.ARM.Collect$$$$0000000F)
    .ARM.Collect$$$$00002712                 0x080000fc   Section        4  entry2.o(.ARM.Collect$$$$00002712)
    __lit__00000000                          0x080000fc   Data           4  entry2.o(.ARM.Collect$$$$00002712)
    .text                                    0x08000100   Section       36  startup_stm32f10x_md.o(.text)
    .text                                    0x08000124   Section        0  memseta.o(.text)
    .text                                    0x08000148   Section        0  strlen.o(.text)
    .text                                    0x08000156   Section        0  strcmp.o(.text)
    .text                                    0x08000172   Section        0  strncmp.o(.text)
    .text                                    0x08000190   Section        0  atoi.o(.text)
    .text                                    0x080001aa   Section        0  fmul.o(.text)
    .text                                    0x0800020e   Section        0  fdiv.o(.text)
    .text                                    0x0800028a   Section        0  fflti.o(.text)
    .text                                    0x0800029c   Section        0  ffltui.o(.text)
    .text                                    0x080002a6   Section        0  uidiv.o(.text)
    .text                                    0x080002d2   Section        0  uldiv.o(.text)
    .text                                    0x08000334   Section        0  strtol.o(.text)
    .text                                    0x080003a4   Section        0  fepilogue.o(.text)
    .text                                    0x080003a4   Section        0  iusefp.o(.text)
    .text                                    0x08000412   Section        0  dadd.o(.text)
    .text                                    0x08000560   Section        0  dmul.o(.text)
    .text                                    0x08000644   Section        0  ddiv.o(.text)
    .text                                    0x08000722   Section        0  dfixul.o(.text)
    .text                                    0x08000754   Section       48  cdrcmple.o(.text)
    .text                                    0x08000784   Section       36  init.o(.text)
    .text                                    0x080007a8   Section        0  llshl.o(.text)
    .text                                    0x080007a8   Section        0  semi.o(.text)
    .text                                    0x080007c6   Section        0  llushr.o(.text)
    .text                                    0x080007e6   Section        0  llsshr.o(.text)
    .text                                    0x0800080c   Section        0  ctype_o.o(.text)
    .text                                    0x08000814   Section        0  _strtoul.o(.text)
    .text                                    0x080008b2   Section        0  iusesemip.o(.text)
    .text                                    0x080008b2   Section        0  depilogue.o(.text)
    .text                                    0x0800096c   Section        0  _chval.o(.text)
    i.BusFault_Handler                       0x08000988   Section        0  stm32f10x_it.o(i.BusFault_Handler)
    i.DebugMon_Handler                       0x0800098c   Section        0  stm32f10x_it.o(i.DebugMon_Handler)
    i.GPIO_Init                              0x0800098e   Section        0  stm32f10x_gpio.o(i.GPIO_Init)
    i.HardFault_Handler                      0x08000aa4   Section        0  stm32f10x_it.o(i.HardFault_Handler)
    i.MemManage_Handler                      0x08000aa8   Section        0  stm32f10x_it.o(i.MemManage_Handler)
    i.NMI_Handler                            0x08000aac   Section        0  stm32f10x_it.o(i.NMI_Handler)
    i.NVIC_Init                              0x08000ab0   Section        0  misc.o(i.NVIC_Init)
    i.NVIC_PriorityGroupConfig               0x08000b20   Section        0  misc.o(i.NVIC_PriorityGroupConfig)
    i.PendSV_Handler                         0x08000b34   Section        0  stm32f10x_it.o(i.PendSV_Handler)
    i.RCC_APB2PeriphClockCmd                 0x08000b38   Section        0  stm32f10x_rcc.o(i.RCC_APB2PeriphClockCmd)
    i.RCC_GetClocksFreq                      0x08000b58   Section        0  stm32f10x_rcc.o(i.RCC_GetClocksFreq)
    i.SVC_Handler                            0x08000c2c   Section        0  stm32f10x_it.o(i.SVC_Handler)
    i.SetSysClock                            0x08000c2e   Section        0  system_stm32f10x.o(i.SetSysClock)
    SetSysClock                              0x08000c2f   Thumb Code     8  system_stm32f10x.o(i.SetSysClock)
    i.SetSysClockTo72                        0x08000c38   Section        0  system_stm32f10x.o(i.SetSysClockTo72)
    SetSysClockTo72                          0x08000c39   Thumb Code   214  system_stm32f10x.o(i.SetSysClockTo72)
    i.SysTick_Handler                        0x08000d18   Section        0  stm32f10x_it.o(i.SysTick_Handler)
    i.SystemInit                             0x08000d1c   Section        0  system_stm32f10x.o(i.SystemInit)
    i.USART1_IRQHandler                      0x08000d7c   Section        0  console_usart.o(i.USART1_IRQHandler)
    i.USART_ClearITPendingBit                0x08000db8   Section        0  stm32f10x_usart.o(i.USART_ClearITPendingBit)
    i.USART_Cmd                              0x08000dd6   Section        0  stm32f10x_usart.o(i.USART_Cmd)
    i.USART_GetFlagStatus                    0x08000dee   Section        0  stm32f10x_usart.o(i.USART_GetFlagStatus)
    i.USART_GetITStatus                      0x08000e08   Section        0  stm32f10x_usart.o(i.USART_GetITStatus)
    i.USART_ITConfig                         0x08000e5c   Section        0  stm32f10x_usart.o(i.USART_ITConfig)
    i.USART_Init                             0x08000ea8   Section        0  stm32f10x_usart.o(i.USART_Init)
    i.USART_ReceiveData                      0x08000f80   Section        0  stm32f10x_usart.o(i.USART_ReceiveData)
    i.USART_SendData                         0x08000f8a   Section        0  stm32f10x_usart.o(i.USART_SendData)
    i.USART_StructInit                       0x08000f92   Section        0  stm32f10x_usart.o(i.USART_StructInit)
    i.UsageFault_Handler                     0x08000faa   Section        0  stm32f10x_it.o(i.UsageFault_Handler)
    i.__0printf                              0x08000fb0   Section        0  printfa.o(i.__0printf)
    i.__0vsnprintf                           0x08000fd0   Section        0  printfa.o(i.__0vsnprintf)
    i.__aeabi_errno_addr                     0x08000ffc   Section        0  errno.o(i.__aeabi_errno_addr)
    i.__scatterload_copy                     0x08001004   Section       14  handlers.o(i.__scatterload_copy)
    i.__scatterload_null                     0x08001012   Section        2  handlers.o(i.__scatterload_null)
    i.__scatterload_zeroinit                 0x08001014   Section       14  handlers.o(i.__scatterload_zeroinit)
    i._fp_digits                             0x08001024   Section        0  printfa.o(i._fp_digits)
    _fp_digits                               0x08001025   Thumb Code   366  printfa.o(i._fp_digits)
    i._printf_core                           0x080011a8   Section        0  printfa.o(i._printf_core)
    _printf_core                             0x080011a9   Thumb Code  1744  printfa.o(i._printf_core)
    i._printf_post_padding                   0x08001884   Section        0  printfa.o(i._printf_post_padding)
    _printf_post_padding                     0x08001885   Thumb Code    36  printfa.o(i._printf_post_padding)
    i._printf_pre_padding                    0x080018a8   Section        0  printfa.o(i._printf_pre_padding)
    _printf_pre_padding                      0x080018a9   Thumb Code    46  printfa.o(i._printf_pre_padding)
    i._shell_write                           0x080018d6   Section        0  main.o(i._shell_write)
    i._snputc                                0x080018f2   Section        0  printfa.o(i._snputc)
    _snputc                                  0x080018f3   Thumb Code    22  printfa.o(i._snputc)
    i.adjust_request_size                    0x08001908   Section        0  tlsf.o(i.adjust_request_size)
    adjust_request_size                      0x08001909   Thumb Code    48  tlsf.o(i.adjust_request_size)
    i.agencyshellRun                         0x08001938   Section        0  shell_cmd_list.o(i.agencyshellRun)
    i.align_down                             0x08001958   Section        0  tlsf.o(i.align_down)
    align_down                               0x08001959   Thumb Code    10  tlsf.o(i.align_down)
    i.align_up                               0x08001962   Section        0  tlsf.o(i.align_up)
    align_up                                 0x08001963   Thumb Code    12  tlsf.o(i.align_up)
    i.block_absorb                           0x0800196e   Section        0  tlsf.o(i.block_absorb)
    block_absorb                             0x0800196f   Thumb Code    30  tlsf.o(i.block_absorb)
    i.block_can_split                        0x0800198c   Section        0  tlsf.o(i.block_can_split)
    block_can_split                          0x0800198d   Thumb Code    28  tlsf.o(i.block_can_split)
    i.block_from_ptr                         0x080019a8   Section        0  tlsf.o(i.block_from_ptr)
    block_from_ptr                           0x080019a9   Thumb Code     8  tlsf.o(i.block_from_ptr)
    i.block_insert                           0x080019b0   Section        0  tlsf.o(i.block_insert)
    block_insert                             0x080019b1   Thumb Code    36  tlsf.o(i.block_insert)
    i.block_is_free                          0x080019d4   Section        0  tlsf.o(i.block_is_free)
    block_is_free                            0x080019d5   Thumb Code    10  tlsf.o(i.block_is_free)
    i.block_is_prev_free                     0x080019de   Section        0  tlsf.o(i.block_is_prev_free)
    block_is_prev_free                       0x080019df   Thumb Code    10  tlsf.o(i.block_is_prev_free)
    i.block_link_next                        0x080019e8   Section        0  tlsf.o(i.block_link_next)
    block_link_next                          0x080019e9   Thumb Code    18  tlsf.o(i.block_link_next)
    i.block_locate_free                      0x080019fa   Section        0  tlsf.o(i.block_locate_free)
    block_locate_free                        0x080019fb   Thumb Code    62  tlsf.o(i.block_locate_free)
    i.block_mark_as_free                     0x08001a38   Section        0  tlsf.o(i.block_mark_as_free)
    block_mark_as_free                       0x08001a39   Thumb Code    26  tlsf.o(i.block_mark_as_free)
    i.block_mark_as_used                     0x08001a52   Section        0  tlsf.o(i.block_mark_as_used)
    block_mark_as_used                       0x08001a53   Thumb Code    26  tlsf.o(i.block_mark_as_used)
    i.block_merge_next                       0x08001a6c   Section        0  tlsf.o(i.block_merge_next)
    block_merge_next                         0x08001a6d   Thumb Code    44  tlsf.o(i.block_merge_next)
    i.block_merge_prev                       0x08001a98   Section        0  tlsf.o(i.block_merge_prev)
    block_merge_prev                         0x08001a99   Thumb Code    46  tlsf.o(i.block_merge_prev)
    i.block_next                             0x08001ac6   Section        0  tlsf.o(i.block_next)
    block_next                               0x08001ac7   Thumb Code    36  tlsf.o(i.block_next)
    i.block_prepare_used                     0x08001aea   Section        0  tlsf.o(i.block_prepare_used)
    block_prepare_used                       0x08001aeb   Thumb Code    44  tlsf.o(i.block_prepare_used)
    i.block_prev                             0x08001b16   Section        0  tlsf.o(i.block_prev)
    block_prev                               0x08001b17   Thumb Code     6  tlsf.o(i.block_prev)
    i.block_remove                           0x08001b1c   Section        0  tlsf.o(i.block_remove)
    block_remove                             0x08001b1d   Thumb Code    36  tlsf.o(i.block_remove)
    i.block_set_free                         0x08001b40   Section        0  tlsf.o(i.block_set_free)
    block_set_free                           0x08001b41   Thumb Code    10  tlsf.o(i.block_set_free)
    i.block_set_prev_free                    0x08001b4a   Section        0  tlsf.o(i.block_set_prev_free)
    block_set_prev_free                      0x08001b4b   Thumb Code    10  tlsf.o(i.block_set_prev_free)
    i.block_set_prev_used                    0x08001b54   Section        0  tlsf.o(i.block_set_prev_used)
    block_set_prev_used                      0x08001b55   Thumb Code    10  tlsf.o(i.block_set_prev_used)
    i.block_set_size                         0x08001b5e   Section        0  tlsf.o(i.block_set_size)
    block_set_size                           0x08001b5f   Thumb Code    12  tlsf.o(i.block_set_size)
    i.block_set_used                         0x08001b6a   Section        0  tlsf.o(i.block_set_used)
    block_set_used                           0x08001b6b   Thumb Code    10  tlsf.o(i.block_set_used)
    i.block_size                             0x08001b74   Section        0  tlsf.o(i.block_size)
    block_size                               0x08001b75   Thumb Code    10  tlsf.o(i.block_size)
    i.block_split                            0x08001b7e   Section        0  tlsf.o(i.block_split)
    block_split                              0x08001b7f   Thumb Code    62  tlsf.o(i.block_split)
    i.block_to_ptr                           0x08001bbc   Section        0  tlsf.o(i.block_to_ptr)
    block_to_ptr                             0x08001bbd   Thumb Code     8  tlsf.o(i.block_to_ptr)
    i.block_trim_free                        0x08001bc4   Section        0  tlsf.o(i.block_trim_free)
    block_trim_free                          0x08001bc5   Thumb Code    56  tlsf.o(i.block_trim_free)
    i.borad_init                             0x08001bfc   Section        0  console_usart.o(i.borad_init)
    i.cmd_add                                0x08001c18   Section        0  add.o(i.cmd_add)
    i.cmd_helloworld                         0x08001c94   Section        0  helloworld.o(i.cmd_helloworld)
    i.cmd_mem                                0x08001d24   Section        0  mem.o(i.cmd_mem)
    i.control_construct                      0x08001d74   Section        0  tlsf.o(i.control_construct)
    control_construct                        0x08001d75   Thumb Code    54  tlsf.o(i.control_construct)
    i.fputc                                  0x08001daa   Section        0  fputc.o(i.fputc)
    i.free                                   0x08001dbc   Section        0  malloc.o(i.free)
    i.insert_free_block                      0x08001dc8   Section        0  tlsf.o(i.insert_free_block)
    insert_free_block                        0x08001dc9   Thumb Code    66  tlsf.o(i.insert_free_block)
    i.main                                   0x08001e0c   Section        0  main.o(i.main)
    i.malloc                                 0x08001e7c   Section        0  malloc.o(i.malloc)
    i.mapping_insert                         0x08001e88   Section        0  tlsf.o(i.mapping_insert)
    mapping_insert                           0x08001e89   Thumb Code    58  tlsf.o(i.mapping_insert)
    i.mapping_search                         0x08001ec2   Section        0  tlsf.o(i.mapping_search)
    mapping_search                           0x08001ec3   Thumb Code    48  tlsf.o(i.mapping_search)
    i.mem_free                               0x08001ef4   Section        0  mem_mgnt.o(i.mem_free)
    i.mem_init                               0x08001f08   Section        0  mem_mgnt.o(i.mem_init)
    i.mem_malloc                             0x08001f2c   Section        0  mem_mgnt.o(i.mem_malloc)
    i.next_head                              0x08001f40   Section        0  ringbuffer8.o(i.next_head)
    next_head                                0x08001f41   Thumb Code    24  ringbuffer8.o(i.next_head)
    i.offset_to_block                        0x08001f58   Section        0  tlsf.o(i.offset_to_block)
    offset_to_block                          0x08001f59   Thumb Code     6  tlsf.o(i.offset_to_block)
    i.rb8_empty                              0x08001f5e   Section        0  ringbuffer8.o(i.rb8_empty)
    i.rb8_full                               0x08001f70   Section        0  ringbuffer8.o(i.rb8_full)
    i.rb8_get                                0x08001f88   Section        0  ringbuffer8.o(i.rb8_get)
    i.rb8_new                                0x08001fbc   Section        0  ringbuffer8.o(i.rb8_new)
    i.rb8_put                                0x08001fc8   Section        0  ringbuffer8.o(i.rb8_put)
    i.remove_free_block                      0x08001ff2   Section        0  tlsf.o(i.remove_free_block)
    remove_free_block                        0x08001ff3   Thumb Code    84  tlsf.o(i.remove_free_block)
    i.search_suitable_block                  0x08002046   Section        0  tlsf.o(i.search_suitable_block)
    search_suitable_block                    0x08002047   Thumb Code   114  tlsf.o(i.search_suitable_block)
    i.shellAdd                               0x080020b8   Section        0  shell.o(i.shellAdd)
    shellAdd                                 0x080020b9   Thumb Code    34  shell.o(i.shellAdd)
    i.shellBackspace                         0x080020e0   Section        0  shell.o(i.shellBackspace)
    i.shellCheckPassword                     0x080020f0   Section        0  shell.o(i.shellCheckPassword)
    shellCheckPassword                       0x080020f1   Thumb Code    62  shell.o(i.shellCheckPassword)
    i.shellCheckPermission                   0x08002134   Section        0  shell.o(i.shellCheckPermission)
    i.shellClear                             0x0800216c   Section        0  shell.o(i.shellClear)
    i.shellClearCommandLine                  0x08002188   Section        0  shell.o(i.shellClearCommandLine)
    i.shellCmds                              0x080021b0   Section        0  shell.o(i.shellCmds)
    i.shellDelete                            0x080021c2   Section        0  shell.o(i.shellDelete)
    i.shellDeleteByte                        0x080021d2   Section        0  shell.o(i.shellDeleteByte)
    i.shellDeleteCommandLine                 0x080022ac   Section        0  shell.o(i.shellDeleteCommandLine)
    i.shellDown                              0x080022cc   Section        0  shell.o(i.shellDown)
    i.shellEnter                             0x080022dc   Section        0  shell.o(i.shellEnter)
    i.shellExec                              0x080022f0   Section        0  shell.o(i.shellExec)
    i.shellExtNumType                        0x08002368   Section        0  shell_ext.o(i.shellExtNumType)
    shellExtNumType                          0x08002369   Thumb Code    88  shell_ext.o(i.shellExtNumType)
    i.shellExtParseChar                      0x080023c0   Section        0  shell_ext.o(i.shellExtParseChar)
    shellExtParseChar                        0x080023c1   Thumb Code    70  shell_ext.o(i.shellExtParseChar)
    i.shellExtParseNumber                    0x08002406   Section        0  shell_ext.o(i.shellExtParseNumber)
    shellExtParseNumber                      0x08002407   Thumb Code   232  shell_ext.o(i.shellExtParseNumber)
    i.shellExtParsePara                      0x080024ee   Section        0  shell_ext.o(i.shellExtParsePara)
    i.shellExtParseString                    0x08002544   Section        0  shell_ext.o(i.shellExtParseString)
    shellExtParseString                      0x08002545   Thumb Code    74  shell_ext.o(i.shellExtParseString)
    i.shellExtParseVar                       0x0800258e   Section        0  shell_ext.o(i.shellExtParseVar)
    shellExtParseVar                         0x0800258f   Thumb Code    36  shell_ext.o(i.shellExtParseVar)
    i.shellExtRun                            0x080025b2   Section        0  shell_ext.o(i.shellExtRun)
    i.shellExtToNum                          0x08002930   Section        0  shell_ext.o(i.shellExtToNum)
    shellExtToNum                            0x08002931   Thumb Code    54  shell_ext.o(i.shellExtToNum)
    i.shellGetCommandDesc                    0x08002966   Section        0  shell.o(i.shellGetCommandDesc)
    shellGetCommandDesc                      0x08002967   Thumb Code    48  shell.o(i.shellGetCommandDesc)
    i.shellGetCommandName                    0x08002998   Section        0  shell.o(i.shellGetCommandName)
    shellGetCommandName                      0x08002999   Thumb Code    76  shell.o(i.shellGetCommandName)
    i.shellGetCurrent                        0x080029e8   Section        0  shell.o(i.shellGetCurrent)
    i.shellGetVarValue                       0x08002a1c   Section        0  shell.o(i.shellGetVarValue)
    i.shellHandler                           0x08002a70   Section        0  shell.o(i.shellHandler)
    i.shellHelp                              0x08002b60   Section        0  shell.o(i.shellHelp)
    i.shellHistory                           0x08002b8c   Section        0  shell.o(i.shellHistory)
    shellHistory                             0x08002b8d   Thumb Code   194  shell.o(i.shellHistory)
    i.shellHistoryAdd                        0x08002c4e   Section        0  shell.o(i.shellHistoryAdd)
    shellHistoryAdd                          0x08002c4f   Thumb Code   122  shell.o(i.shellHistoryAdd)
    i.shellInit                              0x08002cc8   Section        0  shell.o(i.shellInit)
    i.shellInsertByte                        0x08002d60   Section        0  shell.o(i.shellInsertByte)
    i.shellKeys                              0x08002e3c   Section        0  shell.o(i.shellKeys)
    i.shellLeft                              0x08002e4e   Section        0  shell.o(i.shellLeft)
    i.shellListAll                           0x08002e68   Section        0  shell.o(i.shellListAll)
    i.shellListCommand                       0x08002e74   Section        0  shell.o(i.shellListCommand)
    i.shellListItem                          0x08002ec0   Section        0  shell.o(i.shellListItem)
    i.shellListKey                           0x08002f90   Section        0  shell.o(i.shellListKey)
    i.shellListUser                          0x08002fe8   Section        0  shell.o(i.shellListUser)
    i.shellListVar                           0x08003040   Section        0  shell.o(i.shellListVar)
    i.shellNormalInput                       0x08003098   Section        0  shell.o(i.shellNormalInput)
    i.shellParserParam                       0x080030b4   Section        0  shell.o(i.shellParserParam)
    shellParserParam                         0x080030b5   Thumb Code   150  shell.o(i.shellParserParam)
    i.shellPrint                             0x0800314a   Section        0  shell.o(i.shellPrint)
    i.shellRemoveParamQuotes                 0x0800317c   Section        0  shell.o(i.shellRemoveParamQuotes)
    shellRemoveParamQuotes                   0x0800317d   Thumb Code   106  shell.o(i.shellRemoveParamQuotes)
    i.shellRight                             0x080031e6   Section        0  shell.o(i.shellRight)
    i.shellRun                               0x08003204   Section        0  shell.o(i.shellRun)
    i.shellRunCommand                        0x08003260   Section        0  shell.o(i.shellRunCommand)
    i.shellSeekCommand                       0x08003312   Section        0  shell.o(i.shellSeekCommand)
    i.shellSetUser                           0x0800338c   Section        0  shell.o(i.shellSetUser)
    shellSetUser                             0x0800338d   Thumb Code    76  shell.o(i.shellSetUser)
    i.shellSetVar                            0x080033dc   Section        0  shell.o(i.shellSetVar)
    i.shellSetVarValue                       0x0800344c   Section        0  shell.o(i.shellSetVarValue)
    i.shellShowVar                           0x080034dc   Section        0  shell.o(i.shellShowVar)
    shellShowVar                             0x080034dd   Thumb Code   158  shell.o(i.shellShowVar)
    i.shellStringCompare                     0x0800359c   Section        0  shell.o(i.shellStringCompare)
    shellStringCompare                       0x0800359d   Thumb Code    44  shell.o(i.shellStringCompare)
    i.shellStringCopy                        0x080035c8   Section        0  shell.o(i.shellStringCopy)
    shellStringCopy                          0x080035c9   Thumb Code    24  shell.o(i.shellStringCopy)
    i.shellTab                               0x080035e0   Section        0  shell.o(i.shellTab)
    i.shellToDec                             0x080036f0   Section        0  shell.o(i.shellToDec)
    i.shellToHex                             0x08003746   Section        0  shell.o(i.shellToHex)
    i.shellUp                                0x0800377e   Section        0  shell.o(i.shellUp)
    i.shellUsers                             0x0800378c   Section        0  shell.o(i.shellUsers)
    i.shellVars                              0x0800379e   Section        0  shell.o(i.shellVars)
    i.shellWriteByte                         0x080037b0   Section        0  shell.o(i.shellWriteByte)
    shellWriteByte                           0x080037b1   Thumb Code    16  shell.o(i.shellWriteByte)
    i.shellWriteCommandDesc                  0x080037c0   Section        0  shell.o(i.shellWriteCommandDesc)
    shellWriteCommandDesc                    0x080037c1   Thumb Code    96  shell.o(i.shellWriteCommandDesc)
    i.shellWriteCommandHelp                  0x08003824   Section        0  shell.o(i.shellWriteCommandHelp)
    shellWriteCommandHelp                    0x08003825   Thumb Code    98  shell.o(i.shellWriteCommandHelp)
    i.shellWritePrompt                       0x08003890   Section        0  shell.o(i.shellWritePrompt)
    shellWritePrompt                         0x08003891   Thumb Code    84  shell.o(i.shellWritePrompt)
    i.shellWriteReturnValue                  0x080038f8   Section        0  shell.o(i.shellWriteReturnValue)
    shellWriteReturnValue                    0x080038f9   Thumb Code   104  shell.o(i.shellWriteReturnValue)
    i.shellWriteString                       0x08003984   Section        0  shell.o(i.shellWriteString)
    i.tlsf_add_pool                          0x080039b8   Section        0  tlsf.o(i.tlsf_add_pool)
    i.tlsf_create                            0x08003ac8   Section        0  tlsf.o(i.tlsf_create)
    i.tlsf_create_with_pool                  0x08003b24   Section        0  tlsf.o(i.tlsf_create_with_pool)
    i.tlsf_ffs                               0x08003b52   Section        0  tlsf.o(i.tlsf_ffs)
    tlsf_ffs                                 0x08003b53   Thumb Code    24  tlsf.o(i.tlsf_ffs)
    i.tlsf_fls                               0x08003b6a   Section        0  tlsf.o(i.tlsf_fls)
    tlsf_fls                                 0x08003b6b   Thumb Code    22  tlsf.o(i.tlsf_fls)
    i.tlsf_free                              0x08003b80   Section        0  tlsf.o(i.tlsf_free)
    i.tlsf_malloc                            0x08003bbc   Section        0  tlsf.o(i.tlsf_malloc)
    i.tlsf_pool_overhead                     0x08003be8   Section        0  tlsf.o(i.tlsf_pool_overhead)
    i.tlsf_size                              0x08003bec   Section        0  tlsf.o(i.tlsf_size)
    i.usart_callback_register                0x08003bf4   Section        0  console_usart.o(i.usart_callback_register)
    i.usart_init                             0x08003c00   Section        0  console_usart.o(i.usart_init)
    i.usart_irq_init                         0x08003c10   Section        0  console_usart.o(i.usart_irq_init)
    i.usart_lowlevel_init                    0x08003c40   Section        0  console_usart.o(i.usart_lowlevel_init)
    i.usart_pin_init                         0x08003c80   Section        0  console_usart.o(i.usart_pin_init)
    i.usart_rx_handler                       0x08003cc0   Section        0  main.o(i.usart_rx_handler)
    usart_rx_handler                         0x08003cc1   Thumb Code    26  main.o(i.usart_rx_handler)
    i.usart_send_byte                        0x08003ce0   Section        0  console_usart.o(i.usart_send_byte)
    .constdata                               0x08003d00   Section      354  shell_cmd_list.o(.constdata)
    .constdata                               0x08003e62   Section      129  ctype_o.o(.constdata)
    .constdata                               0x08003ee4   Section        4  ctype_o.o(.constdata)
    table                                    0x08003ee4   Data           4  ctype_o.o(.constdata)
    .conststring                             0x08003ee8   Section      677  shell.o(.conststring)
    .conststring                             0x08004190   Section      369  shell_cmd_list.o(.conststring)
    .data                                    0x20000000   Section       20  stm32f10x_rcc.o(.data)
    APBAHBPrescTable                         0x20000000   Data          16  stm32f10x_rcc.o(.data)
    ADCPrescTable                            0x20000010   Data           4  stm32f10x_rcc.o(.data)
    .data                                    0x20000014   Section        4  console_usart.o(.data)
    rx_callback                              0x20000014   Data           4  console_usart.o(.data)
    .data                                    0x20000018   Section        4  main.o(.data)
    rxrb                                     0x20000018   Data           4  main.o(.data)
    .data                                    0x2000001c   Section        4  mem_mgnt.o(.data)
    tlsf                                     0x2000001c   Data           4  mem_mgnt.o(.data)
    .data                                    0x20000020   Section       84  shell.o(.data)
    shellText                                0x20000020   Data          84  shell.o(.data)
    .data                                    0x20000074   Section        4  stdout.o(.data)
    .data                                    0x20000078   Section        4  errno.o(.data)
    _errno                                   0x20000078   Data           4  errno.o(.data)
    .bss                                     0x2000007c   Section      524  main.o(.bss)
    rx_buff                                  0x2000007c   Data         128  main.o(.bss)
    shell                                    0x200000fc   Data         140  main.o(.bss)
    shell_buffer                             0x20000188   Data         256  main.o(.bss)
    .bss                                     0x20000288   Section    10240  mem_mgnt.o(.bss)
    dyl_mem_pool                             0x20000288   Data       10240  mem_mgnt.o(.bss)
    .bss                                     0x20002a88   Section       21  shell.o(.bss)
    shellList                                0x20002a88   Data          12  shell.o(.bss)
    buffer                                   0x20002a94   Data           9  shell.o(.bss)
    STACK                                    0x20002aa0   Section     1024  startup_stm32f10x_md.o(STACK)

    Global Symbols

    Symbol Name                              Value     Ov Type        Size  Object(Section)

    BuildAttributes$$THM_ISAv4$P$D$K$B$S$PE$A:L22UL41UL21$X:L11$S22US41US21$IEEE1$IW$USESV6$~STKCKD$USESV7$~SHL$OTIME$ROPI$EBA8$MICROLIB$REQ8$PRES8$EABIv2 0x00000000   Number         0  anon$$obj.o ABSOLUTE
    __ARM_use_no_argv                        0x00000000   Number         0  main.o ABSOLUTE
    _printf_a                                0x00000000   Number         0  stubs.o ABSOLUTE
    _printf_c                                0x00000000   Number         0  stubs.o ABSOLUTE
    _printf_charcount                        0x00000000   Number         0  stubs.o ABSOLUTE
    _printf_d                                0x00000000   Number         0  stubs.o ABSOLUTE
    _printf_e                                0x00000000   Number         0  stubs.o ABSOLUTE
    _printf_f                                0x00000000   Number         0  stubs.o ABSOLUTE
    _printf_flags                            0x00000000   Number         0  stubs.o ABSOLUTE
    _printf_fp_dec                           0x00000000   Number         0  stubs.o ABSOLUTE
    _printf_fp_hex                           0x00000000   Number         0  stubs.o ABSOLUTE
    _printf_g                                0x00000000   Number         0  stubs.o ABSOLUTE
    _printf_i                                0x00000000   Number         0  stubs.o ABSOLUTE
    _printf_int_dec                          0x00000000   Number         0  stubs.o ABSOLUTE
    _printf_l                                0x00000000   Number         0  stubs.o ABSOLUTE
    _printf_lc                               0x00000000   Number         0  stubs.o ABSOLUTE
    _printf_ll                               0x00000000   Number         0  stubs.o ABSOLUTE
    _printf_lld                              0x00000000   Number         0  stubs.o ABSOLUTE
    _printf_lli                              0x00000000   Number         0  stubs.o ABSOLUTE
    _printf_llo                              0x00000000   Number         0  stubs.o ABSOLUTE
    _printf_llu                              0x00000000   Number         0  stubs.o ABSOLUTE
    _printf_llx                              0x00000000   Number         0  stubs.o ABSOLUTE
    _printf_longlong_dec                     0x00000000   Number         0  stubs.o ABSOLUTE
    _printf_longlong_hex                     0x00000000   Number         0  stubs.o ABSOLUTE
    _printf_longlong_oct                     0x00000000   Number         0  stubs.o ABSOLUTE
    _printf_ls                               0x00000000   Number         0  stubs.o ABSOLUTE
    _printf_mbtowc                           0x00000000   Number         0  stubs.o ABSOLUTE
    _printf_n                                0x00000000   Number         0  stubs.o ABSOLUTE
    _printf_o                                0x00000000   Number         0  stubs.o ABSOLUTE
    _printf_p                                0x00000000   Number         0  stubs.o ABSOLUTE
    _printf_percent                          0x00000000   Number         0  stubs.o ABSOLUTE
    _printf_pre_padding                      0x00000000   Number         0  stubs.o ABSOLUTE
    _printf_return_value                     0x00000000   Number         0  stubs.o ABSOLUTE
    _printf_s                                0x00000000   Number         0  stubs.o ABSOLUTE
    _printf_sizespec                         0x00000000   Number         0  stubs.o ABSOLUTE
    _printf_str                              0x00000000   Number         0  stubs.o ABSOLUTE
    _printf_truncate_signed                  0x00000000   Number         0  stubs.o ABSOLUTE
    _printf_truncate_unsigned                0x00000000   Number         0  stubs.o ABSOLUTE
    _printf_u                                0x00000000   Number         0  stubs.o ABSOLUTE
    _printf_wc                               0x00000000   Number         0  stubs.o ABSOLUTE
    _printf_wctomb                           0x00000000   Number         0  stubs.o ABSOLUTE
    _printf_widthprec                        0x00000000   Number         0  stubs.o ABSOLUTE
    _printf_x                                0x00000000   Number         0  stubs.o ABSOLUTE
    __cpp_initialize__aeabi_                  - Undefined Weak Reference
    __cxa_finalize                            - Undefined Weak Reference
    __decompress                              - Undefined Weak Reference
    _clock_init                               - Undefined Weak Reference
    _microlib_exit                            - Undefined Weak Reference
    __Vectors_Size                           0x000000ec   Number         0  startup_stm32f10x_md.o ABSOLUTE
    __Vectors                                0x08000000   Data           4  startup_stm32f10x_md.o(RESET)
    __Vectors_End                            0x080000ec   Data           0  startup_stm32f10x_md.o(RESET)
    __main                                   0x080000ed   Thumb Code     0  entry.o(.ARM.Collect$$$$00000000)
    _main_stk                                0x080000ed   Thumb Code     0  entry2.o(.ARM.Collect$$$$00000001)
    _main_scatterload                        0x080000f1   Thumb Code     0  entry5.o(.ARM.Collect$$$$00000004)
    __main_after_scatterload                 0x080000f5   Thumb Code     0  entry5.o(.ARM.Collect$$$$00000004)
    _main_clock                              0x080000f5   Thumb Code     0  entry7b.o(.ARM.Collect$$$$00000008)
    _main_cpp_init                           0x080000f5   Thumb Code     0  entry8b.o(.ARM.Collect$$$$0000000A)
    _main_init                               0x080000f5   Thumb Code     0  entry9a.o(.ARM.Collect$$$$0000000B)
    __rt_final_cpp                           0x080000fd   Thumb Code     0  entry10a.o(.ARM.Collect$$$$0000000D)
    __rt_final_exit                          0x080000fd   Thumb Code     0  entry11a.o(.ARM.Collect$$$$0000000F)
    Reset_Handler                            0x08000101   Thumb Code     8  startup_stm32f10x_md.o(.text)
    ADC1_2_IRQHandler                        0x0800011b   Thumb Code     0  startup_stm32f10x_md.o(.text)
    CAN1_RX1_IRQHandler                      0x0800011b   Thumb Code     0  startup_stm32f10x_md.o(.text)
    CAN1_SCE_IRQHandler                      0x0800011b   Thumb Code     0  startup_stm32f10x_md.o(.text)
    DMA1_Channel1_IRQHandler                 0x0800011b   Thumb Code     0  startup_stm32f10x_md.o(.text)
    DMA1_Channel2_IRQHandler                 0x0800011b   Thumb Code     0  startup_stm32f10x_md.o(.text)
    DMA1_Channel3_IRQHandler                 0x0800011b   Thumb Code     0  startup_stm32f10x_md.o(.text)
    DMA1_Channel4_IRQHandler                 0x0800011b   Thumb Code     0  startup_stm32f10x_md.o(.text)
    DMA1_Channel5_IRQHandler                 0x0800011b   Thumb Code     0  startup_stm32f10x_md.o(.text)
    DMA1_Channel6_IRQHandler                 0x0800011b   Thumb Code     0  startup_stm32f10x_md.o(.text)
    DMA1_Channel7_IRQHandler                 0x0800011b   Thumb Code     0  startup_stm32f10x_md.o(.text)
    EXTI0_IRQHandler                         0x0800011b   Thumb Code     0  startup_stm32f10x_md.o(.text)
    EXTI15_10_IRQHandler                     0x0800011b   Thumb Code     0  startup_stm32f10x_md.o(.text)
    EXTI1_IRQHandler                         0x0800011b   Thumb Code     0  startup_stm32f10x_md.o(.text)
    EXTI2_IRQHandler                         0x0800011b   Thumb Code     0  startup_stm32f10x_md.o(.text)
    EXTI3_IRQHandler                         0x0800011b   Thumb Code     0  startup_stm32f10x_md.o(.text)
    EXTI4_IRQHandler                         0x0800011b   Thumb Code     0  startup_stm32f10x_md.o(.text)
    EXTI9_5_IRQHandler                       0x0800011b   Thumb Code     0  startup_stm32f10x_md.o(.text)
    FLASH_IRQHandler                         0x0800011b   Thumb Code     0  startup_stm32f10x_md.o(.text)
    I2C1_ER_IRQHandler                       0x0800011b   Thumb Code     0  startup_stm32f10x_md.o(.text)
    I2C1_EV_IRQHandler                       0x0800011b   Thumb Code     0  startup_stm32f10x_md.o(.text)
    I2C2_ER_IRQHandler                       0x0800011b   Thumb Code     0  startup_stm32f10x_md.o(.text)
    I2C2_EV_IRQHandler                       0x0800011b   Thumb Code     0  startup_stm32f10x_md.o(.text)
    PVD_IRQHandler                           0x0800011b   Thumb Code     0  startup_stm32f10x_md.o(.text)
    RCC_IRQHandler                           0x0800011b   Thumb Code     0  startup_stm32f10x_md.o(.text)
    RTCAlarm_IRQHandler                      0x0800011b   Thumb Code     0  startup_stm32f10x_md.o(.text)
    RTC_IRQHandler                           0x0800011b   Thumb Code     0  startup_stm32f10x_md.o(.text)
    SPI1_IRQHandler                          0x0800011b   Thumb Code     0  startup_stm32f10x_md.o(.text)
    SPI2_IRQHandler                          0x0800011b   Thumb Code     0  startup_stm32f10x_md.o(.text)
    TAMPER_IRQHandler                        0x0800011b   Thumb Code     0  startup_stm32f10x_md.o(.text)
    TIM1_BRK_IRQHandler                      0x0800011b   Thumb Code     0  startup_stm32f10x_md.o(.text)
    TIM1_CC_IRQHandler                       0x0800011b   Thumb Code     0  startup_stm32f10x_md.o(.text)
    TIM1_TRG_COM_IRQHandler                  0x0800011b   Thumb Code     0  startup_stm32f10x_md.o(.text)
    TIM1_UP_IRQHandler                       0x0800011b   Thumb Code     0  startup_stm32f10x_md.o(.text)
    TIM2_IRQHandler                          0x0800011b   Thumb Code     0  startup_stm32f10x_md.o(.text)
    TIM3_IRQHandler                          0x0800011b   Thumb Code     0  startup_stm32f10x_md.o(.text)
    TIM4_IRQHandler                          0x0800011b   Thumb Code     0  startup_stm32f10x_md.o(.text)
    USART2_IRQHandler                        0x0800011b   Thumb Code     0  startup_stm32f10x_md.o(.text)
    USART3_IRQHandler                        0x0800011b   Thumb Code     0  startup_stm32f10x_md.o(.text)
    USBWakeUp_IRQHandler                     0x0800011b   Thumb Code     0  startup_stm32f10x_md.o(.text)
    USB_HP_CAN1_TX_IRQHandler                0x0800011b   Thumb Code     0  startup_stm32f10x_md.o(.text)
    USB_LP_CAN1_RX0_IRQHandler               0x0800011b   Thumb Code     0  startup_stm32f10x_md.o(.text)
    WWDG_IRQHandler                          0x0800011b   Thumb Code     0  startup_stm32f10x_md.o(.text)
    __aeabi_memset                           0x08000125   Thumb Code    14  memseta.o(.text)
    __aeabi_memset4                          0x08000125   Thumb Code     0  memseta.o(.text)
    __aeabi_memset8                          0x08000125   Thumb Code     0  memseta.o(.text)
    __aeabi_memclr                           0x08000133   Thumb Code     4  memseta.o(.text)
    __aeabi_memclr4                          0x08000133   Thumb Code     0  memseta.o(.text)
    __aeabi_memclr8                          0x08000133   Thumb Code     0  memseta.o(.text)
    _memset$wrapper                          0x08000137   Thumb Code    18  memseta.o(.text)
    strlen                                   0x08000149   Thumb Code    14  strlen.o(.text)
    strcmp                                   0x08000157   Thumb Code    28  strcmp.o(.text)
    strncmp                                  0x08000173   Thumb Code    30  strncmp.o(.text)
    atoi                                     0x08000191   Thumb Code    26  atoi.o(.text)
    __aeabi_fmul                             0x080001ab   Thumb Code   100  fmul.o(.text)
    __aeabi_fdiv                             0x0800020f   Thumb Code   124  fdiv.o(.text)
    __aeabi_i2f                              0x0800028b   Thumb Code    18  fflti.o(.text)
    __aeabi_ui2f                             0x0800029d   Thumb Code    10  ffltui.o(.text)
    __aeabi_uidiv                            0x080002a7   Thumb Code     0  uidiv.o(.text)
    __aeabi_uidivmod                         0x080002a7   Thumb Code    44  uidiv.o(.text)
    __aeabi_uldivmod                         0x080002d3   Thumb Code    98  uldiv.o(.text)
    strtol                                   0x08000335   Thumb Code   112  strtol.o(.text)
    __I$use$fp                               0x080003a5   Thumb Code     0  iusefp.o(.text)
    _float_round                             0x080003a5   Thumb Code    18  fepilogue.o(.text)
    _float_epilogue                          0x080003b7   Thumb Code    92  fepilogue.o(.text)
    __aeabi_dadd                             0x08000413   Thumb Code   322  dadd.o(.text)
    __aeabi_dsub                             0x08000555   Thumb Code     6  dadd.o(.text)
    __aeabi_drsub                            0x0800055b   Thumb Code     6  dadd.o(.text)
    __aeabi_dmul                             0x08000561   Thumb Code   228  dmul.o(.text)
    __aeabi_ddiv                             0x08000645   Thumb Code   222  ddiv.o(.text)
    __aeabi_d2ulz                            0x08000723   Thumb Code    48  dfixul.o(.text)
    __aeabi_cdrcmple                         0x08000755   Thumb Code    48  cdrcmple.o(.text)
    __scatterload                            0x08000785   Thumb Code    28  init.o(.text)
    __scatterload_rt2                        0x08000785   Thumb Code     0  init.o(.text)
    __aeabi_llsl                             0x080007a9   Thumb Code    30  llshl.o(.text)
    __semihosting_library_function           0x080007a9   Thumb Code     0  semi.o(.text)
    _ll_shift_l                              0x080007a9   Thumb Code     0  llshl.o(.text)
    __aeabi_llsr                             0x080007c7   Thumb Code    32  llushr.o(.text)
    _ll_ushift_r                             0x080007c7   Thumb Code     0  llushr.o(.text)
    __aeabi_lasr                             0x080007e7   Thumb Code    36  llsshr.o(.text)
    _ll_sshift_r                             0x080007e7   Thumb Code     0  llsshr.o(.text)
    __rt_ctype_table                         0x0800080d   Thumb Code     4  ctype_o.o(.text)
    _strtoul                                 0x08000815   Thumb Code   158  _strtoul.o(.text)
    __I$use$semihosting$fputc                0x080008b3   Thumb Code     0  iusesemip.o(.text)
    _double_round                            0x080008b3   Thumb Code    30  depilogue.o(.text)
    _double_epilogue                         0x080008d1   Thumb Code   156  depilogue.o(.text)
    _chval                                   0x0800096d   Thumb Code    28  _chval.o(.text)
    BusFault_Handler                         0x08000989   Thumb Code     4  stm32f10x_it.o(i.BusFault_Handler)
    DebugMon_Handler                         0x0800098d   Thumb Code     2  stm32f10x_it.o(i.DebugMon_Handler)
    GPIO_Init                                0x0800098f   Thumb Code   278  stm32f10x_gpio.o(i.GPIO_Init)
    HardFault_Handler                        0x08000aa5   Thumb Code     4  stm32f10x_it.o(i.HardFault_Handler)
    MemManage_Handler                        0x08000aa9   Thumb Code     4  stm32f10x_it.o(i.MemManage_Handler)
    NMI_Handler                              0x08000aad   Thumb Code     2  stm32f10x_it.o(i.NMI_Handler)
    NVIC_Init                                0x08000ab1   Thumb Code   100  misc.o(i.NVIC_Init)
    NVIC_PriorityGroupConfig                 0x08000b21   Thumb Code    10  misc.o(i.NVIC_PriorityGroupConfig)
    PendSV_Handler                           0x08000b35   Thumb Code     2  stm32f10x_it.o(i.PendSV_Handler)
    RCC_APB2PeriphClockCmd                   0x08000b39   Thumb Code    26  stm32f10x_rcc.o(i.RCC_APB2PeriphClockCmd)
    RCC_GetClocksFreq                        0x08000b59   Thumb Code   192  stm32f10x_rcc.o(i.RCC_GetClocksFreq)
    SVC_Handler                              0x08000c2d   Thumb Code     2  stm32f10x_it.o(i.SVC_Handler)
    SysTick_Handler                          0x08000d19   Thumb Code     2  stm32f10x_it.o(i.SysTick_Handler)
    SystemInit                               0x08000d1d   Thumb Code    78  system_stm32f10x.o(i.SystemInit)
    USART1_IRQHandler                        0x08000d7d   Thumb Code    50  console_usart.o(i.USART1_IRQHandler)
    USART_ClearITPendingBit                  0x08000db9   Thumb Code    30  stm32f10x_usart.o(i.USART_ClearITPendingBit)
    USART_Cmd                                0x08000dd7   Thumb Code    24  stm32f10x_usart.o(i.USART_Cmd)
    USART_GetFlagStatus                      0x08000def   Thumb Code    26  stm32f10x_usart.o(i.USART_GetFlagStatus)
    USART_GetITStatus                        0x08000e09   Thumb Code    84  stm32f10x_usart.o(i.USART_GetITStatus)
    USART_ITConfig                           0x08000e5d   Thumb Code    74  stm32f10x_usart.o(i.USART_ITConfig)
    USART_Init                               0x08000ea9   Thumb Code   210  stm32f10x_usart.o(i.USART_Init)
    USART_ReceiveData                        0x08000f81   Thumb Code    10  stm32f10x_usart.o(i.USART_ReceiveData)
    USART_SendData                           0x08000f8b   Thumb Code     8  stm32f10x_usart.o(i.USART_SendData)
    USART_StructInit                         0x08000f93   Thumb Code    24  stm32f10x_usart.o(i.USART_StructInit)
    UsageFault_Handler                       0x08000fab   Thumb Code     4  stm32f10x_it.o(i.UsageFault_Handler)
    __0printf                                0x08000fb1   Thumb Code    22  printfa.o(i.__0printf)
    __1printf                                0x08000fb1   Thumb Code     0  printfa.o(i.__0printf)
    __2printf                                0x08000fb1   Thumb Code     0  printfa.o(i.__0printf)
    __c89printf                              0x08000fb1   Thumb Code     0  printfa.o(i.__0printf)
    printf                                   0x08000fb1   Thumb Code     0  printfa.o(i.__0printf)
    __0vsnprintf                             0x08000fd1   Thumb Code    40  printfa.o(i.__0vsnprintf)
    __1vsnprintf                             0x08000fd1   Thumb Code     0  printfa.o(i.__0vsnprintf)
    __2vsnprintf                             0x08000fd1   Thumb Code     0  printfa.o(i.__0vsnprintf)
    __c89vsnprintf                           0x08000fd1   Thumb Code     0  printfa.o(i.__0vsnprintf)
    vsnprintf                                0x08000fd1   Thumb Code     0  printfa.o(i.__0vsnprintf)
    __aeabi_errno_addr                       0x08000ffd   Thumb Code     4  errno.o(i.__aeabi_errno_addr)
    __rt_errno_addr                          0x08000ffd   Thumb Code     0  errno.o(i.__aeabi_errno_addr)
    __scatterload_copy                       0x08001005   Thumb Code    14  handlers.o(i.__scatterload_copy)
    __scatterload_null                       0x08001013   Thumb Code     2  handlers.o(i.__scatterload_null)
    __scatterload_zeroinit                   0x08001015   Thumb Code    14  handlers.o(i.__scatterload_zeroinit)
    _shell_write                             0x080018d7   Thumb Code    28  main.o(i._shell_write)
    agencyshellRun                           0x08001939   Thumb Code    32  shell_cmd_list.o(i.agencyshellRun)
    borad_init                               0x08001bfd   Thumb Code    28  console_usart.o(i.borad_init)
    cmd_add                                  0x08001c19   Thumb Code    76  add.o(i.cmd_add)
    cmd_helloworld                           0x08001c95   Thumb Code    82  helloworld.o(i.cmd_helloworld)
    cmd_mem                                  0x08001d25   Thumb Code    52  mem.o(i.cmd_mem)
    fputc                                    0x08001dab   Thumb Code    18  fputc.o(i.fputc)
    free                                     0x08001dbd   Thumb Code    12  malloc.o(i.free)
    main                                     0x08001e0d   Thumb Code    86  main.o(i.main)
    malloc                                   0x08001e7d   Thumb Code    12  malloc.o(i.malloc)
    mem_free                                 0x08001ef5   Thumb Code    16  mem_mgnt.o(i.mem_free)
    mem_init                                 0x08001f09   Thumb Code    28  mem_mgnt.o(i.mem_init)
    mem_malloc                               0x08001f2d   Thumb Code    16  mem_mgnt.o(i.mem_malloc)
    rb8_empty                                0x08001f5f   Thumb Code    18  ringbuffer8.o(i.rb8_empty)
    rb8_full                                 0x08001f71   Thumb Code    24  ringbuffer8.o(i.rb8_full)
    rb8_get                                  0x08001f89   Thumb Code    52  ringbuffer8.o(i.rb8_get)
    rb8_new                                  0x08001fbd   Thumb Code    12  ringbuffer8.o(i.rb8_new)
    rb8_put                                  0x08001fc9   Thumb Code    42  ringbuffer8.o(i.rb8_put)
    shellBackspace                           0x080020e1   Thumb Code    14  shell.o(i.shellBackspace)
    shellCheckPermission                     0x08002135   Thumb Code    54  shell.o(i.shellCheckPermission)
    shellClear                               0x0800216d   Thumb Code    22  shell.o(i.shellClear)
    shellClearCommandLine                    0x08002189   Thumb Code    40  shell.o(i.shellClearCommandLine)
    shellCmds                                0x080021b1   Thumb Code    18  shell.o(i.shellCmds)
    shellDelete                              0x080021c3   Thumb Code    16  shell.o(i.shellDelete)
    shellDeleteByte                          0x080021d3   Thumb Code   218  shell.o(i.shellDeleteByte)
    shellDeleteCommandLine                   0x080022ad   Thumb Code    28  shell.o(i.shellDeleteCommandLine)
    shellDown                                0x080022cd   Thumb Code    16  shell.o(i.shellDown)
    shellEnter                               0x080022dd   Thumb Code    20  shell.o(i.shellEnter)
    shellExec                                0x080022f1   Thumb Code   110  shell.o(i.shellExec)
    shellExtParsePara                        0x080024ef   Thumb Code    86  shell_ext.o(i.shellExtParsePara)
    shellExtRun                              0x080025b3   Thumb Code   894  shell_ext.o(i.shellExtRun)
    shellGetCurrent                          0x080029e9   Thumb Code    48  shell.o(i.shellGetCurrent)
    shellGetVarValue                         0x08002a1d   Thumb Code    84  shell.o(i.shellGetVarValue)
    shellHandler                             0x08002a71   Thumb Code   236  shell.o(i.shellHandler)
    shellHelp                                0x08002b61   Thumb Code    44  shell.o(i.shellHelp)
    shellInit                                0x08002cc9   Thumb Code   140  shell.o(i.shellInit)
    shellInsertByte                          0x08002d61   Thumb Code   214  shell.o(i.shellInsertByte)
    shellKeys                                0x08002e3d   Thumb Code    18  shell.o(i.shellKeys)
    shellLeft                                0x08002e4f   Thumb Code    26  shell.o(i.shellLeft)
    shellListAll                             0x08002e69   Thumb Code    12  shell.o(i.shellListAll)
    shellListCommand                         0x08002e75   Thumb Code    70  shell.o(i.shellListCommand)
    shellListItem                            0x08002ec1   Thumb Code   194  shell.o(i.shellListItem)
    shellListKey                             0x08002f91   Thumb Code    84  shell.o(i.shellListKey)
    shellListUser                            0x08002fe9   Thumb Code    84  shell.o(i.shellListUser)
    shellListVar                             0x08003041   Thumb Code    84  shell.o(i.shellListVar)
    shellNormalInput                         0x08003099   Thumb Code    28  shell.o(i.shellNormalInput)
    shellPrint                               0x0800314b   Thumb Code    50  shell.o(i.shellPrint)
    shellRight                               0x080031e7   Thumb Code    30  shell.o(i.shellRight)
    shellRun                                 0x08003205   Thumb Code    88  shell.o(i.shellRun)
    shellRunCommand                          0x08003261   Thumb Code   178  shell.o(i.shellRunCommand)
    shellSeekCommand                         0x08003313   Thumb Code   122  shell.o(i.shellSeekCommand)
    shellSetVar                              0x080033dd   Thumb Code   106  shell.o(i.shellSetVar)
    shellSetVarValue                         0x0800344d   Thumb Code   140  shell.o(i.shellSetVarValue)
    shellTab                                 0x080035e1   Thumb Code   266  shell.o(i.shellTab)
    shellToDec                               0x080036f1   Thumb Code    86  shell.o(i.shellToDec)
    shellToHex                               0x08003747   Thumb Code    56  shell.o(i.shellToHex)
    shellUp                                  0x0800377f   Thumb Code    14  shell.o(i.shellUp)
    shellUsers                               0x0800378d   Thumb Code    18  shell.o(i.shellUsers)
    shellVars                                0x0800379f   Thumb Code    18  shell.o(i.shellVars)
    shellWriteString                         0x08003985   Thumb Code    52  shell.o(i.shellWriteString)
    tlsf_add_pool                            0x080039b9   Thumb Code   154  tlsf.o(i.tlsf_add_pool)
    tlsf_create                              0x08003ac9   Thumb Code    40  tlsf.o(i.tlsf_create)
    tlsf_create_with_pool                    0x08003b25   Thumb Code    46  tlsf.o(i.tlsf_create_with_pool)
    tlsf_free                                0x08003b81   Thumb Code    60  tlsf.o(i.tlsf_free)
    tlsf_malloc                              0x08003bbd   Thumb Code    44  tlsf.o(i.tlsf_malloc)
    tlsf_pool_overhead                       0x08003be9   Thumb Code     4  tlsf.o(i.tlsf_pool_overhead)
    tlsf_size                                0x08003bed   Thumb Code     6  tlsf.o(i.tlsf_size)
    usart_callback_register                  0x08003bf5   Thumb Code     6  console_usart.o(i.usart_callback_register)
    usart_init                               0x08003c01   Thumb Code    16  console_usart.o(i.usart_init)
    usart_irq_init                           0x08003c11   Thumb Code    44  console_usart.o(i.usart_irq_init)
    usart_lowlevel_init                      0x08003c41   Thumb Code    58  console_usart.o(i.usart_lowlevel_init)
    usart_pin_init                           0x08003c81   Thumb Code    60  console_usart.o(i.usart_pin_init)
    usart_send_byte                          0x08003ce1   Thumb Code    28  console_usart.o(i.usart_send_byte)
    shellCommandList                         0x08003d00   Data         352  shell_cmd_list.o(.constdata)
    shellCommandCount                        0x08003e60   Data           2  shell_cmd_list.o(.constdata)
    __ctype_table                            0x08003e62   Data         129  ctype_o.o(.constdata)
    Region$$Table$$Base                      0x08004304   Number         0  anon$$obj.o(Region$$Table)
    Region$$Table$$Limit                     0x08004324   Number         0  anon$$obj.o(Region$$Table)
    __stdout                                 0x20000074   Data           4  stdout.o(.data)
    __initial_sp                             0x20002ea0   Data           0  startup_stm32f10x_md.o(STACK)



==============================================================================

Memory Map of the image

  Image Entry point : 0x080000ed

  Load Region LR_IROM1 (Base: 0x08000000, Size: 0x000043a0, Max: 0x00010000, ABSOLUTE)

    Execution Region ER_IROM1 (Exec base: 0x08000000, Load base: 0x08000000, Size: 0x00004324, Max: 0x00010000, ABSOLUTE)

    Exec Addr    Load Addr    Size         Type   Attr      Idx    E Section Name        Object

    0x08000000   0x08000000   0x000000ec   Data   RO           19    RESET               startup_stm32f10x_md.o
    0x080000ec   0x080000ec   0x00000000   Code   RO         4547  * .ARM.Collect$$$$00000000  mc_w.l(entry.o)
    0x080000ec   0x080000ec   0x00000004   Code   RO         4833    .ARM.Collect$$$$00000001  mc_w.l(entry2.o)
    0x080000f0   0x080000f0   0x00000004   Code   RO         4836    .ARM.Collect$$$$00000004  mc_w.l(entry5.o)
    0x080000f4   0x080000f4   0x00000000   Code   RO         4838    .ARM.Collect$$$$00000008  mc_w.l(entry7b.o)
    0x080000f4   0x080000f4   0x00000000   Code   RO         4840    .ARM.Collect$$$$0000000A  mc_w.l(entry8b.o)
    0x080000f4   0x080000f4   0x00000008   Code   RO         4841    .ARM.Collect$$$$0000000B  mc_w.l(entry9a.o)
    0x080000fc   0x080000fc   0x00000000   Code   RO         4843    .ARM.Collect$$$$0000000D  mc_w.l(entry10a.o)
    0x080000fc   0x080000fc   0x00000000   Code   RO         4845    .ARM.Collect$$$$0000000F  mc_w.l(entry11a.o)
    0x080000fc   0x080000fc   0x00000004   Code   RO         4834    .ARM.Collect$$$$00002712  mc_w.l(entry2.o)
    0x08000100   0x08000100   0x00000024   Code   RO           20    .text               startup_stm32f10x_md.o
    0x08000124   0x08000124   0x00000024   Code   RO         4552    .text               mc_w.l(memseta.o)
    0x08000148   0x08000148   0x0000000e   Code   RO         4554    .text               mc_w.l(strlen.o)
    0x08000156   0x08000156   0x0000001c   Code   RO         4556    .text               mc_w.l(strcmp.o)
    0x08000172   0x08000172   0x0000001e   Code   RO         4558    .text               mc_w.l(strncmp.o)
    0x08000190   0x08000190   0x0000001a   Code   RO         4823    .text               mc_w.l(atoi.o)
    0x080001aa   0x080001aa   0x00000064   Code   RO         4825    .text               mf_w.l(fmul.o)
    0x0800020e   0x0800020e   0x0000007c   Code   RO         4827    .text               mf_w.l(fdiv.o)
    0x0800028a   0x0800028a   0x00000012   Code   RO         4829    .text               mf_w.l(fflti.o)
    0x0800029c   0x0800029c   0x0000000a   Code   RO         4831    .text               mf_w.l(ffltui.o)
    0x080002a6   0x080002a6   0x0000002c   Code   RO         4850    .text               mc_w.l(uidiv.o)
    0x080002d2   0x080002d2   0x00000062   Code   RO         4852    .text               mc_w.l(uldiv.o)
    0x08000334   0x08000334   0x00000070   Code   RO         4861    .text               mc_w.l(strtol.o)
    0x080003a4   0x080003a4   0x00000000   Code   RO         4863    .text               mc_w.l(iusefp.o)
    0x080003a4   0x080003a4   0x0000006e   Code   RO         4864    .text               mf_w.l(fepilogue.o)
    0x08000412   0x08000412   0x0000014e   Code   RO         4866    .text               mf_w.l(dadd.o)
    0x08000560   0x08000560   0x000000e4   Code   RO         4868    .text               mf_w.l(dmul.o)
    0x08000644   0x08000644   0x000000de   Code   RO         4870    .text               mf_w.l(ddiv.o)
    0x08000722   0x08000722   0x00000030   Code   RO         4872    .text               mf_w.l(dfixul.o)
    0x08000752   0x08000752   0x00000002   PAD
    0x08000754   0x08000754   0x00000030   Code   RO         4874    .text               mf_w.l(cdrcmple.o)
    0x08000784   0x08000784   0x00000024   Code   RO         4876    .text               mc_w.l(init.o)
    0x080007a8   0x080007a8   0x00000000   Code   RO         4878    .text               mc_w.l(semi.o)
    0x080007a8   0x080007a8   0x0000001e   Code   RO         4879    .text               mc_w.l(llshl.o)
    0x080007c6   0x080007c6   0x00000020   Code   RO         4881    .text               mc_w.l(llushr.o)
    0x080007e6   0x080007e6   0x00000024   Code   RO         4883    .text               mc_w.l(llsshr.o)
    0x0800080a   0x0800080a   0x00000002   PAD
    0x0800080c   0x0800080c   0x00000008   Code   RO         4885    .text               mc_w.l(ctype_o.o)
    0x08000814   0x08000814   0x0000009e   Code   RO         4913    .text               mc_w.l(_strtoul.o)
    0x080008b2   0x080008b2   0x00000000   Code   RO         4915    .text               mc_w.l(iusesemip.o)
    0x080008b2   0x080008b2   0x000000ba   Code   RO         4916    .text               mf_w.l(depilogue.o)
    0x0800096c   0x0800096c   0x0000001c   Code   RO         4918    .text               mc_w.l(_chval.o)
    0x08000988   0x08000988   0x00000004   Code   RO         3541    i.BusFault_Handler  stm32f10x_it.o
    0x0800098c   0x0800098c   0x00000002   Code   RO         3542    i.DebugMon_Handler  stm32f10x_it.o
    0x0800098e   0x0800098e   0x00000116   Code   RO         1347    i.GPIO_Init         stm32f10x_gpio.o
    0x08000aa4   0x08000aa4   0x00000004   Code   RO         3543    i.HardFault_Handler  stm32f10x_it.o
    0x08000aa8   0x08000aa8   0x00000004   Code   RO         3544    i.MemManage_Handler  stm32f10x_it.o
    0x08000aac   0x08000aac   0x00000002   Code   RO         3545    i.NMI_Handler       stm32f10x_it.o
    0x08000aae   0x08000aae   0x00000002   PAD
    0x08000ab0   0x08000ab0   0x00000070   Code   RO          137    i.NVIC_Init         misc.o
    0x08000b20   0x08000b20   0x00000014   Code   RO          138    i.NVIC_PriorityGroupConfig  misc.o
    0x08000b34   0x08000b34   0x00000002   Code   RO         3546    i.PendSV_Handler    stm32f10x_it.o
    0x08000b36   0x08000b36   0x00000002   PAD
    0x08000b38   0x08000b38   0x00000020   Code   RO         1777    i.RCC_APB2PeriphClockCmd  stm32f10x_rcc.o
    0x08000b58   0x08000b58   0x000000d4   Code   RO         1785    i.RCC_GetClocksFreq  stm32f10x_rcc.o
    0x08000c2c   0x08000c2c   0x00000002   Code   RO         3547    i.SVC_Handler       stm32f10x_it.o
    0x08000c2e   0x08000c2e   0x00000008   Code   RO           24    i.SetSysClock       system_stm32f10x.o
    0x08000c36   0x08000c36   0x00000002   PAD
    0x08000c38   0x08000c38   0x000000e0   Code   RO           25    i.SetSysClockTo72   system_stm32f10x.o
    0x08000d18   0x08000d18   0x00000002   Code   RO         3548    i.SysTick_Handler   stm32f10x_it.o
    0x08000d1a   0x08000d1a   0x00000002   PAD
    0x08000d1c   0x08000d1c   0x00000060   Code   RO           27    i.SystemInit        system_stm32f10x.o
    0x08000d7c   0x08000d7c   0x0000003c   Code   RO         3430    i.USART1_IRQHandler  console_usart.o
    0x08000db8   0x08000db8   0x0000001e   Code   RO         2957    i.USART_ClearITPendingBit  stm32f10x_usart.o
    0x08000dd6   0x08000dd6   0x00000018   Code   RO         2960    i.USART_Cmd         stm32f10x_usart.o
    0x08000dee   0x08000dee   0x0000001a   Code   RO         2963    i.USART_GetFlagStatus  stm32f10x_usart.o
    0x08000e08   0x08000e08   0x00000054   Code   RO         2964    i.USART_GetITStatus  stm32f10x_usart.o
    0x08000e5c   0x08000e5c   0x0000004a   Code   RO         2966    i.USART_ITConfig    stm32f10x_usart.o
    0x08000ea6   0x08000ea6   0x00000002   PAD
    0x08000ea8   0x08000ea8   0x000000d8   Code   RO         2967    i.USART_Init        stm32f10x_usart.o
    0x08000f80   0x08000f80   0x0000000a   Code   RO         2974    i.USART_ReceiveData  stm32f10x_usart.o
    0x08000f8a   0x08000f8a   0x00000008   Code   RO         2977    i.USART_SendData    stm32f10x_usart.o
    0x08000f92   0x08000f92   0x00000018   Code   RO         2983    i.USART_StructInit  stm32f10x_usart.o
    0x08000faa   0x08000faa   0x00000004   Code   RO         3549    i.UsageFault_Handler  stm32f10x_it.o
    0x08000fae   0x08000fae   0x00000002   PAD
    0x08000fb0   0x08000fb0   0x00000020   Code   RO         4795    i.__0printf         mc_w.l(printfa.o)
    0x08000fd0   0x08000fd0   0x0000002c   Code   RO         4800    i.__0vsnprintf      mc_w.l(printfa.o)
    0x08000ffc   0x08000ffc   0x00000008   Code   RO         4854    i.__aeabi_errno_addr  mc_w.l(errno.o)
    0x08001004   0x08001004   0x0000000e   Code   RO         4922    i.__scatterload_copy  mc_w.l(handlers.o)
    0x08001012   0x08001012   0x00000002   Code   RO         4923    i.__scatterload_null  mc_w.l(handlers.o)
    0x08001014   0x08001014   0x0000000e   Code   RO         4924    i.__scatterload_zeroinit  mc_w.l(handlers.o)
    0x08001022   0x08001022   0x00000002   PAD
    0x08001024   0x08001024   0x00000184   Code   RO         4802    i._fp_digits        mc_w.l(printfa.o)
    0x080011a8   0x080011a8   0x000006dc   Code   RO         4803    i._printf_core      mc_w.l(printfa.o)
    0x08001884   0x08001884   0x00000024   Code   RO         4804    i._printf_post_padding  mc_w.l(printfa.o)
    0x080018a8   0x080018a8   0x0000002e   Code   RO         4805    i._printf_pre_padding  mc_w.l(printfa.o)
    0x080018d6   0x080018d6   0x0000001c   Code   RO         3490    i._shell_write      main.o
    0x080018f2   0x080018f2   0x00000016   Code   RO         4806    i._snputc           mc_w.l(printfa.o)
    0x08001908   0x08001908   0x00000030   Code   RO         4187    i.adjust_request_size  tlsf.o
    0x08001938   0x08001938   0x00000020   Code   RO         4064    i.agencyshellRun    shell_cmd_list.o
    0x08001958   0x08001958   0x0000000a   Code   RO         4188    i.align_down        tlsf.o
    0x08001962   0x08001962   0x0000000c   Code   RO         4190    i.align_up          tlsf.o
    0x0800196e   0x0800196e   0x0000001e   Code   RO         4191    i.block_absorb      tlsf.o
    0x0800198c   0x0800198c   0x0000001c   Code   RO         4192    i.block_can_split   tlsf.o
    0x080019a8   0x080019a8   0x00000008   Code   RO         4193    i.block_from_ptr    tlsf.o
    0x080019b0   0x080019b0   0x00000024   Code   RO         4194    i.block_insert      tlsf.o
    0x080019d4   0x080019d4   0x0000000a   Code   RO         4195    i.block_is_free     tlsf.o
    0x080019de   0x080019de   0x0000000a   Code   RO         4197    i.block_is_prev_free  tlsf.o
    0x080019e8   0x080019e8   0x00000012   Code   RO         4198    i.block_link_next   tlsf.o
    0x080019fa   0x080019fa   0x0000003e   Code   RO         4199    i.block_locate_free  tlsf.o
    0x08001a38   0x08001a38   0x0000001a   Code   RO         4200    i.block_mark_as_free  tlsf.o
    0x08001a52   0x08001a52   0x0000001a   Code   RO         4201    i.block_mark_as_used  tlsf.o
    0x08001a6c   0x08001a6c   0x0000002c   Code   RO         4202    i.block_merge_next  tlsf.o
    0x08001a98   0x08001a98   0x0000002e   Code   RO         4203    i.block_merge_prev  tlsf.o
    0x08001ac6   0x08001ac6   0x00000024   Code   RO         4204    i.block_next        tlsf.o
    0x08001aea   0x08001aea   0x0000002c   Code   RO         4205    i.block_prepare_used  tlsf.o
    0x08001b16   0x08001b16   0x00000006   Code   RO         4206    i.block_prev        tlsf.o
    0x08001b1c   0x08001b1c   0x00000024   Code   RO         4207    i.block_remove      tlsf.o
    0x08001b40   0x08001b40   0x0000000a   Code   RO         4208    i.block_set_free    tlsf.o
    0x08001b4a   0x08001b4a   0x0000000a   Code   RO         4209    i.block_set_prev_free  tlsf.o
    0x08001b54   0x08001b54   0x0000000a   Code   RO         4210    i.block_set_prev_used  tlsf.o
    0x08001b5e   0x08001b5e   0x0000000c   Code   RO         4211    i.block_set_size    tlsf.o
    0x08001b6a   0x08001b6a   0x0000000a   Code   RO         4212    i.block_set_used    tlsf.o
    0x08001b74   0x08001b74   0x0000000a   Code   RO         4213    i.block_size        tlsf.o
    0x08001b7e   0x08001b7e   0x0000003e   Code   RO         4214    i.block_split       tlsf.o
    0x08001bbc   0x08001bbc   0x00000008   Code   RO         4215    i.block_to_ptr      tlsf.o
    0x08001bc4   0x08001bc4   0x00000038   Code   RO         4216    i.block_trim_free   tlsf.o
    0x08001bfc   0x08001bfc   0x0000001c   Code   RO         3431    i.borad_init        console_usart.o
    0x08001c18   0x08001c18   0x0000007c   Code   RO         3616    i.cmd_add           add.o
    0x08001c94   0x08001c94   0x00000090   Code   RO         3604    i.cmd_helloworld    helloworld.o
    0x08001d24   0x08001d24   0x00000050   Code   RO         3631    i.cmd_mem           mem.o
    0x08001d74   0x08001d74   0x00000036   Code   RO         4219    i.control_construct  tlsf.o
    0x08001daa   0x08001daa   0x00000012   Code   RO         4847    i.fputc             mc_w.l(fputc.o)
    0x08001dbc   0x08001dbc   0x0000000c   Code   RO         3679    i.free              malloc.o
    0x08001dc8   0x08001dc8   0x00000042   Code   RO         4221    i.insert_free_block  tlsf.o
    0x08001e0a   0x08001e0a   0x00000002   PAD
    0x08001e0c   0x08001e0c   0x00000070   Code   RO         3491    i.main              main.o
    0x08001e7c   0x08001e7c   0x0000000c   Code   RO         3680    i.malloc            malloc.o
    0x08001e88   0x08001e88   0x0000003a   Code   RO         4223    i.mapping_insert    tlsf.o
    0x08001ec2   0x08001ec2   0x00000030   Code   RO         4224    i.mapping_search    tlsf.o
    0x08001ef2   0x08001ef2   0x00000002   PAD
    0x08001ef4   0x08001ef4   0x00000014   Code   RO         3649    i.mem_free          mem_mgnt.o
    0x08001f08   0x08001f08   0x00000024   Code   RO         3650    i.mem_init          mem_mgnt.o
    0x08001f2c   0x08001f2c   0x00000014   Code   RO         3651    i.mem_malloc        mem_mgnt.o
    0x08001f40   0x08001f40   0x00000018   Code   RO         4128    i.next_head         ringbuffer8.o
    0x08001f58   0x08001f58   0x00000006   Code   RO         4225    i.offset_to_block   tlsf.o
    0x08001f5e   0x08001f5e   0x00000012   Code   RO         4129    i.rb8_empty         ringbuffer8.o
    0x08001f70   0x08001f70   0x00000018   Code   RO         4130    i.rb8_full          ringbuffer8.o
    0x08001f88   0x08001f88   0x00000034   Code   RO         4131    i.rb8_get           ringbuffer8.o
    0x08001fbc   0x08001fbc   0x0000000c   Code   RO         4133    i.rb8_new           ringbuffer8.o
    0x08001fc8   0x08001fc8   0x0000002a   Code   RO         4134    i.rb8_put           ringbuffer8.o
    0x08001ff2   0x08001ff2   0x00000054   Code   RO         4226    i.remove_free_block  tlsf.o
    0x08002046   0x08002046   0x00000072   Code   RO         4227    i.search_suitable_block  tlsf.o
    0x080020b8   0x080020b8   0x00000028   Code   RO         3697    i.shellAdd          shell.o
    0x080020e0   0x080020e0   0x0000000e   Code   RO         3698    i.shellBackspace    shell.o
    0x080020ee   0x080020ee   0x00000002   PAD
    0x080020f0   0x080020f0   0x00000044   Code   RO         3699    i.shellCheckPassword  shell.o
    0x08002134   0x08002134   0x00000036   Code   RO         3700    i.shellCheckPermission  shell.o
    0x0800216a   0x0800216a   0x00000002   PAD
    0x0800216c   0x0800216c   0x0000001c   Code   RO         3701    i.shellClear        shell.o
    0x08002188   0x08002188   0x00000028   Code   RO         3702    i.shellClearCommandLine  shell.o
    0x080021b0   0x080021b0   0x00000012   Code   RO         3703    i.shellCmds         shell.o
    0x080021c2   0x080021c2   0x00000010   Code   RO         3704    i.shellDelete       shell.o
    0x080021d2   0x080021d2   0x000000da   Code   RO         3705    i.shellDeleteByte   shell.o
    0x080022ac   0x080022ac   0x00000020   Code   RO         3706    i.shellDeleteCommandLine  shell.o
    0x080022cc   0x080022cc   0x00000010   Code   RO         3707    i.shellDown         shell.o
    0x080022dc   0x080022dc   0x00000014   Code   RO         3708    i.shellEnter        shell.o
    0x080022f0   0x080022f0   0x00000078   Code   RO         3709    i.shellExec         shell.o
    0x08002368   0x08002368   0x00000058   Code   RO         4080    i.shellExtNumType   shell_ext.o
    0x080023c0   0x080023c0   0x00000046   Code   RO         4081    i.shellExtParseChar  shell_ext.o
    0x08002406   0x08002406   0x000000e8   Code   RO         4082    i.shellExtParseNumber  shell_ext.o
    0x080024ee   0x080024ee   0x00000056   Code   RO         4083    i.shellExtParsePara  shell_ext.o
    0x08002544   0x08002544   0x0000004a   Code   RO         4084    i.shellExtParseString  shell_ext.o
    0x0800258e   0x0800258e   0x00000024   Code   RO         4085    i.shellExtParseVar  shell_ext.o
    0x080025b2   0x080025b2   0x0000037e   Code   RO         4086    i.shellExtRun       shell_ext.o
    0x08002930   0x08002930   0x00000036   Code   RO         4087    i.shellExtToNum     shell_ext.o
    0x08002966   0x08002966   0x00000030   Code   RO         3710    i.shellGetCommandDesc  shell.o
    0x08002996   0x08002996   0x00000002   PAD
    0x08002998   0x08002998   0x00000050   Code   RO         3711    i.shellGetCommandName  shell.o
    0x080029e8   0x080029e8   0x00000034   Code   RO         3712    i.shellGetCurrent   shell.o
    0x08002a1c   0x08002a1c   0x00000054   Code   RO         3713    i.shellGetVarValue  shell.o
    0x08002a70   0x08002a70   0x000000f0   Code   RO         3714    i.shellHandler      shell.o
    0x08002b60   0x08002b60   0x0000002c   Code   RO         3715    i.shellHelp         shell.o
    0x08002b8c   0x08002b8c   0x000000c2   Code   RO         3716    i.shellHistory      shell.o
    0x08002c4e   0x08002c4e   0x0000007a   Code   RO         3717    i.shellHistoryAdd   shell.o
    0x08002cc8   0x08002cc8   0x00000098   Code   RO         3718    i.shellInit         shell.o
    0x08002d60   0x08002d60   0x000000dc   Code   RO         3719    i.shellInsertByte   shell.o
    0x08002e3c   0x08002e3c   0x00000012   Code   RO         3720    i.shellKeys         shell.o
    0x08002e4e   0x08002e4e   0x0000001a   Code   RO         3721    i.shellLeft         shell.o
    0x08002e68   0x08002e68   0x0000000c   Code   RO         3722    i.shellListAll      shell.o
    0x08002e74   0x08002e74   0x0000004c   Code   RO         3723    i.shellListCommand  shell.o
    0x08002ec0   0x08002ec0   0x000000d0   Code   RO         3724    i.shellListItem     shell.o
    0x08002f90   0x08002f90   0x00000058   Code   RO         3725    i.shellListKey      shell.o
    0x08002fe8   0x08002fe8   0x00000058   Code   RO         3726    i.shellListUser     shell.o
    0x08003040   0x08003040   0x00000058   Code   RO         3727    i.shellListVar      shell.o
    0x08003098   0x08003098   0x0000001c   Code   RO         3728    i.shellNormalInput  shell.o
    0x080030b4   0x080030b4   0x00000096   Code   RO         3729    i.shellParserParam  shell.o
    0x0800314a   0x0800314a   0x00000032   Code   RO         3730    i.shellPrint        shell.o
    0x0800317c   0x0800317c   0x0000006a   Code   RO         3732    i.shellRemoveParamQuotes  shell.o
    0x080031e6   0x080031e6   0x0000001e   Code   RO         3733    i.shellRight        shell.o
    0x08003204   0x08003204   0x0000005c   Code   RO         3734    i.shellRun          shell.o
    0x08003260   0x08003260   0x000000b2   Code   RO         3735    i.shellRunCommand   shell.o
    0x08003312   0x08003312   0x0000007a   Code   RO         3736    i.shellSeekCommand  shell.o
    0x0800338c   0x0800338c   0x00000050   Code   RO         3737    i.shellSetUser      shell.o
    0x080033dc   0x080033dc   0x00000070   Code   RO         3738    i.shellSetVar       shell.o
    0x0800344c   0x0800344c   0x00000090   Code   RO         3739    i.shellSetVarValue  shell.o
    0x080034dc   0x080034dc   0x000000c0   Code   RO         3740    i.shellShowVar      shell.o
    0x0800359c   0x0800359c   0x0000002c   Code   RO         3741    i.shellStringCompare  shell.o
    0x080035c8   0x080035c8   0x00000018   Code   RO         3742    i.shellStringCopy   shell.o
    0x080035e0   0x080035e0   0x00000110   Code   RO         3743    i.shellTab          shell.o
    0x080036f0   0x080036f0   0x00000056   Code   RO         3745    i.shellToDec        shell.o
    0x08003746   0x08003746   0x00000038   Code   RO         3746    i.shellToHex        shell.o
    0x0800377e   0x0800377e   0x0000000e   Code   RO         3747    i.shellUp           shell.o
    0x0800378c   0x0800378c   0x00000012   Code   RO         3748    i.shellUsers        shell.o
    0x0800379e   0x0800379e   0x00000012   Code   RO         3749    i.shellVars         shell.o
    0x080037b0   0x080037b0   0x00000010   Code   RO         3750    i.shellWriteByte    shell.o
    0x080037c0   0x080037c0   0x00000064   Code   RO         3751    i.shellWriteCommandDesc  shell.o
    0x08003824   0x08003824   0x0000006c   Code   RO         3752    i.shellWriteCommandHelp  shell.o
    0x08003890   0x08003890   0x00000068   Code   RO         3753    i.shellWritePrompt  shell.o
    0x080038f8   0x080038f8   0x0000008c   Code   RO         3754    i.shellWriteReturnValue  shell.o
    0x08003984   0x08003984   0x00000034   Code   RO         3755    i.shellWriteString  shell.o
    0x080039b8   0x080039b8   0x00000110   Code   RO         4228    i.tlsf_add_pool     tlsf.o
    0x08003ac8   0x08003ac8   0x0000005c   Code   RO         4236    i.tlsf_create       tlsf.o
    0x08003b24   0x08003b24   0x0000002e   Code   RO         4237    i.tlsf_create_with_pool  tlsf.o
    0x08003b52   0x08003b52   0x00000018   Code   RO         4239    i.tlsf_ffs          tlsf.o
    0x08003b6a   0x08003b6a   0x00000016   Code   RO         4240    i.tlsf_fls          tlsf.o
    0x08003b80   0x08003b80   0x0000003c   Code   RO         4241    i.tlsf_free         tlsf.o
    0x08003bbc   0x08003bbc   0x0000002c   Code   RO         4243    i.tlsf_malloc       tlsf.o
    0x08003be8   0x08003be8   0x00000004   Code   RO         4245    i.tlsf_pool_overhead  tlsf.o
    0x08003bec   0x08003bec   0x00000006   Code   RO         4248    i.tlsf_size         tlsf.o
    0x08003bf2   0x08003bf2   0x00000002   PAD
    0x08003bf4   0x08003bf4   0x0000000c   Code   RO         3432    i.usart_callback_register  console_usart.o
    0x08003c00   0x08003c00   0x00000010   Code   RO         3433    i.usart_init        console_usart.o
    0x08003c10   0x08003c10   0x00000030   Code   RO         3434    i.usart_irq_init    console_usart.o
    0x08003c40   0x08003c40   0x00000040   Code   RO         3435    i.usart_lowlevel_init  console_usart.o
    0x08003c80   0x08003c80   0x00000040   Code   RO         3436    i.usart_pin_init    console_usart.o
    0x08003cc0   0x08003cc0   0x00000020   Code   RO         3492    i.usart_rx_handler  main.o
    0x08003ce0   0x08003ce0   0x00000020   Code   RO         3437    i.usart_send_byte   console_usart.o
    0x08003d00   0x08003d00   0x00000162   Data   RO         4065    .constdata          shell_cmd_list.o
    0x08003e62   0x08003e62   0x00000081   Data   RO         4886    .constdata          mc_w.l(ctype_o.o)
    0x08003ee3   0x08003ee3   0x00000001   PAD
    0x08003ee4   0x08003ee4   0x00000004   Data   RO         4887    .constdata          mc_w.l(ctype_o.o)
    0x08003ee8   0x08003ee8   0x000002a5   Data   RO         3757    .conststring        shell.o
    0x0800418d   0x0800418d   0x00000003   PAD
    0x08004190   0x08004190   0x00000171   Data   RO         4066    .conststring        shell_cmd_list.o
    0x08004301   0x08004301   0x00000003   PAD
    0x08004304   0x08004304   0x00000020   Data   RO         4920    Region$$Table       anon$$obj.o


    Execution Region RW_IRAM1 (Exec base: 0x20000000, Load base: 0x08004324, Size: 0x00002ea0, Max: 0x00005000, ABSOLUTE)

    Exec Addr    Load Addr    Size         Type   Attr      Idx    E Section Name        Object

    0x20000000   0x08004324   0x00000014   Data   RW         1805    .data               stm32f10x_rcc.o
    0x20000014   0x08004338   0x00000004   Data   RW         3438    .data               console_usart.o
    0x20000018   0x0800433c   0x00000004   Data   RW         3494    .data               main.o
    0x2000001c   0x08004340   0x00000004   Data   RW         3653    .data               mem_mgnt.o
    0x20000020   0x08004344   0x00000054   Data   RW         3758    .data               shell.o
    0x20000074   0x08004398   0x00000004   Data   RW         4849    .data               mc_w.l(stdout.o)
    0x20000078   0x0800439c   0x00000004   Data   RW         4857    .data               mc_w.l(errno.o)
    0x2000007c        -       0x0000020c   Zero   RW         3493    .bss                main.o
    0x20000288        -       0x00002800   Zero   RW         3652    .bss                mem_mgnt.o
    0x20002a88        -       0x00000015   Zero   RW         3756    .bss                shell.o
    0x20002a9d   0x080043a0   0x00000003   PAD
    0x20002aa0        -       0x00000400   Zero   RW           17    STACK               startup_stm32f10x_md.o


==============================================================================

Image component sizes


      Code (inc. data)   RO Data    RW Data    ZI Data      Debug   Object Name

       124         48          0          0          0        722   add.o
       324         34          0          4          0       4632   console_usart.o
         0          0          0          0          0       4548   core_cm3.o
       144         62          0          0          0        681   helloworld.o
       172         32          0          4        524       6994   main.o
        24          0          0          0          0       1016   malloc.o
        80         28          0          0          0       1154   mem.o
        76         16          0          4      10240       2567   mem_mgnt.o
       132         22          0          0          0     204935   misc.o
       172          0          0          0          0       4669   ringbuffer8.o
      4860        234        677         84         21      42871   shell.o
        32          0        723          0          0       1594   shell_cmd_list.o
      1534         16          0          0          0       6510   shell_ext.o
        36          8        236          0       1024        788   startup_stm32f10x_md.o
         0          0          0          0          0       1668   stm32f10x_adc.o
       278          0          0          0          0      10364   stm32f10x_gpio.o
        26          0          0          0          0       3830   stm32f10x_it.o
       244         26          0         20          0      12621   stm32f10x_rcc.o
       496          6          0          0          0      13222   stm32f10x_usart.o
       328         28          0          0          0      25097   system_stm32f10x.o
      1724        170          0          0          0      26689   tlsf.o

    ----------------------------------------------------------------------
     10830        730       1674        116      11812     377172   Object Totals
         0          0         32          0          0          0   (incl. Generated)
        24          0          6          0          3          0   (incl. Padding)

    ----------------------------------------------------------------------

      Code (inc. data)   RO Data    RW Data    ZI Data      Debug   Library Member Name

        28          0          0          0          0         68   _chval.o
       158          0          0          0          0         92   _strtoul.o
        26          0          0          0          0         80   atoi.o
         8          4        133          0          0         68   ctype_o.o
         0          0          0          0          0          0   entry.o
         0          0          0          0          0          0   entry10a.o
         0          0          0          0          0          0   entry11a.o
         8          4          0          0          0          0   entry2.o
         4          0          0          0          0          0   entry5.o
         0          0          0          0          0          0   entry7b.o
         0          0          0          0          0          0   entry8b.o
         8          4          0          0          0          0   entry9a.o
         8          4          0          4          0         68   errno.o
        18          0          0          0          0         80   fputc.o
        30          0          0          0          0          0   handlers.o
        36          8          0          0          0         68   init.o
         0          0          0          0          0          0   iusefp.o
         0          0          0          0          0          0   iusesemip.o
        30          0          0          0          0         68   llshl.o
        36          0          0          0          0         68   llsshr.o
        32          0          0          0          0         68   llushr.o
        36          0          0          0          0        108   memseta.o
      2324         94          0          0          0        600   printfa.o
         0          0          0          0          0          0   semi.o
         0          0          0          4          0          0   stdout.o
        28          0          0          0          0         76   strcmp.o
        14          0          0          0          0         68   strlen.o
        30          0          0          0          0         80   strncmp.o
       112          0          0          0          0         88   strtol.o
        44          0          0          0          0         80   uidiv.o
        98          0          0          0          0         92   uldiv.o
        48          0          0          0          0         68   cdrcmple.o
       334          0          0          0          0        148   dadd.o
       222          0          0          0          0        100   ddiv.o
       186          0          0          0          0        176   depilogue.o
        48          0          0          0          0         68   dfixul.o
       228          0          0          0          0         96   dmul.o
       124          0          0          0          0         88   fdiv.o
       110          0          0          0          0        168   fepilogue.o
        18          0          0          0          0         68   fflti.o
        10          0          0          0          0         68   ffltui.o
       100          0          0          0          0         76   fmul.o

    ----------------------------------------------------------------------
      4550        118        134          8          0       3044   Library Totals
         6          0          1          0          0          0   (incl. Padding)

    ----------------------------------------------------------------------

      Code (inc. data)   RO Data    RW Data    ZI Data      Debug   Library Name

      3116        118        133          8          0       1920   mc_w.l
      1428          0          0          0          0       1124   mf_w.l

    ----------------------------------------------------------------------
      4550        118        134          8          0       3044   Library Totals

    ----------------------------------------------------------------------

==============================================================================


      Code (inc. data)   RO Data    RW Data    ZI Data      Debug   

     15380        848       1808        124      11812     370592   Grand Totals
     15380        848       1808        124      11812     370592   ELF Image Totals
     15380        848       1808        124          0          0   ROM Totals

==============================================================================

    Total RO  Size (Code + RO Data)                17188 (  16.79kB)
    Total RW  Size (RW Data + ZI Data)             11936 (  11.66kB)
    Total ROM Size (Code + RO Data + RW Data)      17312 (  16.91kB)

==============================================================================

