Component: ARM Compiler 5.06 update 5 (build 528) Tool: armlink [4d35e2]

==============================================================================

Section Cross References

    startup_stm32f10x_md.o(RESET) refers to startup_stm32f10x_md.o(STACK) for __initial_sp
    startup_stm32f10x_md.o(RESET) refers to startup_stm32f10x_md.o(.text) for Reset_Handler
    startup_stm32f10x_md.o(RESET) refers to stm32f10x_it.o(i.NMI_Handler) for NMI_Handler
    startup_stm32f10x_md.o(RESET) refers to stm32f10x_it.o(i.HardFault_Handler) for HardFault_Handler
    startup_stm32f10x_md.o(RESET) refers to stm32f10x_it.o(i.MemManage_Handler) for MemManage_Handler
    startup_stm32f10x_md.o(RESET) refers to stm32f10x_it.o(i.BusFault_Handler) for BusFault_Handler
    startup_stm32f10x_md.o(RESET) refers to stm32f10x_it.o(i.UsageFault_Handler) for UsageFault_Handler
    startup_stm32f10x_md.o(RESET) refers to stm32f10x_it.o(i.DebugMon_Handler) for DebugMon_Handler
    startup_stm32f10x_md.o(RESET) refers to stm32f10x_it.o(i.SysTick_Handler) for SysTick_Handler
    startup_stm32f10x_md.o(RESET) refers to console_usart.o(i.USART1_IRQHandler) for USART1_IRQHandler
    startup_stm32f10x_md.o(.text) refers to system_stm32f10x.o(i.SystemInit) for SystemInit
    startup_stm32f10x_md.o(.text) refers to entry.o(.ARM.Collect$$$$00000000) for __main
    system_stm32f10x.o(i.SetSysClock) refers to system_stm32f10x.o(i.SetSysClockTo72) for SetSysClockTo72
    system_stm32f10x.o(i.SystemCoreClockUpdate) refers to system_stm32f10x.o(.data) for SystemCoreClock
    system_stm32f10x.o(i.SystemInit) refers to system_stm32f10x.o(i.SetSysClock) for SetSysClock
    stm32f10x_adc.o(i.ADC_DeInit) refers to stm32f10x_rcc.o(i.RCC_APB2PeriphResetCmd) for RCC_APB2PeriphResetCmd
    stm32f10x_bkp.o(i.BKP_DeInit) refers to stm32f10x_rcc.o(i.RCC_BackupResetCmd) for RCC_BackupResetCmd
    stm32f10x_can.o(i.CAN_DeInit) refers to stm32f10x_rcc.o(i.RCC_APB1PeriphResetCmd) for RCC_APB1PeriphResetCmd
    stm32f10x_can.o(i.CAN_GetITStatus) refers to stm32f10x_can.o(i.CheckITStatus) for CheckITStatus
    stm32f10x_cec.o(i.CEC_DeInit) refers to stm32f10x_rcc.o(i.RCC_APB1PeriphResetCmd) for RCC_APB1PeriphResetCmd
    stm32f10x_dac.o(i.DAC_DeInit) refers to stm32f10x_rcc.o(i.RCC_APB1PeriphResetCmd) for RCC_APB1PeriphResetCmd
    stm32f10x_flash.o(i.FLASH_EnableWriteProtection) refers to stm32f10x_flash.o(i.FLASH_WaitForLastOperation) for FLASH_WaitForLastOperation
    stm32f10x_flash.o(i.FLASH_EraseAllBank1Pages) refers to stm32f10x_flash.o(i.FLASH_WaitForLastBank1Operation) for FLASH_WaitForLastBank1Operation
    stm32f10x_flash.o(i.FLASH_EraseAllPages) refers to stm32f10x_flash.o(i.FLASH_WaitForLastOperation) for FLASH_WaitForLastOperation
    stm32f10x_flash.o(i.FLASH_EraseOptionBytes) refers to stm32f10x_flash.o(i.FLASH_GetReadOutProtectionStatus) for FLASH_GetReadOutProtectionStatus
    stm32f10x_flash.o(i.FLASH_EraseOptionBytes) refers to stm32f10x_flash.o(i.FLASH_WaitForLastOperation) for FLASH_WaitForLastOperation
    stm32f10x_flash.o(i.FLASH_ErasePage) refers to stm32f10x_flash.o(i.FLASH_WaitForLastOperation) for FLASH_WaitForLastOperation
    stm32f10x_flash.o(i.FLASH_ProgramHalfWord) refers to stm32f10x_flash.o(i.FLASH_WaitForLastOperation) for FLASH_WaitForLastOperation
    stm32f10x_flash.o(i.FLASH_ProgramOptionByteData) refers to stm32f10x_flash.o(i.FLASH_WaitForLastOperation) for FLASH_WaitForLastOperation
    stm32f10x_flash.o(i.FLASH_ProgramWord) refers to stm32f10x_flash.o(i.FLASH_WaitForLastOperation) for FLASH_WaitForLastOperation
    stm32f10x_flash.o(i.FLASH_ReadOutProtection) refers to stm32f10x_flash.o(i.FLASH_WaitForLastOperation) for FLASH_WaitForLastOperation
    stm32f10x_flash.o(i.FLASH_UserOptionByteConfig) refers to stm32f10x_flash.o(i.FLASH_WaitForLastOperation) for FLASH_WaitForLastOperation
    stm32f10x_flash.o(i.FLASH_WaitForLastBank1Operation) refers to stm32f10x_flash.o(i.FLASH_GetBank1Status) for FLASH_GetBank1Status
    stm32f10x_flash.o(i.FLASH_WaitForLastOperation) refers to stm32f10x_flash.o(i.FLASH_GetBank1Status) for FLASH_GetBank1Status
    stm32f10x_gpio.o(i.GPIO_AFIODeInit) refers to stm32f10x_rcc.o(i.RCC_APB2PeriphResetCmd) for RCC_APB2PeriphResetCmd
    stm32f10x_gpio.o(i.GPIO_DeInit) refers to stm32f10x_rcc.o(i.RCC_APB2PeriphResetCmd) for RCC_APB2PeriphResetCmd
    stm32f10x_i2c.o(i.I2C_DeInit) refers to stm32f10x_rcc.o(i.RCC_APB1PeriphResetCmd) for RCC_APB1PeriphResetCmd
    stm32f10x_i2c.o(i.I2C_Init) refers to stm32f10x_rcc.o(i.RCC_GetClocksFreq) for RCC_GetClocksFreq
    stm32f10x_pwr.o(i.PWR_DeInit) refers to stm32f10x_rcc.o(i.RCC_APB1PeriphResetCmd) for RCC_APB1PeriphResetCmd
    stm32f10x_rcc.o(i.RCC_GetClocksFreq) refers to stm32f10x_rcc.o(.data) for APBAHBPrescTable
    stm32f10x_rcc.o(i.RCC_WaitForHSEStartUp) refers to stm32f10x_rcc.o(i.RCC_GetFlagStatus) for RCC_GetFlagStatus
    stm32f10x_rtc.o(i.RTC_SetAlarm) refers to stm32f10x_rtc.o(i.RTC_EnterConfigMode) for RTC_EnterConfigMode
[...]
    block_mark_as_used                       0x08001aef   Thumb Code    26  tlsf.o(i.block_mark_as_used)
    i.block_merge_next                       0x08001b08   Section        0  tlsf.o(i.block_merge_next)
    block_merge_next                         0x08001b09   Thumb Code    44  tlsf.o(i.block_merge_next)
    i.block_merge_prev                       0x08001b34   Section        0  tlsf.o(i.block_merge_prev)
    block_merge_prev                         0x08001b35   Thumb Code    46  tlsf.o(i.block_merge_prev)
    i.block_next                             0x08001b62   Section        0  tlsf.o(i.block_next)
    block_next                               0x08001b63   Thumb Code    36  tlsf.o(i.block_next)
    i.block_prepare_used                     0x08001b86   Section        0  tlsf.o(i.block_prepare_used)
    block_prepare_used                       0x08001b87   Thumb Code    44  tlsf.o(i.block_prepare_used)
    i.block_prev                             0x08001bb2   Section        0  tlsf.o(i.block_prev)
    block_prev                               0x08001bb3   Thumb Code     6  tlsf.o(i.block_prev)
    i.block_remove                           0x08001bb8   Section        0  tlsf.o(i.block_remove)
    block_remove                             0x08001bb9   Thumb Code    36  tlsf.o(i.block_remove)
    i.block_set_free                         0x08001bdc   Section        0  tlsf.o(i.block_set_free)
    block_set_free                           0x08001bdd   Thumb Code    10  tlsf.o(i.block_set_free)
    i.block_set_prev_free                    0x08001be6   Section        0  tlsf.o(i.block_set_prev_free)
    block_set_prev_free                      0x08001be7   Thumb Code    10  tlsf.o(i.block_set_prev_free)
    i.block_set_prev_used                    0x08001bf0   Section        0  tlsf.o(i.block_set_prev_used)
    block_set_prev_used                      0x08001bf1   Thumb Code    10  tlsf.o(i.block_set_prev_used)
    i.block_set_size                         0x08001bfa   Section        0  tlsf.o(i.block_set_size)
    block_set_size                           0x08001bfb   Thumb Code    12  tlsf.o(i.block_set_size)
    i.block_set_used                         0x08001c06   Section        0  tlsf.o(i.block_set_used)
    block_set_used                           0x08001c07   Thumb Code    10  tlsf.o(i.block_set_used)
    i.block_size                             0x08001c10   Section        0  tlsf.o(i.block_size)
    block_size                               0x08001c11   Thumb Code    10  tlsf.o(i.block_size)
    i.block_split                            0x08001c1a   Section        0  tlsf.o(i.block_split)
    block_split                              0x08001c1b   Thumb Code    62  tlsf.o(i.block_split)
    i.block_to_ptr                           0x08001c58   Section        0  tlsf.o(i.block_to_ptr)
    block_to_ptr                             0x08001c59   Thumb Code     8  tlsf.o(i.block_to_ptr)
    i.block_trim_free                        0x08001c60   Section        0  tlsf.o(i.block_trim_free)
    block_trim_free                          0x08001c61   Thumb Code    56  tlsf.o(i.block_trim_free)
    i.borad_init                             0x08001c98   Section        0  main.o(i.borad_init)
    i.cmd_add                                0x08001cc4   Section        0  add.o(i.cmd_add)
    i.cmd_helloworld                         0x08001d40   Section        0  helloworld.o(i.cmd_helloworld)
    i.cmd_mem                                0x08001dd0   Section        0  mem.o(i.cmd_mem)
    i.cmd_printlog                           0x08001e20   Section        0  printlog.o(i.cmd_printlog)
    i.control_construct                      0x08001e88   Section        0  tlsf.o(i.control_construct)
    control_construct                        0x08001e89   Thumb Code    54  tlsf.o(i.control_construct)
    i.elog_get_filter_tag_lvl                0x08001ec0   Section        0  elog.o(i.elog_get_filter_tag_lvl)
    i.elog_init                              0x08001fb8   Section        0  elog.o(i.elog_init)
    i.elog_output                            0x08002004   Section        0  elog.o(i.elog_output)
    i.elog_output_lock                       0x0800239c   Section        0  elog.o(i.elog_output_lock)
    i.elog_output_lock_enabled               0x080023c4   Section        0  elog.o(i.elog_output_lock_enabled)
    i.elog_output_unlock                     0x08002404   Section        0  elog.o(i.elog_output_unlock)
    i.elog_port_get_p_info                   0x0800242c   Section        0  elog_port.o(i.elog_port_get_p_info)
    i.elog_port_get_t_info                   0x0800243c   Section        0  elog_port.o(i.elog_port_get_t_info)
    i.elog_port_get_time                     0x08002448   Section        0  elog_port.o(i.elog_port_get_time)
    i.elog_port_init                         0x08002458   Section        0  elog_port.o(i.elog_port_init)
    i.elog_port_output                       0x0800245c   Section        0  elog_port.o(i.elog_port_output)
    i.elog_port_output_lock                  0x0800247c   Section        0  elog_port.o(i.elog_port_output_lock)
    i.elog_port_output_unlock                0x08002480   Section        0  elog_port.o(i.elog_port_output_unlock)
    i.elog_set_filter_lvl                    0x08002484   Section        0  elog.o(i.elog_set_filter_lvl)
    i.elog_set_filter_tag_lvl_default        0x08002524   Section        0  elog.o(i.elog_set_filter_tag_lvl_default)
    elog_set_filter_tag_lvl_default          0x08002525   Thumb Code    66  elog.o(i.elog_set_filter_tag_lvl_default)
    i.elog_set_fmt                           0x0800256c   Section        0  elog.o(i.elog_set_fmt)
    i.elog_set_output_enabled                0x08002610   Section        0  elog.o(i.elog_set_output_enabled)
    i.elog_start                             0x080026c0   Section        0  elog.o(i.elog_start)
    i.elog_strcpy                            0x08002728   Section        0  elog_utils.o(i.elog_strcpy)
    i.fputc                                  0x08002800   Section        0  fputc.o(i.fputc)
    i.free                                   0x08002812   Section        0  malloc.o(i.free)
    i.get_fmt_enabled                        0x08002820   Section        0  elog.o(i.get_fmt_enabled)
    get_fmt_enabled                          0x08002821   Thumb Code    88  elog.o(i.get_fmt_enabled)
    i.get_fmt_used_and_enabled_ptr           0x080028cc   Section        0  elog.o(i.get_fmt_used_and_enabled_ptr)
    get_fmt_used_and_enabled_ptr             0x080028cd   Thumb Code    28  elog.o(i.get_fmt_used_and_enabled_ptr)
    i.get_fmt_used_and_enabled_u32           0x080028e8   Section        0  elog.o(i.get_fmt_used_and_enabled_u32)
    get_fmt_used_and_enabled_u32             0x080028e9   Thumb Code    28  elog.o(i.get_fmt_used_and_enabled_u32)
    i.insert_free_block                      0x08002904   Section        0  tlsf.o(i.insert_free_block)
    insert_free_block                        0x08002905   Thumb Code    66  tlsf.o(i.insert_free_block)
    i.main                                   0x08002948   Section        0  main.o(i.main)
    i.malloc                                 0x080029b0   Section        0  malloc.o(i.malloc)
    i.mapping_insert                         0x080029bc   Section        0  tlsf.o(i.mapping_insert)
    mapping_insert                           0x080029bd   Thumb Code    58  tlsf.o(i.mapping_insert)
    i.mapping_search                         0x080029f6   Section        0  tlsf.o(i.mapping_search)
    mapping_search                           0x080029f7   Thumb Code    48  tlsf.o(i.mapping_search)
    i.mem_free                               0x08002a28   Section        0  mem_mgnt.o(i.mem_free)
    i.mem_init                               0x08002a3c   Section        0  mem_mgnt.o(i.mem_init)
    i.mem_malloc                             0x08002a60   Section        0  mem_mgnt.o(i.mem_malloc)
    i.next_head                              0x08002a74   Section        0  ringbuffer8.o(i.next_head)
    next_head                                0x08002a75   Thumb Code    24  ringbuffer8.o(i.next_head)
    i.offset_to_block                        0x08002a8c   Section        0  tlsf.o(i.offset_to_block)
    offset_to_block                          0x08002a8d   Thumb Code     6  tlsf.o(i.offset_to_block)
    i.prvResetNextTaskUnblockTime            0x08002a94   Section        0  tasks.o(i.prvResetNextTaskUnblockTime)
    prvResetNextTaskUnblockTime              0x08002a95   Thumb Code    40  tasks.o(i.prvResetNextTaskUnblockTime)
    i.rb8_empty                              0x08002ac4   Section        0  ringbuffer8.o(i.rb8_empty)
    i.rb8_full                               0x08002ad6   Section        0  ringbuffer8.o(i.rb8_full)
    i.rb8_get                                0x08002aee   Section        0  ringbuffer8.o(i.rb8_get)
    i.rb8_new                                0x08002b22   Section        0  ringbuffer8.o(i.rb8_new)
    i.rb8_put                                0x08002b2e   Section        0  ringbuffer8.o(i.rb8_put)
    i.remove_free_block                      0x08002b58   Section        0  tlsf.o(i.remove_free_block)
    remove_free_block                        0x08002b59   Thumb Code    84  tlsf.o(i.remove_free_block)
    i.search_suitable_block                  0x08002bac   Section        0  tlsf.o(i.search_suitable_block)
    search_suitable_block                    0x08002bad   Thumb Code   114  tlsf.o(i.search_suitable_block)
    i.shellAdd                               0x08002c20   Section        0  shell.o(i.shellAdd)
    shellAdd                                 0x08002c21   Thumb Code    34  shell.o(i.shellAdd)
    i.shellBackspace                         0x08002c48   Section        0  shell.o(i.shellBackspace)
    i.shellCheckPassword                     0x08002c58   Section        0  shell.o(i.shellCheckPassword)
    shellCheckPassword                       0x08002c59   Thumb Code    62  shell.o(i.shellCheckPassword)
    i.shellCheckPermission                   0x08002c9c   Section        0  shell.o(i.shellCheckPermission)
    i.shellClear                             0x08002cd4   Section        0  shell.o(i.shellClear)
    i.shellClearCommandLine                  0x08002cf0   Section        0  shell.o(i.shellClearCommandLine)
    i.shellCmds                              0x08002d18   Section        0  shell.o(i.shellCmds)
    i.shellDelete                            0x08002d2a   Section        0  shell.o(i.shellDelete)
    i.shellDeleteByte                        0x08002d3a   Section        0  shell.o(i.shellDeleteByte)
    i.shellDeleteCommandLine                 0x08002e14   Section        0  shell.o(i.shellDeleteCommandLine)
    i.shellDown                              0x08002e34   Section        0  shell.o(i.shellDown)
    i.shellEnter                             0x08002e44   Section        0  shell.o(i.shellEnter)
    i.shellExec                              0x08002e58   Section        0  shell.o(i.shellExec)
    i.shellExtNumType                        0x08002ed0   Section        0  shell_ext.o(i.shellExtNumType)
    shellExtNumType                          0x08002ed1   Thumb Code    88  shell_ext.o(i.shellExtNumType)
    i.shellExtParseChar                      0x08002f28   Section        0  shell_ext.o(i.shellExtParseChar)
    shellExtParseChar                        0x08002f29   Thumb Code    70  shell_ext.o(i.shellExtParseChar)
    i.shellExtParseNumber                    0x08002f6e   Section        0  shell_ext.o(i.shellExtParseNumber)
    shellExtParseNumber                      0x08002f6f   Thumb Code   232  shell_ext.o(i.shellExtParseNumber)
    i.shellExtParsePara                      0x08003056   Section        0  shell_ext.o(i.shellExtParsePara)
    i.shellExtParseString                    0x080030ac   Section        0  shell_ext.o(i.shellExtParseString)
    shellExtParseString                      0x080030ad   Thumb Code    74  shell_ext.o(i.shellExtParseString)
    i.shellExtParseVar                       0x080030f6   Section        0  shell_ext.o(i.shellExtParseVar)
    shellExtParseVar                         0x080030f7   Thumb Code    36  shell_ext.o(i.shellExtParseVar)
    i.shellExtRun                            0x0800311a   Section        0  shell_ext.o(i.shellExtRun)
    i.shellExtToNum                          0x08003498   Section        0  shell_ext.o(i.shellExtToNum)
    shellExtToNum                            0x08003499   Thumb Code    54  shell_ext.o(i.shellExtToNum)
    i.shellGetCommandDesc                    0x080034ce   Section        0  shell.o(i.shellGetCommandDesc)
    shellGetCommandDesc                      0x080034cf   Thumb Code    48  shell.o(i.shellGetCommandDesc)
    i.shellGetCommandName                    0x08003500   Section        0  shell.o(i.shellGetCommandName)
    shellGetCommandName                      0x08003501   Thumb Code    76  shell.o(i.shellGetCommandName)
    i.shellGetCurrent                        0x08003550   Section        0  shell.o(i.shellGetCurrent)
    i.shellGetVarValue                       0x08003584   Section        0  shell.o(i.shellGetVarValue)
    i.shellHandler                           0x080035d8   Section        0  shell.o(i.shellHandler)
    i.shellHelp                              0x080036c8   Section        0  shell.o(i.shellHelp)
    i.shellHistory                           0x080036f4   Section        0  shell.o(i.shellHistory)
    shellHistory                             0x080036f5   Thumb Code   194  shell.o(i.shellHistory)
    i.shellHistoryAdd                        0x080037b6   Section        0  shell.o(i.shellHistoryAdd)
    shellHistoryAdd                          0x080037b7   Thumb Code   122  shell.o(i.shellHistoryAdd)
    i.shellInit                              0x08003830   Section        0  shell.o(i.shellInit)
    i.shellInsertByte                        0x080038c8   Section        0  shell.o(i.shellInsertByte)
    i.shellKeys                              0x080039a4   Section        0  shell.o(i.shellKeys)
    i.shellLeft                              0x080039b6   Section        0  shell.o(i.shellLeft)
    i.shellListAll                           0x080039d0   Section        0  shell.o(i.shellListAll)
    i.shellListCommand                       0x080039dc   Section        0  shell.o(i.shellListCommand)
    i.shellListItem                          0x08003a28   Section        0  shell.o(i.shellListItem)
    i.shellListKey                           0x08003af8   Section        0  shell.o(i.shellListKey)
    i.shellListUser                          0x08003b50   Section        0  shell.o(i.shellListUser)
    i.shellListVar                           0x08003ba8   Section        0  shell.o(i.shellListVar)
    i.shellNormalInput                       0x08003c00   Section        0  shell.o(i.shellNormalInput)
    i.shellParserParam                       0x08003c1c   Section        0  shell.o(i.shellParserParam)
    shellParserParam                         0x08003c1d   Thumb Code   150  shell.o(i.shellParserParam)
    i.shellPrint                             0x08003cb2   Section        0  shell.o(i.shellPrint)
    i.shellRemoveParamQuotes                 0x08003ce4   Section        0  shell.o(i.shellRemoveParamQuotes)
    shellRemoveParamQuotes                   0x08003ce5   Thumb Code   106  shell.o(i.shellRemoveParamQuotes)
    i.shellRight                             0x08003d4e   Section        0  shell.o(i.shellRight)
    i.shellRun                               0x08003d6c   Section        0  shell.o(i.shellRun)
    i.shellRunCommand                        0x08003dc8   Section        0  shell.o(i.shellRunCommand)
    i.shellSeekCommand                       0x08003e7a   Section        0  shell.o(i.shellSeekCommand)
    i.shellSetUser                           0x08003ef4   Section        0  shell.o(i.shellSetUser)
    shellSetUser                             0x08003ef5   Thumb Code    76  shell.o(i.shellSetUser)
    i.shellSetVar                            0x08003f44   Section        0  shell.o(i.shellSetVar)
    i.shellSetVarValue                       0x08003fb4   Section        0  shell.o(i.shellSetVarValue)
    i.shellShowVar                           0x08004044   Section        0  shell.o(i.shellShowVar)
    shellShowVar                             0x08004045   Thumb Code   158  shell.o(i.shellShowVar)
    i.shellStringCompare                     0x08004104   Section        0  shell.o(i.shellStringCompare)
    shellStringCompare                       0x08004105   Thumb Code    44  shell.o(i.shellStringCompare)
    i.shellStringCopy                        0x08004130   Section        0  shell.o(i.shellStringCopy)
    shellStringCopy                          0x08004131   Thumb Code    24  shell.o(i.shellStringCopy)
    i.shellTab                               0x08004148   Section        0  shell.o(i.shellTab)
    i.shellToDec                             0x08004258   Section        0  shell.o(i.shellToDec)
    i.shellToHex                             0x080042ae   Section        0  shell.o(i.shellToHex)
    i.shellUp                                0x080042e6   Section        0  shell.o(i.shellUp)
    i.shellUsers                             0x080042f4   Section        0  shell.o(i.shellUsers)
    i.shellVars                              0x08004306   Section        0  shell.o(i.shellVars)
    i.shellWriteByte                         0x08004318   Section        0  shell.o(i.shellWriteByte)
    shellWriteByte                           0x08004319   Thumb Code    16  shell.o(i.shellWriteByte)
    i.shellWriteCommandDesc                  0x08004328   Section        0  shell.o(i.shellWriteCommandDesc)
    shellWriteCommandDesc                    0x08004329   Thumb Code    96  shell.o(i.shellWriteCommandDesc)
    i.shellWriteCommandHelp                  0x0800438c   Section        0  shell.o(i.shellWriteCommandHelp)
    shellWriteCommandHelp                    0x0800438d   Thumb Code    98  shell.o(i.shellWriteCommandHelp)
    i.shellWritePrompt                       0x080043f8   Section        0  shell.o(i.shellWritePrompt)
    shellWritePrompt                         0x080043f9   Thumb Code    84  shell.o(i.shellWritePrompt)
    i.shellWriteReturnValue                  0x08004460   Section        0  shell.o(i.shellWriteReturnValue)
    shellWriteReturnValue                    0x08004461   Thumb Code   104  shell.o(i.shellWriteReturnValue)
    i.shellWriteString                       0x080044ec   Section        0  shell.o(i.shellWriteString)
    i.test_elog                              0x08004520   Section        0  elog_mgnt.o(i.test_elog)
    i.tlsf_add_pool                          0x080045b8   Section        0  tlsf.o(i.tlsf_add_pool)
    i.tlsf_create                            0x080046c8   Section        0  tlsf.o(i.tlsf_create)
    i.tlsf_create_with_pool                  0x08004724   Section        0  tlsf.o(i.tlsf_create_with_pool)
    i.tlsf_ffs                               0x08004752   Section        0  tlsf.o(i.tlsf_ffs)
    tlsf_ffs                                 0x08004753   Thumb Code    24  tlsf.o(i.tlsf_ffs)
    i.tlsf_fls                               0x0800476a   Section        0  tlsf.o(i.tlsf_fls)
    tlsf_fls                                 0x0800476b   Thumb Code    22  tlsf.o(i.tlsf_fls)
    i.tlsf_free                              0x08004780   Section        0  tlsf.o(i.tlsf_free)
    i.tlsf_malloc                            0x080047bc   Section        0  tlsf.o(i.tlsf_malloc)
    i.tlsf_pool_overhead                     0x080047e8   Section        0  tlsf.o(i.tlsf_pool_overhead)
    i.tlsf_size                              0x080047ec   Section        0  tlsf.o(i.tlsf_size)
    i.usart_callback_register                0x080047f4   Section        0  console_usart.o(i.usart_callback_register)
    i.usart_init                             0x08004800   Section        0  console_usart.o(i.usart_init)
    i.usart_irq_init                         0x08004810   Section        0  console_usart.o(i.usart_irq_init)
    i.usart_lowlevel_init                    0x08004840   Section        0  console_usart.o(i.usart_lowlevel_init)
    i.usart_pin_init                         0x08004880   Section        0  console_usart.o(i.usart_pin_init)
    i.usart_rx_handler                       0x080048c0   Section        0  main.o(i.usart_rx_handler)
    usart_rx_handler                         0x080048c1   Thumb Code    26  main.o(i.usart_rx_handler)
    i.usart_send_byte                        0x080048e0   Section        0  console_usart.o(i.usart_send_byte)
    i.xPortSysTickHandler                    0x08004900   Section        0  port.o(i.xPortSysTickHandler)
    i.xTaskIncrementTick                     0x08004934   Section        0  tasks.o(i.xTaskIncrementTick)
    .constdata                               0x08004ac4   Section      370  shell_cmd_list.o(.constdata)
    .constdata                               0x08004c36   Section       35  elog_utils.o(.constdata)
    __FUNCTION__                             0x08004c36   Data          12  elog_utils.o(.constdata)
    __FUNCTION__                             0x08004c42   Data          11  elog_utils.o(.constdata)
    __FUNCTION__                             0x08004c4d   Data          12  elog_utils.o(.constdata)
    .constdata                               0x08004c59   Section      177  elog.o(.constdata)
    __FUNCTION__                             0x08004c59   Data          24  elog.o(.constdata)
    __FUNCTION__                             0x08004c71   Data          13  elog.o(.constdata)
    __FUNCTION__                             0x08004c7e   Data          16  elog.o(.constdata)
    __FUNCTION__                             0x08004c8e   Data          20  elog.o(.constdata)
    __FUNCTION__                             0x08004ca2   Data          24  elog.o(.constdata)
    __FUNCTION__                             0x08004cba   Data          24  elog.o(.constdata)
    __FUNCTION__                             0x08004cd2   Data          12  elog.o(.constdata)
    __FUNCTION__                             0x08004cde   Data          16  elog.o(.constdata)
    __FUNCTION__                             0x08004cee   Data          14  elog.o(.constdata)
    __FUNCTION__                             0x08004cfc   Data          14  elog.o(.constdata)
    .constdata                               0x08004d0a   Section      129  ctype_o.o(.constdata)
    .constdata                               0x08004d8c   Section        4  ctype_o.o(.constdata)
    table                                    0x08004d8c   Data           4  ctype_o.o(.constdata)
    .conststring                             0x08004d90   Section      677  shell.o(.conststring)
    .conststring                             0x08005038   Section      405  shell_cmd_list.o(.conststring)
    .conststring                             0x080051d0   Section       23  elog.o(.conststring)
    .data                                    0x20000000   Section       20  stm32f10x_rcc.o(.data)
    APBAHBPrescTable                         0x20000000   Data          16  stm32f10x_rcc.o(.data)
    ADCPrescTable                            0x20000010   Data           4  stm32f10x_rcc.o(.data)
    .data                                    0x20000014   Section        4  console_usart.o(.data)
    rx_callback                              0x20000014   Data           4  console_usart.o(.data)
    .data                                    0x20000018   Section        4  main.o(.data)
    rxrb                                     0x20000018   Data           4  main.o(.data)
    .data                                    0x2000001c   Section        4  mem_mgnt.o(.data)
    tlsf                                     0x2000001c   Data           4  mem_mgnt.o(.data)
    .data                                    0x20000020   Section       84  shell.o(.data)
    shellText                                0x20000020   Data          84  shell.o(.data)
    .data                                    0x20000074   Section       28  elog.o(.data)
    level_output_info                        0x20000074   Data          24  elog.o(.data)
    .data                                    0x20000090   Section       64  tasks.o(.data)
    pxDelayedTaskList                        0x20000094   Data           4  tasks.o(.data)
    pxOverflowDelayedTaskList                0x20000098   Data           4  tasks.o(.data)
    uxDeletedTasksWaitingCleanUp             0x2000009c   Data           4  tasks.o(.data)
    uxCurrentNumberOfTasks                   0x200000a0   Data           4  tasks.o(.data)
    xTickCount                               0x200000a4   Data           4  tasks.o(.data)
    uxTopReadyPriority                       0x200000a8   Data           4  tasks.o(.data)
    xSchedulerRunning                        0x200000ac   Data           4  tasks.o(.data)
    xPendedTicks                             0x200000b0   Data           4  tasks.o(.data)
    xYieldPending                            0x200000b4   Data           4  tasks.o(.data)
    xNumOfOverflows                          0x200000b8   Data           4  tasks.o(.data)
    uxTaskNumber                             0x200000bc   Data           4  tasks.o(.data)
    xNextTaskUnblockTime                     0x200000c0   Data           4  tasks.o(.data)
    xIdleTaskHandle                          0x200000c4   Data           4  tasks.o(.data)
    uxSchedulerSuspended                     0x200000cc   Data           4  tasks.o(.data)
    .data                                    0x200000d0   Section        4  stdout.o(.data)
    .data                                    0x200000d4   Section        4  errno.o(.data)
    _errno                                   0x200000d4   Data           4  errno.o(.data)
    .bss                                     0x200000d8   Section      524  main.o(.bss)
    rx_buff                                  0x200000d8   Data         128  main.o(.bss)
    shell                                    0x20000158   Data         140  main.o(.bss)
    shell_buffer                             0x200001e4   Data         256  main.o(.bss)
    .bss                                     0x200002e4   Section    10240  mem_mgnt.o(.bss)
    dyl_mem_pool                             0x200002e4   Data       10240  mem_mgnt.o(.bss)
    .bss                                     0x20002ae4   Section       21  shell.o(.bss)
    shellList                                0x20002ae4   Data          12  shell.o(.bss)
    buffer                                   0x20002af0   Data           9  shell.o(.bss)
    .bss                                     0x20002afc   Section      420  elog.o(.bss)
    elog                                     0x20002afc   Data         164  elog.o(.bss)
    log_buf                                  0x20002ba0   Data         256  elog.o(.bss)
    .bss                                     0x20002ca0   Section      200  tasks.o(.bss)
    pxReadyTasksLists                        0x20002ca0   Data         100  tasks.o(.bss)
    xDelayedTaskList1                        0x20002d04   Data          20  tasks.o(.bss)
    xDelayedTaskList2                        0x20002d18   Data          20  tasks.o(.bss)
    xPendingReadyList                        0x20002d2c   Data          20  tasks.o(.bss)
    xTasksWaitingTermination                 0x20002d40   Data          20  tasks.o(.bss)
    xSuspendedTaskList                       0x20002d54   Data          20  tasks.o(.bss)
    STACK                                    0x20002d68   Section     1024  startup_stm32f10x_md.o(STACK)

    Global Symbols

    Symbol Name                              Value     Ov Type        Size  Object(Section)

    BuildAttributes$$THM_ISAv4$P$D$K$B$S$PE$A:L22UL41UL21$X:L11$S22US41US21$IEEE1$IW$USESV6$~STKCKD$USESV7$~SHL$OTIME$ROPI$EBA8$MICROLIB$REQ8$PRES8$EABIv2 0x00000000   Number         0  anon$$obj.o ABSOLUTE
    __ARM_use_no_argv                        0x00000000   Number         0  main.o ABSOLUTE
    _printf_a                                0x00000000   Number         0  stubs.o ABSOLUTE
    _printf_c                                0x00000000   Number         0  stubs.o ABSOLUTE
    _printf_charcount                        0x00000000   Number         0  stubs.o ABSOLUTE
    _printf_d                                0x00000000   Number         0  stubs.o ABSOLUTE
    _printf_e                                0x00000000   Number         0  stubs.o ABSOLUTE
    _printf_f                                0x00000000   Number         0  stubs.o ABSOLUTE
    _printf_flags                            0x00000000   Number         0  stubs.o ABSOLUTE
    _printf_fp_dec                           0x00000000   Number         0  stubs.o ABSOLUTE
    _printf_fp_hex                           0x00000000   Number         0  stubs.o ABSOLUTE
    _printf_g                                0x00000000   Number         0  stubs.o ABSOLUTE
    _printf_i                                0x00000000   Number         0  stubs.o ABSOLUTE
    _printf_int_dec                          0x00000000   Number         0  stubs.o ABSOLUTE
    _printf_l                                0x00000000   Number         0  stubs.o ABSOLUTE
    _printf_lc                               0x00000000   Number         0  stubs.o ABSOLUTE
    _printf_ll                               0x00000000   Number         0  stubs.o ABSOLUTE
    _printf_lld                              0x00000000   Number         0  stubs.o ABSOLUTE
    _printf_lli                              0x00000000   Number         0  stubs.o ABSOLUTE
    _printf_llo                              0x00000000   Number         0  stubs.o ABSOLUTE
    _printf_llu                              0x00000000   Number         0  stubs.o ABSOLUTE
    _printf_llx                              0x00000000   Number         0  stubs.o ABSOLUTE
    _printf_longlong_dec                     0x00000000   Number         0  stubs.o ABSOLUTE
    _printf_longlong_hex                     0x00000000   Number         0  stubs.o ABSOLUTE
    _printf_longlong_oct                     0x00000000   Number         0  stubs.o ABSOLUTE
    _printf_ls                               0x00000000   Number         0  stubs.o ABSOLUTE
    _printf_mbtowc                           0x00000000   Number         0  stubs.o ABSOLUTE
    _printf_n                                0x00000000   Number         0  stubs.o ABSOLUTE
    _printf_o                                0x00000000   Number         0  stubs.o ABSOLUTE
    _printf_p                                0x00000000   Number         0  stubs.o ABSOLUTE
    _printf_percent                          0x00000000   Number         0  stubs.o ABSOLUTE
    _printf_pre_padding                      0x00000000   Number         0  stubs.o ABSOLUTE
    _printf_return_value                     0x00000000   Number         0  stubs.o ABSOLUTE
    _printf_s                                0x00000000   Number         0  stubs.o ABSOLUTE
    _printf_sizespec                         0x00000000   Number         0  stubs.o ABSOLUTE
    _printf_str                              0x00000000   Number         0  stubs.o ABSOLUTE
    _printf_truncate_signed                  0x00000000   Number         0  stubs.o ABSOLUTE
    _printf_truncate_unsigned                0x00000000   Number         0  stubs.o ABSOLUTE
    _printf_u                                0x00000000   Number         0  stubs.o ABSOLUTE
    _printf_wc                               0x00000000   Number         0  stubs.o ABSOLUTE
    _printf_wctomb                           0x00000000   Number         0  stubs.o ABSOLUTE
    _printf_widthprec                        0x00000000   Number         0  stubs.o ABSOLUTE
    _printf_x                                0x00000000   Number         0  stubs.o ABSOLUTE
    __cpp_initialize__aeabi_                  - Undefined Weak Reference
    __cxa_finalize                            - Undefined Weak Reference
    __decompress                              - Undefined Weak Reference
    _clock_init                               - Undefined Weak Reference
    _microlib_exit                            - Undefined Weak Reference
    __Vectors_Size                           0x000000ec   Number         0  startup_stm32f10x_md.o ABSOLUTE
    __Vectors                                0x08000000   Data           4  startup_stm32f10x_md.o(RESET)
    __Vectors_End                            0x080000ec   Data           0  startup_stm32f10x_md.o(RESET)
    __main                                   0x080000ed   Thumb Code     0  entry.o(.ARM.Collect$$$$00000000)
    _main_stk                                0x080000ed   Thumb Code     0  entry2.o(.ARM.Collect$$$$00000001)
    _main_scatterload                        0x080000f1   Thumb Code     0  entry5.o(.ARM.Collect$$$$00000004)
    __main_after_scatterload                 0x080000f5   Thumb Code     0  entry5.o(.ARM.Collect$$$$00000004)
    _main_clock                              0x080000f5   Thumb Code     0  entry7b.o(.ARM.Collect$$$$00000008)
    _main_cpp_init                           0x080000f5   Thumb Code     0  entry8b.o(.ARM.Collect$$$$0000000A)
    _main_init                               0x080000f5   Thumb Code     0  entry9a.o(.ARM.Collect$$$$0000000B)
    __rt_final_cpp                           0x080000fd   Thumb Code     0  entry10a.o(.ARM.Collect$$$$0000000D)
    __rt_final_exit                          0x080000fd   Thumb Code     0  entry11a.o(.ARM.Collect$$$$0000000F)
    Reset_Handler                            0x08000101   Thumb Code     8  startup_stm32f10x_md.o(.text)
    SVC_Handler                              0x08000113   Thumb Code     2  startup_stm32f10x_md.o(.text)
    PendSV_Handler                           0x08000117   Thumb Code     2  startup_stm32f10x_md.o(.text)
    ADC1_2_IRQHandler                        0x0800011b   Thumb Code     0  startup_stm32f10x_md.o(.text)
    CAN1_RX1_IRQHandler                      0x0800011b   Thumb Code     0  startup_stm32f10x_md.o(.text)
    CAN1_SCE_IRQHandler                      0x0800011b   Thumb Code     0  startup_stm32f10x_md.o(.text)
    DMA1_Channel1_IRQHandler                 0x0800011b   Thumb Code     0  startup_stm32f10x_md.o(.text)
    DMA1_Channel2_IRQHandler                 0x0800011b   Thumb Code     0  startup_stm32f10x_md.o(.text)
    DMA1_Channel3_IRQHandler                 0x0800011b   Thumb Code     0  startup_stm32f10x_md.o(.text)
    DMA1_Channel4_IRQHandler                 0x0800011b   Thumb Code     0  startup_stm32f10x_md.o(.text)
    DMA1_Channel5_IRQHandler                 0x0800011b   Thumb Code     0  startup_stm32f10x_md.o(.text)
    DMA1_Channel6_IRQHandler                 0x0800011b   Thumb Code     0  startup_stm32f10x_md.o(.text)
    DMA1_Channel7_IRQHandler                 0x0800011b   Thumb Code     0  startup_stm32f10x_md.o(.text)
    EXTI0_IRQHandler                         0x0800011b   Thumb Code     0  startup_stm32f10x_md.o(.text)
    EXTI15_10_IRQHandler                     0x0800011b   Thumb Code     0  startup_stm32f10x_md.o(.text)
    EXTI1_IRQHandler                         0x0800011b   Thumb Code     0  startup_stm32f10x_md.o(.text)
    EXTI2_IRQHandler                         0x0800011b   Thumb Code     0  startup_stm32f10x_md.o(.text)
    EXTI3_IRQHandler                         0x0800011b   Thumb Code     0  startup_stm32f10x_md.o(.text)
    EXTI4_IRQHandler                         0x0800011b   Thumb Code     0  startup_stm32f10x_md.o(.text)
    EXTI9_5_IRQHandler                       0x0800011b   Thumb Code     0  startup_stm32f10x_md.o(.text)
    FLASH_IRQHandler                         0x0800011b   Thumb Code     0  startup_stm32f10x_md.o(.text)
    I2C1_ER_IRQHandler                       0x0800011b   Thumb Code     0  startup_stm32f10x_md.o(.text)
    I2C1_EV_IRQHandler                       0x0800011b   Thumb Code     0  startup_stm32f10x_md.o(.text)
    I2C2_ER_IRQHandler                       0x0800011b   Thumb Code     0  startup_stm32f10x_md.o(.text)
    I2C2_EV_IRQHandler                       0x0800011b   Thumb Code     0  startup_stm32f10x_md.o(.text)
    PVD_IRQHandler                           0x0800011b   Thumb Code     0  startup_stm32f10x_md.o(.text)
    RCC_IRQHandler                           0x0800011b   Thumb Code     0  startup_stm32f10x_md.o(.text)
    RTCAlarm_IRQHandler                      0x0800011b   Thumb Code     0  startup_stm32f10x_md.o(.text)
    RTC_IRQHandler                           0x0800011b   Thumb Code     0  startup_stm32f10x_md.o(.text)
    SPI1_IRQHandler                          0x0800011b   Thumb Code     0  startup_stm32f10x_md.o(.text)
    SPI2_IRQHandler                          0x0800011b   Thumb Code     0  startup_stm32f10x_md.o(.text)
    TAMPER_IRQHandler                        0x0800011b   Thumb Code     0  startup_stm32f10x_md.o(.text)
    TIM1_BRK_IRQHandler                      0x0800011b   Thumb Code     0  startup_stm32f10x_md.o(.text)
    TIM1_CC_IRQHandler                       0x0800011b   Thumb Code     0  startup_stm32f10x_md.o(.text)
    TIM1_TRG_COM_IRQHandler                  0x0800011b   Thumb Code     0  startup_stm32f10x_md.o(.text)
    TIM1_UP_IRQHandler                       0x0800011b   Thumb Code     0  startup_stm32f10x_md.o(.text)
    TIM2_IRQHandler                          0x0800011b   Thumb Code     0  startup_stm32f10x_md.o(.text)
    TIM3_IRQHandler                          0x0800011b   Thumb Code     0  startup_stm32f10x_md.o(.text)
    TIM4_IRQHandler                          0x0800011b   Thumb Code     0  startup_stm32f10x_md.o(.text)
    USART2_IRQHandler                        0x0800011b   Thumb Code     0  startup_stm32f10x_md.o(.text)
    USART3_IRQHandler                        0x0800011b   Thumb Code     0  startup_stm32f10x_md.o(.text)
    USBWakeUp_IRQHandler                     0x0800011b   Thumb Code     0  startup_stm32f10x_md.o(.text)
    USB_HP_CAN1_TX_IRQHandler                0x0800011b   Thumb Code     0  startup_stm32f10x_md.o(.text)
    USB_LP_CAN1_RX0_IRQHandler               0x0800011b   Thumb Code     0  startup_stm32f10x_md.o(.text)
    WWDG_IRQHandler                          0x0800011b   Thumb Code     0  startup_stm32f10x_md.o(.text)
    __aeabi_memset                           0x08000125   Thumb Code    14  memseta.o(.text)
    __aeabi_memset4                          0x08000125   Thumb Code     0  memseta.o(.text)
    __aeabi_memset8                          0x08000125   Thumb Code     0  memseta.o(.text)
    __aeabi_memclr                           0x08000133   Thumb Code     4  memseta.o(.text)
    __aeabi_memclr4                          0x08000133   Thumb Code     0  memseta.o(.text)
    __aeabi_memclr8                          0x08000133   Thumb Code     0  memseta.o(.text)
    _memset$wrapper                          0x08000137   Thumb Code    18  memseta.o(.text)
    strstr                                   0x08000149   Thumb Code    36  strstr.o(.text)
    strlen                                   0x0800016d   Thumb Code    14  strlen.o(.text)
    strcmp                                   0x0800017b   Thumb Code    28  strcmp.o(.text)
    strncmp                                  0x08000197   Thumb Code    30  strncmp.o(.text)
    atoi                                     0x080001b5   Thumb Code    26  atoi.o(.text)
    __aeabi_fmul                             0x080001cf   Thumb Code   100  fmul.o(.text)
    __aeabi_fdiv                             0x08000233   Thumb Code   124  fdiv.o(.text)
    __aeabi_i2f                              0x080002af   Thumb Code    18  fflti.o(.text)
    __aeabi_ui2f                             0x080002c1   Thumb Code    10  ffltui.o(.text)
    __aeabi_uidiv                            0x080002cb   Thumb Code     0  uidiv.o(.text)
    __aeabi_uidivmod                         0x080002cb   Thumb Code    44  uidiv.o(.text)
    __aeabi_uldivmod                         0x080002f7   Thumb Code    98  uldiv.o(.text)
    strtol                                   0x08000359   Thumb Code   112  strtol.o(.text)
    __I$use$fp                               0x080003c9   Thumb Code     0  iusefp.o(.text)
    _float_round                             0x080003c9   Thumb Code    18  fepilogue.o(.text)
    _float_epilogue                          0x080003db   Thumb Code    92  fepilogue.o(.text)
    __aeabi_dadd                             0x08000437   Thumb Code   322  dadd.o(.text)
    __aeabi_dsub                             0x08000579   Thumb Code     6  dadd.o(.text)
    __aeabi_drsub                            0x0800057f   Thumb Code     6  dadd.o(.text)
    __aeabi_dmul                             0x08000585   Thumb Code   228  dmul.o(.text)
    __aeabi_ddiv                             0x08000669   Thumb Code   222  ddiv.o(.text)
    __aeabi_d2ulz                            0x08000747   Thumb Code    48  dfixul.o(.text)
    __aeabi_cdrcmple                         0x08000779   Thumb Code    48  cdrcmple.o(.text)
    __scatterload                            0x080007a9   Thumb Code    28  init.o(.text)
    __scatterload_rt2                        0x080007a9   Thumb Code     0  init.o(.text)
    __aeabi_llsl                             0x080007cd   Thumb Code    30  llshl.o(.text)
    __semihosting_library_function           0x080007cd   Thumb Code     0  semi.o(.text)
    _ll_shift_l                              0x080007cd   Thumb Code     0  llshl.o(.text)
    __aeabi_llsr                             0x080007eb   Thumb Code    32  llushr.o(.text)
    _ll_ushift_r                             0x080007eb   Thumb Code     0  llushr.o(.text)
    __aeabi_lasr                             0x0800080b   Thumb Code    36  llsshr.o(.text)
    _ll_sshift_r                             0x0800080b   Thumb Code     0  llsshr.o(.text)
    __rt_ctype_table                         0x08000831   Thumb Code     4  ctype_o.o(.text)
    _strtoul                                 0x08000839   Thumb Code   158  _strtoul.o(.text)
    __I$use$semihosting$fputc                0x080008d7   Thumb Code     0  iusesemip.o(.text)
    _double_round                            0x080008d7   Thumb Code    30  depilogue.o(.text)
    _double_epilogue                         0x080008f5   Thumb Code   156  depilogue.o(.text)
    _chval                                   0x08000991   Thumb Code    28  _chval.o(.text)
    BusFault_Handler                         0x080009ad   Thumb Code     4  stm32f10x_it.o(i.BusFault_Handler)
    DebugMon_Handler                         0x080009b1   Thumb Code     2  stm32f10x_it.o(i.DebugMon_Handler)
    GPIO_Init                                0x080009b3   Thumb Code   278  stm32f10x_gpio.o(i.GPIO_Init)
    GPIO_ResetBits                           0x08000ac9   Thumb Code     4  stm32f10x_gpio.o(i.GPIO_ResetBits)
    GPIO_SetBits                             0x08000acd   Thumb Code     4  stm32f10x_gpio.o(i.GPIO_SetBits)
    HardFault_Handler                        0x08000ad1   Thumb Code     4  stm32f10x_it.o(i.HardFault_Handler)
    LED_Init                                 0x08000ad5   Thumb Code    46  led.o(i.LED_Init)
    LED_ON                                   0x08000b09   Thumb Code    12  led.o(i.LED_ON)
    MemManage_Handler                        0x08000b19   Thumb Code     4  stm32f10x_it.o(i.MemManage_Handler)
    NMI_Handler                              0x08000b1d   Thumb Code     2  stm32f10x_it.o(i.NMI_Handler)
    NVIC_Init                                0x08000b21   Thumb Code   100  misc.o(i.NVIC_Init)
    NVIC_PriorityGroupConfig                 0x08000b91   Thumb Code    10  misc.o(i.NVIC_PriorityGroupConfig)
    RCC_APB2PeriphClockCmd                   0x08000ba5   Thumb Code    26  stm32f10x_rcc.o(i.RCC_APB2PeriphClockCmd)
    RCC_GetClocksFreq                        0x08000bc5   Thumb Code   192  stm32f10x_rcc.o(i.RCC_GetClocksFreq)
    SysTick_Handler                          0x08000d81   Thumb Code     8  stm32f10x_it.o(i.SysTick_Handler)
    SystemInit                               0x08000d89   Thumb Code    78  system_stm32f10x.o(i.SystemInit)
    USART1_IRQHandler                        0x08000de9   Thumb Code    50  console_usart.o(i.USART1_IRQHandler)
    USART_ClearITPendingBit                  0x08000e25   Thumb Code    30  stm32f10x_usart.o(i.USART_ClearITPendingBit)
    USART_Cmd                                0x08000e43   Thumb Code    24  stm32f10x_usart.o(i.USART_Cmd)
    USART_GetFlagStatus                      0x08000e5b   Thumb Code    26  stm32f10x_usart.o(i.USART_GetFlagStatus)
    USART_GetITStatus                        0x08000e75   Thumb Code    84  stm32f10x_usart.o(i.USART_GetITStatus)
    USART_ITConfig                           0x08000ec9   Thumb Code    74  stm32f10x_usart.o(i.USART_ITConfig)
    USART_Init                               0x08000f15   Thumb Code   210  stm32f10x_usart.o(i.USART_Init)
    USART_ReceiveData                        0x08000fed   Thumb Code    10  stm32f10x_usart.o(i.USART_ReceiveData)
    USART_SendData                           0x08000ff7   Thumb Code     8  stm32f10x_usart.o(i.USART_SendData)
    USART_StructInit                         0x08000fff   Thumb Code    24  stm32f10x_usart.o(i.USART_StructInit)
    UsageFault_Handler                       0x08001017   Thumb Code     4  stm32f10x_it.o(i.UsageFault_Handler)
    __0printf                                0x0800101d   Thumb Code    22  printfa.o(i.__0printf)
    __1printf                                0x0800101d   Thumb Code     0  printfa.o(i.__0printf)
    __2printf                                0x0800101d   Thumb Code     0  printfa.o(i.__0printf)
    __c89printf                              0x0800101d   Thumb Code     0  printfa.o(i.__0printf)
    printf                                   0x0800101d   Thumb Code     0  printfa.o(i.__0printf)
    __0snprintf                              0x0800103d   Thumb Code    44  printfa.o(i.__0snprintf)
    __1snprintf                              0x0800103d   Thumb Code     0  printfa.o(i.__0snprintf)
    __2snprintf                              0x0800103d   Thumb Code     0  printfa.o(i.__0snprintf)
    __c89snprintf                            0x0800103d   Thumb Code     0  printfa.o(i.__0snprintf)
    snprintf                                 0x0800103d   Thumb Code     0  printfa.o(i.__0snprintf)
    __0vsnprintf                             0x0800106d   Thumb Code    40  printfa.o(i.__0vsnprintf)
    __1vsnprintf                             0x0800106d   Thumb Code     0  printfa.o(i.__0vsnprintf)
    __2vsnprintf                             0x0800106d   Thumb Code     0  printfa.o(i.__0vsnprintf)
    __c89vsnprintf                           0x0800106d   Thumb Code     0  printfa.o(i.__0vsnprintf)
    vsnprintf                                0x0800106d   Thumb Code     0  printfa.o(i.__0vsnprintf)
    __aeabi_errno_addr                       0x08001099   Thumb Code     4  errno.o(i.__aeabi_errno_addr)
    __rt_errno_addr                          0x08001099   Thumb Code     0  errno.o(i.__aeabi_errno_addr)
    __scatterload_copy                       0x080010a1   Thumb Code    14  handlers.o(i.__scatterload_copy)
    __scatterload_null                       0x080010af   Thumb Code     2  handlers.o(i.__scatterload_null)
    __scatterload_zeroinit                   0x080010b1   Thumb Code    14  handlers.o(i.__scatterload_zeroinit)
    _shell_write                             0x08001973   Thumb Code    28  main.o(i._shell_write)
    agencyshellRun                           0x080019d5   Thumb Code    32  shell_cmd_list.o(i.agencyshellRun)
    borad_init                               0x08001c99   Thumb Code    44  main.o(i.borad_init)
    cmd_add                                  0x08001cc5   Thumb Code    76  add.o(i.cmd_add)
    cmd_helloworld                           0x08001d41   Thumb Code    82  helloworld.o(i.cmd_helloworld)
    cmd_mem                                  0x08001dd1   Thumb Code    52  mem.o(i.cmd_mem)
    cmd_printlog                             0x08001e21   Thumb Code    82  printlog.o(i.cmd_printlog)
    elog_get_filter_tag_lvl                  0x08001ec1   Thumb Code   172  elog.o(i.elog_get_filter_tag_lvl)
    elog_init                                0x08001fb9   Thumb Code    70  elog.o(i.elog_init)
    elog_output                              0x08002005   Thumb Code   796  elog.o(i.elog_output)
    elog_output_lock                         0x0800239d   Thumb Code    34  elog.o(i.elog_output_lock)
    elog_output_lock_enabled                 0x080023c5   Thumb Code    60  elog.o(i.elog_output_lock_enabled)
    elog_output_unlock                       0x08002405   Thumb Code    34  elog.o(i.elog_output_unlock)
    elog_port_get_p_info                     0x0800242d   Thumb Code     4  elog_port.o(i.elog_port_get_p_info)
    elog_port_get_t_info                     0x0800243d   Thumb Code     4  elog_port.o(i.elog_port_get_t_info)
    elog_port_get_time                       0x08002449   Thumb Code     4  elog_port.o(i.elog_port_get_time)
    elog_port_init                           0x08002459   Thumb Code     4  elog_port.o(i.elog_port_init)
    elog_port_output                         0x0800245d   Thumb Code    24  elog_port.o(i.elog_port_output)
    elog_port_output_lock                    0x0800247d   Thumb Code     4  elog_port.o(i.elog_port_output_lock)
    elog_port_output_unlock                  0x08002481   Thumb Code     4  elog_port.o(i.elog_port_output_unlock)
    elog_set_filter_lvl                      0x08002485   Thumb Code    74  elog.o(i.elog_set_filter_lvl)
    elog_set_fmt                             0x0800256d   Thumb Code    78  elog.o(i.elog_set_fmt)
    elog_set_output_enabled                  0x08002611   Thumb Code    80  elog.o(i.elog_set_output_enabled)
    elog_start                               0x080026c1   Thumb Code    44  elog.o(i.elog_start)
    elog_strcpy                              0x08002729   Thumb Code   156  elog_utils.o(i.elog_strcpy)
    fputc                                    0x08002801   Thumb Code    18  fputc.o(i.fputc)
    free                                     0x08002813   Thumb Code    12  malloc.o(i.free)
    main                                     0x08002949   Thumb Code    78  main.o(i.main)
    malloc                                   0x080029b1   Thumb Code    12  malloc.o(i.malloc)
    mem_free                                 0x08002a29   Thumb Code    16  mem_mgnt.o(i.mem_free)
    mem_init                                 0x08002a3d   Thumb Code    28  mem_mgnt.o(i.mem_init)
    mem_malloc                               0x08002a61   Thumb Code    16  mem_mgnt.o(i.mem_malloc)
    rb8_empty                                0x08002ac5   Thumb Code    18  ringbuffer8.o(i.rb8_empty)
    rb8_full                                 0x08002ad7   Thumb Code    24  ringbuffer8.o(i.rb8_full)
    rb8_get                                  0x08002aef   Thumb Code    52  ringbuffer8.o(i.rb8_get)
    rb8_new                                  0x08002b23   Thumb Code    12  ringbuffer8.o(i.rb8_new)
    rb8_put                                  0x08002b2f   Thumb Code    42  ringbuffer8.o(i.rb8_put)
    shellBackspace                           0x08002c49   Thumb Code    14  shell.o(i.shellBackspace)
    shellCheckPermission                     0x08002c9d   Thumb Code    54  shell.o(i.shellCheckPermission)
    shellClear                               0x08002cd5   Thumb Code    22  shell.o(i.shellClear)
    shellClearCommandLine                    0x08002cf1   Thumb Code    40  shell.o(i.shellClearCommandLine)
    shellCmds                                0x08002d19   Thumb Code    18  shell.o(i.shellCmds)
    shellDelete                              0x08002d2b   Thumb Code    16  shell.o(i.shellDelete)
    shellDeleteByte                          0x08002d3b   Thumb Code   218  shell.o(i.shellDeleteByte)
    shellDeleteCommandLine                   0x08002e15   Thumb Code    28  shell.o(i.shellDeleteCommandLine)
    shellDown                                0x08002e35   Thumb Code    16  shell.o(i.shellDown)
    shellEnter                               0x08002e45   Thumb Code    20  shell.o(i.shellEnter)
    shellExec                                0x08002e59   Thumb Code   110  shell.o(i.shellExec)
    shellExtParsePara                        0x08003057   Thumb Code    86  shell_ext.o(i.shellExtParsePara)
    shellExtRun                              0x0800311b   Thumb Code   894  shell_ext.o(i.shellExtRun)
    shellGetCurrent                          0x08003551   Thumb Code    48  shell.o(i.shellGetCurrent)
    shellGetVarValue                         0x08003585   Thumb Code    84  shell.o(i.shellGetVarValue)
    shellHandler                             0x080035d9   Thumb Code   236  shell.o(i.shellHandler)
    shellHelp                                0x080036c9   Thumb Code    44  shell.o(i.shellHelp)
    shellInit                                0x08003831   Thumb Code   140  shell.o(i.shellInit)
    shellInsertByte                          0x080038c9   Thumb Code   214  shell.o(i.shellInsertByte)
    shellKeys                                0x080039a5   Thumb Code    18  shell.o(i.shellKeys)
    shellLeft                                0x080039b7   Thumb Code    26  shell.o(i.shellLeft)
    shellListAll                             0x080039d1   Thumb Code    12  shell.o(i.shellListAll)
    shellListCommand                         0x080039dd   Thumb Code    70  shell.o(i.shellListCommand)
    shellListItem                            0x08003a29   Thumb Code   194  shell.o(i.shellListItem)
    shellListKey                             0x08003af9   Thumb Code    84  shell.o(i.shellListKey)
    shellListUser                            0x08003b51   Thumb Code    84  shell.o(i.shellListUser)
    shellListVar                             0x08003ba9   Thumb Code    84  shell.o(i.shellListVar)
    shellNormalInput                         0x08003c01   Thumb Code    28  shell.o(i.shellNormalInput)
    shellPrint                               0x08003cb3   Thumb Code    50  shell.o(i.shellPrint)
    shellRight                               0x08003d4f   Thumb Code    30  shell.o(i.shellRight)
    shellRun                                 0x08003d6d   Thumb Code    88  shell.o(i.shellRun)
    shellRunCommand                          0x08003dc9   Thumb Code   178  shell.o(i.shellRunCommand)
    shellSeekCommand                         0x08003e7b   Thumb Code   122  shell.o(i.shellSeekCommand)
    shellSetVar                              0x08003f45   Thumb Code   106  shell.o(i.shellSetVar)
    shellSetVarValue                         0x08003fb5   Thumb Code   140  shell.o(i.shellSetVarValue)
    shellTab                                 0x08004149   Thumb Code   266  shell.o(i.shellTab)
    shellToDec                               0x08004259   Thumb Code    86  shell.o(i.shellToDec)
    shellToHex                               0x080042af   Thumb Code    56  shell.o(i.shellToHex)
    shellUp                                  0x080042e7   Thumb Code    14  shell.o(i.shellUp)
    shellUsers                               0x080042f5   Thumb Code    18  shell.o(i.shellUsers)
    shellVars                                0x08004307   Thumb Code    18  shell.o(i.shellVars)
    shellWriteString                         0x080044ed   Thumb Code    52  shell.o(i.shellWriteString)
    test_elog                                0x08004521   Thumb Code   124  elog_mgnt.o(i.test_elog)
    tlsf_add_pool                            0x080045b9   Thumb Code   154  tlsf.o(i.tlsf_add_pool)
    tlsf_create                              0x080046c9   Thumb Code    40  tlsf.o(i.tlsf_create)
    tlsf_create_with_pool                    0x08004725   Thumb Code    46  tlsf.o(i.tlsf_create_with_pool)
    tlsf_free                                0x08004781   Thumb Code    60  tlsf.o(i.tlsf_free)
    tlsf_malloc                              0x080047bd   Thumb Code    44  tlsf.o(i.tlsf_malloc)
    tlsf_pool_overhead                       0x080047e9   Thumb Code     4  tlsf.o(i.tlsf_pool_overhead)
    tlsf_size                                0x080047ed   Thumb Code     6  tlsf.o(i.tlsf_size)
    usart_callback_register                  0x080047f5   Thumb Code     6  console_usart.o(i.usart_callback_register)
    usart_init                               0x08004801   Thumb Code    16  console_usart.o(i.usart_init)
    usart_irq_init                           0x08004811   Thumb Code    44  console_usart.o(i.usart_irq_init)
    usart_lowlevel_init                      0x08004841   Thumb Code    58  console_usart.o(i.usart_lowlevel_init)
    usart_pin_init                           0x08004881   Thumb Code    60  console_usart.o(i.usart_pin_init)
    usart_send_byte                          0x080048e1   Thumb Code    28  console_usart.o(i.usart_send_byte)
    xPortSysTickHandler                      0x08004901   Thumb Code    46  port.o(i.xPortSysTickHandler)
    xTaskIncrementTick                       0x08004935   Thumb Code   356  tasks.o(i.xTaskIncrementTick)
    shellCommandList                         0x08004ac4   Data         368  shell_cmd_list.o(.constdata)
    shellCommandCount                        0x08004c34   Data           2  shell_cmd_list.o(.constdata)
    __ctype_table                            0x08004d0a   Data         129  ctype_o.o(.constdata)
    Region$$Table$$Base                      0x080051e8   Number         0  anon$$obj.o(Region$$Table)
    Region$$Table$$Limit                     0x08005208   Number         0  anon$$obj.o(Region$$Table)
    elog_assert_hook                         0x2000008c   Data           4  elog.o(.data)
    pxCurrentTCB                             0x20000090   Data           4  tasks.o(.data)
    uxTopUsedPriority                        0x200000c8   Data           4  tasks.o(.data)
    __stdout                                 0x200000d0   Data           4  stdout.o(.data)
    __initial_sp                             0x20003168   Data           0  startup_stm32f10x_md.o(STACK)



==============================================================================

Memory Map of the image

  Image Entry point : 0x080000ed

  Load Region LR_IROM1 (Base: 0x08000000, Size: 0x000052e0, Max: 0x00010000, ABSOLUTE)

    Execution Region ER_IROM1 (Exec base: 0x08000000, Load base: 0x08000000, Size: 0x00005208, Max: 0x00010000, ABSOLUTE)

    Exec Addr    Load Addr    Size         Type   Attr      Idx    E Section Name        Object

    0x08000000   0x08000000   0x000000ec   Data   RO           19    RESET               startup_stm32f10x_md.o
    0x080000ec   0x080000ec   0x00000000   Code   RO         5670  * .ARM.Collect$$$$00000000  mc_w.l(entry.o)
    0x080000ec   0x080000ec   0x00000004   Code   RO         5962    .ARM.Collect$$$$00000001  mc_w.l(entry2.o)
    0x080000f0   0x080000f0   0x00000004   Code   RO         5965    .ARM.Collect$$$$00000004  mc_w.l(entry5.o)
    0x080000f4   0x080000f4   0x00000000   Code   RO         5967    .ARM.Collect$$$$00000008  mc_w.l(entry7b.o)
    0x080000f4   0x080000f4   0x00000000   Code   RO         5969    .ARM.Collect$$$$0000000A  mc_w.l(entry8b.o)
    0x080000f4   0x080000f4   0x00000008   Code   RO         5970    .ARM.Collect$$$$0000000B  mc_w.l(entry9a.o)
    0x080000fc   0x080000fc   0x00000000   Code   RO         5972    .ARM.Collect$$$$0000000D  mc_w.l(entry10a.o)
    0x080000fc   0x080000fc   0x00000000   Code   RO         5974    .ARM.Collect$$$$0000000F  mc_w.l(entry11a.o)
    0x080000fc   0x080000fc   0x00000004   Code   RO         5963    .ARM.Collect$$$$00002712  mc_w.l(entry2.o)
    0x08000100   0x08000100   0x00000024   Code   RO           20    .text               startup_stm32f10x_md.o
    0x08000124   0x08000124   0x00000024   Code   RO         5675    .text               mc_w.l(memseta.o)
    0x08000148   0x08000148   0x00000024   Code   RO         5677    .text               mc_w.l(strstr.o)
    0x0800016c   0x0800016c   0x0000000e   Code   RO         5681    .text               mc_w.l(strlen.o)
    0x0800017a   0x0800017a   0x0000001c   Code   RO         5683    .text               mc_w.l(strcmp.o)
    0x08000196   0x08000196   0x0000001e   Code   RO         5687    .text               mc_w.l(strncmp.o)
    0x080001b4   0x080001b4   0x0000001a   Code   RO         5952    .text               mc_w.l(atoi.o)
    0x080001ce   0x080001ce   0x00000064   Code   RO         5954    .text               mf_w.l(fmul.o)
    0x08000232   0x08000232   0x0000007c   Code   RO         5956    .text               mf_w.l(fdiv.o)
    0x080002ae   0x080002ae   0x00000012   Code   RO         5958    .text               mf_w.l(fflti.o)
    0x080002c0   0x080002c0   0x0000000a   Code   RO         5960    .text               mf_w.l(ffltui.o)
    0x080002ca   0x080002ca   0x0000002c   Code   RO         5979    .text               mc_w.l(uidiv.o)
    0x080002f6   0x080002f6   0x00000062   Code   RO         5981    .text               mc_w.l(uldiv.o)
    0x08000358   0x08000358   0x00000070   Code   RO         5990    .text               mc_w.l(strtol.o)
    0x080003c8   0x080003c8   0x00000000   Code   RO         5992    .text               mc_w.l(iusefp.o)
    0x080003c8   0x080003c8   0x0000006e   Code   RO         5993    .text               mf_w.l(fepilogue.o)
    0x08000436   0x08000436   0x0000014e   Code   RO         5995    .text               mf_w.l(dadd.o)
    0x08000584   0x08000584   0x000000e4   Code   RO         5997    .text               mf_w.l(dmul.o)
    0x08000668   0x08000668   0x000000de   Code   RO         5999    .text               mf_w.l(ddiv.o)
    0x08000746   0x08000746   0x00000030   Code   RO         6001    .text               mf_w.l(dfixul.o)
    0x08000776   0x08000776   0x00000002   PAD
    0x08000778   0x08000778   0x00000030   Code   RO         6003    .text               mf_w.l(cdrcmple.o)
    0x080007a8   0x080007a8   0x00000024   Code   RO         6005    .text               mc_w.l(init.o)
    0x080007cc   0x080007cc   0x00000000   Code   RO         6007    .text               mc_w.l(semi.o)
    0x080007cc   0x080007cc   0x0000001e   Code   RO         6008    .text               mc_w.l(llshl.o)
    0x080007ea   0x080007ea   0x00000020   Code   RO         6010    .text               mc_w.l(llushr.o)
    0x0800080a   0x0800080a   0x00000024   Code   RO         6012    .text               mc_w.l(llsshr.o)
    0x0800082e   0x0800082e   0x00000002   PAD
    0x08000830   0x08000830   0x00000008   Code   RO         6014    .text               mc_w.l(ctype_o.o)
    0x08000838   0x08000838   0x0000009e   Code   RO         6042    .text               mc_w.l(_strtoul.o)
    0x080008d6   0x080008d6   0x00000000   Code   RO         6044    .text               mc_w.l(iusesemip.o)
    0x080008d6   0x080008d6   0x000000ba   Code   RO         6045    .text               mf_w.l(depilogue.o)
    0x08000990   0x08000990   0x0000001c   Code   RO         6047    .text               mc_w.l(_chval.o)
    0x080009ac   0x080009ac   0x00000004   Code   RO         3583    i.BusFault_Handler  stm32f10x_it.o
    0x080009b0   0x080009b0   0x00000002   Code   RO         3584    i.DebugMon_Handler  stm32f10x_it.o
    0x080009b2   0x080009b2   0x00000116   Code   RO         1347    i.GPIO_Init         stm32f10x_gpio.o
    0x08000ac8   0x08000ac8   0x00000004   Code   RO         1354    i.GPIO_ResetBits    stm32f10x_gpio.o
    0x08000acc   0x08000acc   0x00000004   Code   RO         1355    i.GPIO_SetBits      stm32f10x_gpio.o
    0x08000ad0   0x08000ad0   0x00000004   Code   RO         3585    i.HardFault_Handler  stm32f10x_it.o
    0x08000ad4   0x08000ad4   0x00000034   Code   RO         3241    i.LED_Init          led.o
    0x08000b08   0x08000b08   0x00000010   Code   RO         3243    i.LED_ON            led.o
    0x08000b18   0x08000b18   0x00000004   Code   RO         3586    i.MemManage_Handler  stm32f10x_it.o
    0x08000b1c   0x08000b1c   0x00000002   Code   RO         3587    i.NMI_Handler       stm32f10x_it.o
    0x08000b1e   0x08000b1e   0x00000002   PAD
    0x08000b20   0x08000b20   0x00000070   Code   RO          137    i.NVIC_Init         misc.o
    0x08000b90   0x08000b90   0x00000014   Code   RO          138    i.NVIC_PriorityGroupConfig  misc.o
    0x08000ba4   0x08000ba4   0x00000020   Code   RO         1777    i.RCC_APB2PeriphClockCmd  stm32f10x_rcc.o
    0x08000bc4   0x08000bc4   0x000000d4   Code   RO         1785    i.RCC_GetClocksFreq  stm32f10x_rcc.o
    0x08000c98   0x08000c98   0x00000008   Code   RO           24    i.SetSysClock       system_stm32f10x.o
    0x08000ca0   0x08000ca0   0x000000e0   Code   RO           25    i.SetSysClockTo72   system_stm32f10x.o
    0x08000d80   0x08000d80   0x00000008   Code   RO         3588    i.SysTick_Handler   stm32f10x_it.o
    0x08000d88   0x08000d88   0x00000060   Code   RO           27    i.SystemInit        system_stm32f10x.o
    0x08000de8   0x08000de8   0x0000003c   Code   RO         3430    i.USART1_IRQHandler  console_usart.o
    0x08000e24   0x08000e24   0x0000001e   Code   RO         2957    i.USART_ClearITPendingBit  stm32f10x_usart.o
    0x08000e42   0x08000e42   0x00000018   Code   RO         2960    i.USART_Cmd         stm32f10x_usart.o
    0x08000e5a   0x08000e5a   0x0000001a   Code   RO         2963    i.USART_GetFlagStatus  stm32f10x_usart.o
    0x08000e74   0x08000e74   0x00000054   Code   RO         2964    i.USART_GetITStatus  stm32f10x_usart.o
    0x08000ec8   0x08000ec8   0x0000004a   Code   RO         2966    i.USART_ITConfig    stm32f10x_usart.o
    0x08000f12   0x08000f12   0x00000002   PAD
    0x08000f14   0x08000f14   0x000000d8   Code   RO         2967    i.USART_Init        stm32f10x_usart.o
    0x08000fec   0x08000fec   0x0000000a   Code   RO         2974    i.USART_ReceiveData  stm32f10x_usart.o
    0x08000ff6   0x08000ff6   0x00000008   Code   RO         2977    i.USART_SendData    stm32f10x_usart.o
    0x08000ffe   0x08000ffe   0x00000018   Code   RO         2983    i.USART_StructInit  stm32f10x_usart.o
    0x08001016   0x08001016   0x00000004   Code   RO         3589    i.UsageFault_Handler  stm32f10x_it.o
    0x0800101a   0x0800101a   0x00000002   PAD
    0x0800101c   0x0800101c   0x00000020   Code   RO         5924    i.__0printf         mc_w.l(printfa.o)
    0x0800103c   0x0800103c   0x00000030   Code   RO         5925    i.__0snprintf       mc_w.l(printfa.o)
    0x0800106c   0x0800106c   0x0000002c   Code   RO         5929    i.__0vsnprintf      mc_w.l(printfa.o)
    0x08001098   0x08001098   0x00000008   Code   RO         5983    i.__aeabi_errno_addr  mc_w.l(errno.o)
    0x080010a0   0x080010a0   0x0000000e   Code   RO         6051    i.__scatterload_copy  mc_w.l(handlers.o)
    0x080010ae   0x080010ae   0x00000002   Code   RO         6052    i.__scatterload_null  mc_w.l(handlers.o)
    0x080010b0   0x080010b0   0x0000000e   Code   RO         6053    i.__scatterload_zeroinit  mc_w.l(handlers.o)
    0x080010be   0x080010be   0x00000002   PAD
    0x080010c0   0x080010c0   0x00000184   Code   RO         5931    i._fp_digits        mc_w.l(printfa.o)
    0x08001244   0x08001244   0x000006dc   Code   RO         5932    i._printf_core      mc_w.l(printfa.o)
    0x08001920   0x08001920   0x00000024   Code   RO         5933    i._printf_post_padding  mc_w.l(printfa.o)
    0x08001944   0x08001944   0x0000002e   Code   RO         5934    i._printf_pre_padding  mc_w.l(printfa.o)
    0x08001972   0x08001972   0x0000001c   Code   RO         3485    i._shell_write      main.o
    0x0800198e   0x0800198e   0x00000016   Code   RO         5935    i._snputc           mc_w.l(printfa.o)
    0x080019a4   0x080019a4   0x00000030   Code   RO         4261    i.adjust_request_size  tlsf.o
    0x080019d4   0x080019d4   0x00000020   Code   RO         4138    i.agencyshellRun    shell_cmd_list.o
    0x080019f4   0x080019f4   0x0000000a   Code   RO         4262    i.align_down        tlsf.o
    0x080019fe   0x080019fe   0x0000000c   Code   RO         4264    i.align_up          tlsf.o
    0x08001a0a   0x08001a0a   0x0000001e   Code   RO         4265    i.block_absorb      tlsf.o
    0x08001a28   0x08001a28   0x0000001c   Code   RO         4266    i.block_can_split   tlsf.o
    0x08001a44   0x08001a44   0x00000008   Code   RO         4267    i.block_from_ptr    tlsf.o
    0x08001a4c   0x08001a4c   0x00000024   Code   RO         4268    i.block_insert      tlsf.o
    0x08001a70   0x08001a70   0x0000000a   Code   RO         4269    i.block_is_free     tlsf.o
    0x08001a7a   0x08001a7a   0x0000000a   Code   RO         4271    i.block_is_prev_free  tlsf.o
    0x08001a84   0x08001a84   0x00000012   Code   RO         4272    i.block_link_next   tlsf.o
    0x08001a96   0x08001a96   0x0000003e   Code   RO         4273    i.block_locate_free  tlsf.o
    0x08001ad4   0x08001ad4   0x0000001a   Code   RO         4274    i.block_mark_as_free  tlsf.o
    0x08001aee   0x08001aee   0x0000001a   Code   RO         4275    i.block_mark_as_used  tlsf.o
    0x08001b08   0x08001b08   0x0000002c   Code   RO         4276    i.block_merge_next  tlsf.o
    0x08001b34   0x08001b34   0x0000002e   Code   RO         4277    i.block_merge_prev  tlsf.o
    0x08001b62   0x08001b62   0x00000024   Code   RO         4278    i.block_next        tlsf.o
    0x08001b86   0x08001b86   0x0000002c   Code   RO         4279    i.block_prepare_used  tlsf.o
    0x08001bb2   0x08001bb2   0x00000006   Code   RO         4280    i.block_prev        tlsf.o
    0x08001bb8   0x08001bb8   0x00000024   Code   RO         4281    i.block_remove      tlsf.o
    0x08001bdc   0x08001bdc   0x0000000a   Code   RO         4282    i.block_set_free    tlsf.o
    0x08001be6   0x08001be6   0x0000000a   Code   RO         4283    i.block_set_prev_free  tlsf.o
    0x08001bf0   0x08001bf0   0x0000000a   Code   RO         4284    i.block_set_prev_used  tlsf.o
    0x08001bfa   0x08001bfa   0x0000000c   Code   RO         4285    i.block_set_size    tlsf.o
    0x08001c06   0x08001c06   0x0000000a   Code   RO         4286    i.block_set_used    tlsf.o
    0x08001c10   0x08001c10   0x0000000a   Code   RO         4287    i.block_size        tlsf.o
    0x08001c1a   0x08001c1a   0x0000003e   Code   RO         4288    i.block_split       tlsf.o
    0x08001c58   0x08001c58   0x00000008   Code   RO         4289    i.block_to_ptr      tlsf.o
    0x08001c60   0x08001c60   0x00000038   Code   RO         4290    i.block_trim_free   tlsf.o
    0x08001c98   0x08001c98   0x0000002c   Code   RO         3486    i.borad_init        main.o
    0x08001cc4   0x08001cc4   0x0000007c   Code   RO         3650    i.cmd_add           add.o
    0x08001d40   0x08001d40   0x00000090   Code   RO         3638    i.cmd_helloworld    helloworld.o
    0x08001dd0   0x08001dd0   0x00000050   Code   RO         3665    i.cmd_mem           mem.o
    0x08001e20   0x08001e20   0x00000068   Code   RO         3741    i.cmd_printlog      printlog.o
    0x08001e88   0x08001e88   0x00000036   Code   RO         4293    i.control_construct  tlsf.o
    0x08001ebe   0x08001ebe   0x00000002   PAD
    0x08001ec0   0x08001ec0   0x000000f8   Code   RO         4706    i.elog_get_filter_tag_lvl  elog.o
    0x08001fb8   0x08001fb8   0x0000004c   Code   RO         4709    i.elog_init         elog.o
    0x08002004   0x08002004   0x00000398   Code   RO         4710    i.elog_output       elog.o
    0x0800239c   0x0800239c   0x00000028   Code   RO         4711    i.elog_output_lock  elog.o
    0x080023c4   0x080023c4   0x00000040   Code   RO         4712    i.elog_output_lock_enabled  elog.o
    0x08002404   0x08002404   0x00000028   Code   RO         4713    i.elog_output_unlock  elog.o
    0x0800242c   0x0800242c   0x00000010   Code   RO         4621    i.elog_port_get_p_info  elog_port.o
    0x0800243c   0x0800243c   0x0000000c   Code   RO         4622    i.elog_port_get_t_info  elog_port.o
    0x08002448   0x08002448   0x00000010   Code   RO         4623    i.elog_port_get_time  elog_port.o
    0x08002458   0x08002458   0x00000004   Code   RO         4624    i.elog_port_init    elog_port.o
    0x0800245c   0x0800245c   0x00000020   Code   RO         4625    i.elog_port_output  elog_port.o
    0x0800247c   0x0800247c   0x00000004   Code   RO         4626    i.elog_port_output_lock  elog_port.o
    0x08002480   0x08002480   0x00000004   Code   RO         4627    i.elog_port_output_unlock  elog_port.o
    0x08002484   0x08002484   0x000000a0   Code   RO         4717    i.elog_set_filter_lvl  elog.o
    0x08002524   0x08002524   0x00000048   Code   RO         4720    i.elog_set_filter_tag_lvl_default  elog.o
    0x0800256c   0x0800256c   0x000000a4   Code   RO         4721    i.elog_set_fmt      elog.o
    0x08002610   0x08002610   0x000000b0   Code   RO         4722    i.elog_set_output_enabled  elog.o
    0x080026c0   0x080026c0   0x00000068   Code   RO         4723    i.elog_start        elog.o
    0x08002728   0x08002728   0x000000d8   Code   RO         4679    i.elog_strcpy       elog_utils.o
    0x08002800   0x08002800   0x00000012   Code   RO         5976    i.fputc             mc_w.l(fputc.o)
    0x08002812   0x08002812   0x0000000c   Code   RO         3723    i.free              malloc.o
    0x0800281e   0x0800281e   0x00000002   PAD
    0x08002820   0x08002820   0x000000ac   Code   RO         4725    i.get_fmt_enabled   elog.o
    0x080028cc   0x080028cc   0x0000001c   Code   RO         4726    i.get_fmt_used_and_enabled_ptr  elog.o
    0x080028e8   0x080028e8   0x0000001c   Code   RO         4727    i.get_fmt_used_and_enabled_u32  elog.o
    0x08002904   0x08002904   0x00000042   Code   RO         4295    i.insert_free_block  tlsf.o
    0x08002946   0x08002946   0x00000002   PAD
    0x08002948   0x08002948   0x00000068   Code   RO         3487    i.main              main.o
    0x080029b0   0x080029b0   0x0000000c   Code   RO         3724    i.malloc            malloc.o
    0x080029bc   0x080029bc   0x0000003a   Code   RO         4297    i.mapping_insert    tlsf.o
    0x080029f6   0x080029f6   0x00000030   Code   RO         4298    i.mapping_search    tlsf.o
    0x08002a26   0x08002a26   0x00000002   PAD
    0x08002a28   0x08002a28   0x00000014   Code   RO         3693    i.mem_free          mem_mgnt.o
    0x08002a3c   0x08002a3c   0x00000024   Code   RO         3694    i.mem_init          mem_mgnt.o
    0x08002a60   0x08002a60   0x00000014   Code   RO         3695    i.mem_malloc        mem_mgnt.o
    0x08002a74   0x08002a74   0x00000018   Code   RO         4202    i.next_head         ringbuffer8.o
    0x08002a8c   0x08002a8c   0x00000006   Code   RO         4299    i.offset_to_block   tlsf.o
    0x08002a92   0x08002a92   0x00000002   PAD
    0x08002a94   0x08002a94   0x00000030   Code   RO         5282    i.prvResetNextTaskUnblockTime  tasks.o
    0x08002ac4   0x08002ac4   0x00000012   Code   RO         4203    i.rb8_empty         ringbuffer8.o
    0x08002ad6   0x08002ad6   0x00000018   Code   RO         4204    i.rb8_full          ringbuffer8.o
    0x08002aee   0x08002aee   0x00000034   Code   RO         4205    i.rb8_get           ringbuffer8.o
    0x08002b22   0x08002b22   0x0000000c   Code   RO         4207    i.rb8_new           ringbuffer8.o
    0x08002b2e   0x08002b2e   0x0000002a   Code   RO         4208    i.rb8_put           ringbuffer8.o
    0x08002b58   0x08002b58   0x00000054   Code   RO         4300    i.remove_free_block  tlsf.o
    0x08002bac   0x08002bac   0x00000072   Code   RO         4301    i.search_suitable_block  tlsf.o
    0x08002c1e   0x08002c1e   0x00000002   PAD
    0x08002c20   0x08002c20   0x00000028   Code   RO         3771    i.shellAdd          shell.o
    0x08002c48   0x08002c48   0x0000000e   Code   RO         3772    i.shellBackspace    shell.o
    0x08002c56   0x08002c56   0x00000002   PAD
    0x08002c58   0x08002c58   0x00000044   Code   RO         3773    i.shellCheckPassword  shell.o
    0x08002c9c   0x08002c9c   0x00000036   Code   RO         3774    i.shellCheckPermission  shell.o
    0x08002cd2   0x08002cd2   0x00000002   PAD
    0x08002cd4   0x08002cd4   0x0000001c   Code   RO         3775    i.shellClear        shell.o
    0x08002cf0   0x08002cf0   0x00000028   Code   RO         3776    i.shellClearCommandLine  shell.o
    0x08002d18   0x08002d18   0x00000012   Code   RO         3777    i.shellCmds         shell.o
    0x08002d2a   0x08002d2a   0x00000010   Code   RO         3778    i.shellDelete       shell.o
    0x08002d3a   0x08002d3a   0x000000da   Code   RO         3779    i.shellDeleteByte   shell.o
    0x08002e14   0x08002e14   0x00000020   Code   RO         3780    i.shellDeleteCommandLine  shell.o
    0x08002e34   0x08002e34   0x00000010   Code   RO         3781    i.shellDown         shell.o
    0x08002e44   0x08002e44   0x00000014   Code   RO         3782    i.shellEnter        shell.o
    0x08002e58   0x08002e58   0x00000078   Code   RO         3783    i.shellExec         shell.o
    0x08002ed0   0x08002ed0   0x00000058   Code   RO         4154    i.shellExtNumType   shell_ext.o
    0x08002f28   0x08002f28   0x00000046   Code   RO         4155    i.shellExtParseChar  shell_ext.o
    0x08002f6e   0x08002f6e   0x000000e8   Code   RO         4156    i.shellExtParseNumber  shell_ext.o
    0x08003056   0x08003056   0x00000056   Code   RO         4157    i.shellExtParsePara  shell_ext.o
    0x080030ac   0x080030ac   0x0000004a   Code   RO         4158    i.shellExtParseString  shell_ext.o
    0x080030f6   0x080030f6   0x00000024   Code   RO         4159    i.shellExtParseVar  shell_ext.o
    0x0800311a   0x0800311a   0x0000037e   Code   RO         4160    i.shellExtRun       shell_ext.o
    0x08003498   0x08003498   0x00000036   Code   RO         4161    i.shellExtToNum     shell_ext.o
    0x080034ce   0x080034ce   0x00000030   Code   RO         3784    i.shellGetCommandDesc  shell.o
    0x080034fe   0x080034fe   0x00000002   PAD
    0x08003500   0x08003500   0x00000050   Code   RO         3785    i.shellGetCommandName  shell.o
    0x08003550   0x08003550   0x00000034   Code   RO         3786    i.shellGetCurrent   shell.o
    0x08003584   0x08003584   0x00000054   Code   RO         3787    i.shellGetVarValue  shell.o
    0x080035d8   0x080035d8   0x000000f0   Code   RO         3788    i.shellHandler      shell.o
    0x080036c8   0x080036c8   0x0000002c   Code   RO         3789    i.shellHelp         shell.o
    0x080036f4   0x080036f4   0x000000c2   Code   RO         3790    i.shellHistory      shell.o
    0x080037b6   0x080037b6   0x0000007a   Code   RO         3791    i.shellHistoryAdd   shell.o
    0x08003830   0x08003830   0x00000098   Code   RO         3792    i.shellInit         shell.o
    0x080038c8   0x080038c8   0x000000dc   Code   RO         3793    i.shellInsertByte   shell.o
    0x080039a4   0x080039a4   0x00000012   Code   RO         3794    i.shellKeys         shell.o
    0x080039b6   0x080039b6   0x0000001a   Code   RO         3795    i.shellLeft         shell.o
    0x080039d0   0x080039d0   0x0000000c   Code   RO         3796    i.shellListAll      shell.o
    0x080039dc   0x080039dc   0x0000004c   Code   RO         3797    i.shellListCommand  shell.o
    0x08003a28   0x08003a28   0x000000d0   Code   RO         3798    i.shellListItem     shell.o
    0x08003af8   0x08003af8   0x00000058   Code   RO         3799    i.shellListKey      shell.o
    0x08003b50   0x08003b50   0x00000058   Code   RO         3800    i.shellListUser     shell.o
    0x08003ba8   0x08003ba8   0x00000058   Code   RO         3801    i.shellListVar      shell.o
    0x08003c00   0x08003c00   0x0000001c   Code   RO         3802    i.shellNormalInput  shell.o
    0x08003c1c   0x08003c1c   0x00000096   Code   RO         3803    i.shellParserParam  shell.o
    0x08003cb2   0x08003cb2   0x00000032   Code   RO         3804    i.shellPrint        shell.o
    0x08003ce4   0x08003ce4   0x0000006a   Code   RO         3806    i.shellRemoveParamQuotes  shell.o
    0x08003d4e   0x08003d4e   0x0000001e   Code   RO         3807    i.shellRight        shell.o
    0x08003d6c   0x08003d6c   0x0000005c   Code   RO         3808    i.shellRun          shell.o
    0x08003dc8   0x08003dc8   0x000000b2   Code   RO         3809    i.shellRunCommand   shell.o
    0x08003e7a   0x08003e7a   0x0000007a   Code   RO         3810    i.shellSeekCommand  shell.o
    0x08003ef4   0x08003ef4   0x00000050   Code   RO         3811    i.shellSetUser      shell.o
    0x08003f44   0x08003f44   0x00000070   Code   RO         3812    i.shellSetVar       shell.o
    0x08003fb4   0x08003fb4   0x00000090   Code   RO         3813    i.shellSetVarValue  shell.o
    0x08004044   0x08004044   0x000000c0   Code   RO         3814    i.shellShowVar      shell.o
    0x08004104   0x08004104   0x0000002c   Code   RO         3815    i.shellStringCompare  shell.o
    0x08004130   0x08004130   0x00000018   Code   RO         3816    i.shellStringCopy   shell.o
    0x08004148   0x08004148   0x00000110   Code   RO         3817    i.shellTab          shell.o
    0x08004258   0x08004258   0x00000056   Code   RO         3819    i.shellToDec        shell.o
    0x080042ae   0x080042ae   0x00000038   Code   RO         3820    i.shellToHex        shell.o
    0x080042e6   0x080042e6   0x0000000e   Code   RO         3821    i.shellUp           shell.o
    0x080042f4   0x080042f4   0x00000012   Code   RO         3822    i.shellUsers        shell.o
    0x08004306   0x08004306   0x00000012   Code   RO         3823    i.shellVars         shell.o
    0x08004318   0x08004318   0x00000010   Code   RO         3824    i.shellWriteByte    shell.o
    0x08004328   0x08004328   0x00000064   Code   RO         3825    i.shellWriteCommandDesc  shell.o
    0x0800438c   0x0800438c   0x0000006c   Code   RO         3826    i.shellWriteCommandHelp  shell.o
    0x080043f8   0x080043f8   0x00000068   Code   RO         3827    i.shellWritePrompt  shell.o
    0x08004460   0x08004460   0x0000008c   Code   RO         3828    i.shellWriteReturnValue  shell.o
    0x080044ec   0x080044ec   0x00000034   Code   RO         3829    i.shellWriteString  shell.o
    0x08004520   0x08004520   0x00000098   Code   RO         3754    i.test_elog         elog_mgnt.o
    0x080045b8   0x080045b8   0x00000110   Code   RO         4302    i.tlsf_add_pool     tlsf.o
    0x080046c8   0x080046c8   0x0000005c   Code   RO         4310    i.tlsf_create       tlsf.o
    0x08004724   0x08004724   0x0000002e   Code   RO         4311    i.tlsf_create_with_pool  tlsf.o
    0x08004752   0x08004752   0x00000018   Code   RO         4313    i.tlsf_ffs          tlsf.o
    0x0800476a   0x0800476a   0x00000016   Code   RO         4314    i.tlsf_fls          tlsf.o
    0x08004780   0x08004780   0x0000003c   Code   RO         4315    i.tlsf_free         tlsf.o
    0x080047bc   0x080047bc   0x0000002c   Code   RO         4317    i.tlsf_malloc       tlsf.o
    0x080047e8   0x080047e8   0x00000004   Code   RO         4319    i.tlsf_pool_overhead  tlsf.o
    0x080047ec   0x080047ec   0x00000006   Code   RO         4322    i.tlsf_size         tlsf.o
    0x080047f2   0x080047f2   0x00000002   PAD
    0x080047f4   0x080047f4   0x0000000c   Code   RO         3431    i.usart_callback_register  console_usart.o
    0x08004800   0x08004800   0x00000010   Code   RO         3432    i.usart_init        console_usart.o
    0x08004810   0x08004810   0x00000030   Code   RO         3433    i.usart_irq_init    console_usart.o
    0x08004840   0x08004840   0x00000040   Code   RO         3434    i.usart_lowlevel_init  console_usart.o
    0x08004880   0x08004880   0x00000040   Code   RO         3435    i.usart_pin_init    console_usart.o
    0x080048c0   0x080048c0   0x00000020   Code   RO         3488    i.usart_rx_handler  main.o
    0x080048e0   0x080048e0   0x00000020   Code   RO         3436    i.usart_send_byte   console_usart.o
    0x08004900   0x08004900   0x00000034   Code   RO         5589    i.xPortSysTickHandler  port.o
    0x08004934   0x08004934   0x00000190   Code   RO         5317    i.xTaskIncrementTick  tasks.o
    0x08004ac4   0x08004ac4   0x00000172   Data   RO         4139    .constdata          shell_cmd_list.o
    0x08004c36   0x08004c36   0x00000023   Data   RO         4680    .constdata          elog_utils.o
    0x08004c59   0x08004c59   0x000000b1   Data   RO         4729    .constdata          elog.o
    0x08004d0a   0x08004d0a   0x00000081   Data   RO         6015    .constdata          mc_w.l(ctype_o.o)
    0x08004d8b   0x08004d8b   0x00000001   PAD
    0x08004d8c   0x08004d8c   0x00000004   Data   RO         6016    .constdata          mc_w.l(ctype_o.o)
    0x08004d90   0x08004d90   0x000002a5   Data   RO         3831    .conststring        shell.o
    0x08005035   0x08005035   0x00000003   PAD
    0x08005038   0x08005038   0x00000195   Data   RO         4140    .conststring        shell_cmd_list.o
    0x080051cd   0x080051cd   0x00000003   PAD
    0x080051d0   0x080051d0   0x00000017   Data   RO         4730    .conststring        elog.o
    0x080051e7   0x080051e7   0x00000001   PAD
    0x080051e8   0x080051e8   0x00000020   Data   RO         6049    Region$$Table       anon$$obj.o


    Execution Region RW_IRAM1 (Exec base: 0x20000000, Load base: 0x08005208, Size: 0x00003168, Max: 0x00005000, ABSOLUTE)

    Exec Addr    Load Addr    Size         Type   Attr      Idx    E Section Name        Object

    0x20000000   0x08005208   0x00000014   Data   RW         1805    .data               stm32f10x_rcc.o
    0x20000014   0x0800521c   0x00000004   Data   RW         3437    .data               console_usart.o
    0x20000018   0x08005220   0x00000004   Data   RW         3490    .data               main.o
    0x2000001c   0x08005224   0x00000004   Data   RW         3697    .data               mem_mgnt.o
    0x20000020   0x08005228   0x00000054   Data   RW         3832    .data               shell.o
    0x20000074   0x0800527c   0x0000001c   Data   RW         4731    .data               elog.o
    0x20000090   0x08005298   0x00000040   Data   RW         5322    .data               tasks.o
    0x200000d0   0x080052d8   0x00000004   Data   RW         5978    .data               mc_w.l(stdout.o)
    0x200000d4   0x080052dc   0x00000004   Data   RW         5986    .data               mc_w.l(errno.o)
    0x200000d8        -       0x0000020c   Zero   RW         3489    .bss                main.o
    0x200002e4        -       0x00002800   Zero   RW         3696    .bss                mem_mgnt.o
    0x20002ae4        -       0x00000015   Zero   RW         3830    .bss                shell.o
    0x20002af9   0x080052e0   0x00000003   PAD
    0x20002afc        -       0x000001a4   Zero   RW         4728    .bss                elog.o
    0x20002ca0        -       0x000000c8   Zero   RW         5321    .bss                tasks.o
    0x20002d68        -       0x00000400   Zero   RW           17    STACK               startup_stm32f10x_md.o


==============================================================================

Image component sizes


      Code (inc. data)   RO Data    RW Data    ZI Data      Debug   Object Name

       124         48          0          0          0        702   add.o
       296         34          0          4          0       3991   console_usart.o
         0          0          0          0          0       4548   core_cm3.o
      2292        640        200         28        420      16082   elog.o
       152         28          0          0          0        432   elog_mgnt.o
        88         40          0          0          0       6824   elog_port.o
       216         60         35          0          0       2157   elog_utils.o
       144         62          0          0          0        661   helloworld.o
        68         10          0          0          0        860   led.o
       208         32          0          4        524       9287   main.o
        24          0          0          0          0        976   malloc.o
        80         28          0          0          0       1114   mem.o
        76         16          0          4      10240       2447   mem_mgnt.o
       132         22          0          0          0     204835   misc.o
        52          6          0          0          0       3166   port.o
       104         22          0          0          0        615   printlog.o
       172          0          0          0          0       4509   ringbuffer8.o
      4860        234        677         84         21      41651   shell.o
        32          0        775          0          0       1534   shell_cmd_list.o
      1534         16          0          0          0       6330   shell_ext.o
        36          8        236          0       1024        772   startup_stm32f10x_md.o
         0          0          0          0          0       1648   stm32f10x_adc.o
       286          0          0          0          0      11292   stm32f10x_gpio.o
        28          0          0          0          0       2887   stm32f10x_it.o
       244         26          0         20          0      12521   stm32f10x_rcc.o
       496          6          0          0          0      13002   stm32f10x_usart.o
       328         28          0          0          0      24957   system_stm32f10x.o
       448         52          0         64        200      17438   tasks.o
      1724        170          0          0          0      25769   tlsf.o

    ----------------------------------------------------------------------
     14270       1588       1962        208      12432     423007   Object Totals
         0          0         32          0          0          0   (incl. Generated)
        26          0          7          0          3          0   (incl. Padding)

    ----------------------------------------------------------------------

      Code (inc. data)   RO Data    RW Data    ZI Data      Debug   Library Member Name

        28          0          0          0          0         68   _chval.o
       158          0          0          0          0         92   _strtoul.o
        26          0          0          0          0         80   atoi.o
         8          4        133          0          0         68   ctype_o.o
         0          0          0          0          0          0   entry.o
         0          0          0          0          0          0   entry10a.o
         0          0          0          0          0          0   entry11a.o
         8          4          0          0          0          0   entry2.o
         4          0          0          0          0          0   entry5.o
         0          0          0          0          0          0   entry7b.o
         0          0          0          0          0          0   entry8b.o
         8          4          0          0          0          0   entry9a.o
         8          4          0          4          0         68   errno.o
        18          0          0          0          0         80   fputc.o
        30          0          0          0          0          0   handlers.o
        36          8          0          0          0         68   init.o
         0          0          0          0          0          0   iusefp.o
         0          0          0          0          0          0   iusesemip.o
        30          0          0          0          0         68   llshl.o
        36          0          0          0          0         68   llsshr.o
        32          0          0          0          0         68   llushr.o
        36          0          0          0          0        108   memseta.o
      2372         98          0          0          0        684   printfa.o
         0          0          0          0          0          0   semi.o
         0          0          0          4          0          0   stdout.o
        28          0          0          0          0         76   strcmp.o
        14          0          0          0          0         68   strlen.o
        30          0          0          0          0         80   strncmp.o
        36          0          0          0          0         80   strstr.o
       112          0          0          0          0         88   strtol.o
        44          0          0          0          0         80   uidiv.o
        98          0          0          0          0         92   uldiv.o
        48          0          0          0          0         68   cdrcmple.o
       334          0          0          0          0        148   dadd.o
       222          0          0          0          0        100   ddiv.o
       186          0          0          0          0        176   depilogue.o
        48          0          0          0          0         68   dfixul.o
       228          0          0          0          0         96   dmul.o
       124          0          0          0          0         88   fdiv.o
       110          0          0          0          0        168   fepilogue.o
        18          0          0          0          0         68   fflti.o
        10          0          0          0          0         68   ffltui.o
       100          0          0          0          0         76   fmul.o

    ----------------------------------------------------------------------
      4634        122        134          8          0       3208   Library Totals
         6          0          1          0          0          0   (incl. Padding)

    ----------------------------------------------------------------------

      Code (inc. data)   RO Data    RW Data    ZI Data      Debug   Library Name

      3200        122        133          8          0       2084   mc_w.l
      1428          0          0          0          0       1124   mf_w.l

    ----------------------------------------------------------------------
      4634        122        134          8          0       3208   Library Totals

    ----------------------------------------------------------------------

==============================================================================


      Code (inc. data)   RO Data    RW Data    ZI Data      Debug   

     18904       1710       2096        216      12432     414979   Grand Totals
     18904       1710       2096        216      12432     414979   ELF Image Totals
     18904       1710       2096        216          0          0   ROM Totals

==============================================================================

    Total RO  Size (Code + RO Data)                21000 (  20.51kB)
    Total RW  Size (RW Data + ZI Data)             12648 (  12.35kB)
    Total ROM Size (Code + RO Data + RW Data)      21216 (  20.72kB)

==============================================================================

